ARM Linker, 5.03 [Build 76] [MDK-ARM Professional]

==============================================================================

Section Cross References

    stm32f1xx_hal_msp.o(i.HAL_MspInit) refers to stm32f1xx_hal_cortex.o(i.HAL_NVIC_SetPriorityGrouping) for HAL_NVIC_SetPriorityGrouping
    stm32f1xx_hal_msp.o(i.HAL_MspInit) refers to stm32f1xx_hal_cortex.o(i.HAL_NVIC_SetPriority) for HAL_NVIC_SetPriority
    stm32f1xx_it.o(i.SysTick_Handler) refers to stm32f1xx_hal.o(i.HAL_IncTick) for HAL_IncTick
    stm32f1xx_it.o(i.SysTick_Handler) refers to stm32f1xx_hal_cortex.o(i.HAL_SYSTICK_IRQHandler) for HAL_SYSTICK_IRQHandler
    gpio.o(i.MX_GPIO_Init) refers to stm32f1xx_hal_gpio.o(i.HAL_GPIO_WritePin) for HAL_GPIO_WritePin
    gpio.o(i.MX_GPIO_Init) refers to stm32f1xx_hal_gpio.o(i.HAL_GPIO_Init) for HAL_GPIO_Init
    usart.o(i.HAL_UART_MspDeInit) refers to stm32f1xx_hal_gpio.o(i.HAL_GPIO_DeInit) for HAL_GPIO_DeInit
    usart.o(i.HAL_UART_MspInit) refers to stm32f1xx_hal_gpio.o(i.HAL_GPIO_Init) for HAL_GPIO_Init
    usart.o(i.MX_USART1_UART_Init) refers to stm32f1xx_hal_uart.o(i.HAL_UART_Init) for HAL_UART_Init
    usart.o(i.MX_USART1_UART_Init) refers to usart.o(.bss) for huart1
    usart.o(i.MX_USART3_UART_Init) refers to stm32f1xx_hal_uart.o(i.HAL_UART_Init) for HAL_UART_Init
    usart.o(i.MX_USART3_UART_Init) refers to usart.o(.bss) for huart3
    tim.o(i.HAL_TIM_MspPostInit) refers to stm32f1xx_hal_gpio.o(i.HAL_GPIO_Init) for HAL_GPIO_Init
    tim.o(i.MX_TIM16_Init) refers to stm32f1xx_hal_tim.o(i.HAL_TIM_Base_Init) for HAL_TIM_Base_Init
    tim.o(i.MX_TIM16_Init) refers to tim.o(.bss) for htim16
    tim.o(i.MX_TIM17_Init) refers to stm32f1xx_hal_tim.o(i.HAL_TIM_Base_Init) for HAL_TIM_Base_Init
    tim.o(i.MX_TIM17_Init) refers to tim.o(.bss) for htim17
    tim.o(i.MX_TIM1_Init) refers to stm32f1xx_hal_tim.o(i.HAL_TIM_PWM_Init) for HAL_TIM_PWM_Init
    tim.o(i.MX_TIM1_Init) refers to stm32f1xx_hal_tim_ex.o(i.HAL_TIMEx_MasterConfigSynchronization) for HAL_TIMEx_MasterConfigSynchronization
    tim.o(i.MX_TIM1_Init) refers to stm32f1xx_hal_tim_ex.o(i.HAL_TIMEx_ConfigBreakDeadTime) for HAL_TIMEx_ConfigBreakDeadTime
    tim.o(i.MX_TIM1_Init) refers to stm32f1xx_hal_tim.o(i.HAL_TIM_PWM_ConfigChannel) for HAL_TIM_PWM_ConfigChannel
    tim.o(i.MX_TIM1_Init) refers to tim.o(i.HAL_TIM_MspPostInit) for HAL_TIM_MspPostInit
    tim.o(i.MX_TIM1_Init) refers to tim.o(.bss) for htim1
    tim.o(i.MX_TIM3_Init) refers to stm32f1xx_hal_tim.o(i.HAL_TIM_PWM_Init) for HAL_TIM_PWM_Init
    tim.o(i.MX_TIM3_Init) refers to stm32f1xx_hal_tim_ex.o(i.HAL_TIMEx_MasterConfigSynchronization) for HAL_TIMEx_MasterConfigSynchronization
    tim.o(i.MX_TIM3_Init) refers to stm32f1xx_hal_tim.o(i.HAL_TIM_PWM_ConfigChannel) for HAL_TIM_PWM_ConfigChannel
    tim.o(i.MX_TIM3_Init) refers to tim.o(i.HAL_TIM_MspPostInit) for HAL_TIM_MspPostInit
    tim.o(i.MX_TIM3_Init) refers to tim.o(.bss) for htim3
    tim.o(i.MX_TIM4_Init) refers to stm32f1xx_hal_tim.o(i.HAL_TIM_Base_Init) for HAL_TIM_Base_Init
    tim.o(i.MX_TIM4_Init) refers to stm32f1xx_hal_tim.o(i.HAL_TIM_ConfigClockSource) for HAL_TIM_ConfigClockSource
    tim.o(i.MX_TIM4_Init) refers to stm32f1xx_hal_tim_ex.o(i.HAL_TIMEx_MasterConfigSynchronization) for HAL_TIMEx_MasterConfigSynchronization
    tim.o(i.MX_TIM4_Init) refers to tim.o(.bss) for htim4
    main.o(i.ADC1_IRQHandler) refers to stm32f1xx_hal_adc.o(i.HAL_ADC_GetValue) for HAL_ADC_GetValue
    main.o(i.ADC1_IRQHandler) refers to adc.o(.bss) for hadc1
    main.o(i.Check_Button1) refers to stm32f1xx_hal_gpio.o(i.HAL_GPIO_ReadPin) for HAL_GPIO_ReadPin
    main.o(i.SystemClock_Config) refers to stm32f1xx_hal_rcc.o(i.HAL_RCC_OscConfig) for HAL_RCC_OscConfig
    main.o(i.SystemClock_Config) refers to stm32f1xx_hal_rcc.o(i.HAL_RCC_ClockConfig) for HAL_RCC_ClockConfig
    main.o(i.SystemClock_Config) refers to stm32f1xx_hal_rcc_ex.o(i.HAL_RCCEx_PeriphCLKConfig) for HAL_RCCEx_PeriphCLKConfig
    main.o(i.SystemClock_Config) refers to stm32f1xx_hal_rcc.o(i.HAL_RCC_GetHCLKFreq) for HAL_RCC_GetHCLKFreq
    main.o(i.SystemClock_Config) refers to stm32f1xx_hal_cortex.o(i.HAL_SYSTICK_Config) for HAL_SYSTICK_Config
    main.o(i.SystemClock_Config) refers to stm32f1xx_hal_cortex.o(i.HAL_SYSTICK_CLKSourceConfig) for HAL_SYSTICK_CLKSourceConfig
    main.o(i.SystemClock_Config) refers to stm32f1xx_hal_cortex.o(i.HAL_NVIC_SetPriority) for HAL_NVIC_SetPriority
    main.o(i.SystemClock_Config) refers to system_stm32f1xx.o(i.SystemCoreClockUpdate) for SystemCoreClockUpdate
    main.o(i.Vbat_Filter) refers to dfltui.o(.text) for __aeabi_ui2d
    main.o(i.Vbat_Filter) refers to dmul.o(.text) for __aeabi_dmul
    main.o(i.Vbat_Filter) refers to dadd.o(.text) for __aeabi_dadd
    main.o(i.Vbat_Filter) refers to ddiv.o(.text) for __aeabi_ddiv
    main.o(i.Vbat_Filter) refers to dfixui.o(.text) for __aeabi_d2uiz
    main.o(i.Vbat_Filter) refers to main.o(.data) for Battery_V
    main.o(i.main) refers to stm32f1xx_hal.o(i.HAL_Init) for HAL_Init
[...]
    fputc.o(i.fputc) refers (Special) to semi.o(.text) for __semihosting_library_function
    uldiv.o(.text) refers to llushr.o(.text) for __aeabi_llsr
    uldiv.o(.text) refers to llshl.o(.text) for __aeabi_llsl
    depilogue.o(.text) refers to llshl.o(.text) for __aeabi_llsl
    depilogue.o(.text) refers to llushr.o(.text) for __aeabi_llsr
    dfixul.o(.text) refers to llushr.o(.text) for __aeabi_llsr
    dfixul.o(.text) refers to llshl.o(.text) for __aeabi_llsl
    init.o(.text) refers to entry5.o(.ARM.Collect$$$$00000004) for __main_after_scatterload


==============================================================================

Removing Unused input sections from the image.

    Removing stm32f1xx_hal_msp.o(.rev16_text), (4 bytes).
    Removing stm32f1xx_hal_msp.o(.revsh_text), (4 bytes).
    Removing stm32f1xx_hal_msp.o(.rrx_text), (6 bytes).
    Removing stm32f1xx_it.o(.rev16_text), (4 bytes).
    Removing stm32f1xx_it.o(.revsh_text), (4 bytes).
    Removing stm32f1xx_it.o(.rrx_text), (6 bytes).
    Removing gpio.o(.rev16_text), (4 bytes).
    Removing gpio.o(.revsh_text), (4 bytes).
    Removing gpio.o(.rrx_text), (6 bytes).
    Removing usart.o(.rev16_text), (4 bytes).
    Removing usart.o(.revsh_text), (4 bytes).
    Removing usart.o(.rrx_text), (6 bytes).
    Removing usart.o(i.HAL_UART_MspDeInit), (88 bytes).
    Removing tim.o(.rev16_text), (4 bytes).
    Removing tim.o(.revsh_text), (4 bytes).
    Removing tim.o(.rrx_text), (6 bytes).
    Removing tim.o(i.HAL_TIM_Base_MspDeInit), (84 bytes).
    Removing tim.o(i.HAL_TIM_PWM_MspDeInit), (56 bytes).
    Removing tim.o(i.MX_TIM4_Init), (68 bytes).
    Removing main.o(.rev16_text), (4 bytes).
    Removing main.o(.revsh_text), (4 bytes).
    Removing main.o(.rrx_text), (6 bytes).
    Removing main.o(i.Check_Button1), (24 bytes).
    Removing main.o(i.Vbat_Filter), (112 bytes).
    Removing main.o(.data), (20 bytes).
    Removing spi.o(.rev16_text), (4 bytes).
    Removing spi.o(.revsh_text), (4 bytes).
    Removing spi.o(.rrx_text), (6 bytes).
    Removing spi.o(i.HAL_SPI_MspDeInit), (48 bytes).
    Removing adc.o(.rev16_text), (4 bytes).
    Removing adc.o(.revsh_text), (4 bytes).
    Removing adc.o(.rrx_text), (6 bytes).
    Removing adc.o(i.HAL_ADC_MspDeInit), (48 bytes).
    Removing st7586s.o(.rev16_text), (4 bytes).
    Removing st7586s.o(.revsh_text), (4 bytes).
    Removing st7586s.o(.rrx_text), (6 bytes).
    Removing st7586s.o(i.Clear), (44 bytes).
    Removing st7586s.o(i.Disp_Brt), (12 bytes).
    Removing st7586s.o(i.Disp_DeInit), (36 bytes).
    Removing st7586s.o(i.Disp_Init), (468 bytes).
    Removing st7586s.o(i.Disp_Set), (44 bytes).
    Removing st7586s.o(i.Full_on), (44 bytes).
    Removing st7586s.o(i.Horizontal_line), (62 bytes).
    Removing st7586s.o(i.Show_Line), (34 bytes).
    Removing st7586s.o(i.Vertical_line), (50 bytes).
    Removing st7586s.o(i.Write), (48 bytes).
    Removing system_stm32f1xx.o(.rev16_text), (4 bytes).
    Removing system_stm32f1xx.o(.revsh_text), (4 bytes).
    Removing system_stm32f1xx.o(.rrx_text), (6 bytes).
    Removing stm32f1xx_hal_pwr.o(.rev16_text), (4 bytes).
    Removing stm32f1xx_hal_pwr.o(.revsh_text), (4 bytes).
    Removing stm32f1xx_hal_pwr.o(.rrx_text), (6 bytes).
    Removing stm32f1xx_hal_pwr.o(i.HAL_PWR_ConfigPVD), (180 bytes).
    Removing stm32f1xx_hal_pwr.o(i.HAL_PWR_DeInit), (28 bytes).
    Removing stm32f1xx_hal_pwr.o(i.HAL_PWR_DisableBkUpAccess), (28 bytes).
    Removing stm32f1xx_hal_pwr.o(i.HAL_PWR_DisablePVD), (24 bytes).
    Removing stm32f1xx_hal_pwr.o(i.HAL_PWR_DisableSEVOnPend), (20 bytes).
    Removing stm32f1xx_hal_pwr.o(i.HAL_PWR_DisableSleepOnExit), (20 bytes).
    Removing stm32f1xx_hal_pwr.o(i.HAL_PWR_DisableWakeUpPin), (28 bytes).
    Removing stm32f1xx_hal_pwr.o(i.HAL_PWR_EnableBkUpAccess), (24 bytes).
    Removing stm32f1xx_hal_pwr.o(i.HAL_PWR_EnablePVD), (24 bytes).
    Removing stm32f1xx_hal_pwr.o(i.HAL_PWR_EnableSEVOnPend), (20 bytes).
    Removing stm32f1xx_hal_pwr.o(i.HAL_PWR_EnableSleepOnExit), (20 bytes).
    Removing stm32f1xx_hal_pwr.o(i.HAL_PWR_EnableWakeUpPin), (28 bytes).
    Removing stm32f1xx_hal_pwr.o(i.HAL_PWR_EnterSLEEPMode), (32 bytes).
    Removing stm32f1xx_hal_pwr.o(i.HAL_PWR_EnterSTANDBYMode), (40 bytes).
    Removing stm32f1xx_hal_pwr.o(i.HAL_PWR_EnterSTOPMode), (84 bytes).
    Removing stm32f1xx_hal_pwr.o(i.HAL_PWR_PVDCallback), (2 bytes).
    Removing stm32f1xx_hal_pwr.o(i.HAL_PWR_PVD_IRQHandler), (32 bytes).
    Removing stm32f1xx_hal_pwr.o(i.PWR_OverloadWfe), (6 bytes).
    Removing stm32f1xx_hal_tim.o(.rev16_text), (4 bytes).
    Removing stm32f1xx_hal_tim.o(.revsh_text), (4 bytes).
    Removing stm32f1xx_hal_tim.o(.rrx_text), (6 bytes).
    Removing stm32f1xx_hal_tim.o(i.HAL_TIM_Base_DeInit), (70 bytes).
    Removing stm32f1xx_hal_tim.o(i.HAL_TIM_Base_GetState), (8 bytes).
    Removing stm32f1xx_hal_tim.o(i.HAL_TIM_Base_MspDeInit), (2 bytes).
    Removing stm32f1xx_hal_tim.o(i.HAL_TIM_Base_MspInit), (2 bytes).
    Removing stm32f1xx_hal_tim.o(i.HAL_TIM_Base_Start), (30 bytes).
    Removing stm32f1xx_hal_tim.o(i.HAL_TIM_Base_Start_DMA), (104 bytes).
    Removing stm32f1xx_hal_tim.o(i.HAL_TIM_Base_Start_IT), (30 bytes).
    Removing stm32f1xx_hal_tim.o(i.HAL_TIM_Base_Stop), (56 bytes).
    Removing stm32f1xx_hal_tim.o(i.HAL_TIM_Base_Stop_DMA), (62 bytes).
    Removing stm32f1xx_hal_tim.o(i.HAL_TIM_Base_Stop_IT), (56 bytes).
    Removing stm32f1xx_hal_tim.o(i.HAL_TIM_ConfigClockSource), (306 bytes).
    Removing stm32f1xx_hal_tim.o(i.HAL_TIM_ConfigOCrefClear), (264 bytes).
    Removing stm32f1xx_hal_tim.o(i.HAL_TIM_ConfigTI1Input), (24 bytes).
    Removing stm32f1xx_hal_tim.o(i.HAL_TIM_DMABurst_ReadStart), (388 bytes).
    Removing stm32f1xx_hal_tim.o(i.HAL_TIM_DMABurst_ReadStop), (128 bytes).
    Removing stm32f1xx_hal_tim.o(i.HAL_TIM_DMABurst_WriteStart), (388 bytes).
    Removing stm32f1xx_hal_tim.o(i.HAL_TIM_DMABurst_WriteStop), (128 bytes).
    Removing stm32f1xx_hal_tim.o(i.HAL_TIM_Encoder_DeInit), (70 bytes).
    Removing stm32f1xx_hal_tim.o(i.HAL_TIM_Encoder_GetState), (8 bytes).
    Removing stm32f1xx_hal_tim.o(i.HAL_TIM_Encoder_Init), (180 bytes).
    Removing stm32f1xx_hal_tim.o(i.HAL_TIM_Encoder_MspDeInit), (2 bytes).
    Removing stm32f1xx_hal_tim.o(i.HAL_TIM_Encoder_MspInit), (2 bytes).
    Removing stm32f1xx_hal_tim.o(i.HAL_TIM_Encoder_Start), (78 bytes).
    Removing stm32f1xx_hal_tim.o(i.HAL_TIM_Encoder_Start_DMA), (328 bytes).
    Removing stm32f1xx_hal_tim.o(i.HAL_TIM_Encoder_Start_IT), (126 bytes).
    Removing stm32f1xx_hal_tim.o(i.HAL_TIM_Encoder_Stop), (104 bytes).
    Removing stm32f1xx_hal_tim.o(i.HAL_TIM_Encoder_Stop_DMA), (152 bytes).
    Removing stm32f1xx_hal_tim.o(i.HAL_TIM_Encoder_Stop_IT), (152 bytes).
    Removing stm32f1xx_hal_tim.o(i.HAL_TIM_ErrorCallback), (2 bytes).
    Removing stm32f1xx_hal_tim.o(i.HAL_TIM_GenerateEvent), (54 bytes).
    Removing stm32f1xx_hal_tim.o(i.HAL_TIM_IC_CaptureCallback), (2 bytes).
    Removing stm32f1xx_hal_tim.o(i.HAL_TIM_IC_ConfigChannel), (224 bytes).
    Removing stm32f1xx_hal_tim.o(i.HAL_TIM_IC_DeInit), (70 bytes).
    Removing stm32f1xx_hal_tim.o(i.HAL_TIM_IC_GetState), (8 bytes).
    Removing stm32f1xx_hal_tim.o(i.HAL_TIM_IC_Init), (52 bytes).
    Removing stm32f1xx_hal_tim.o(i.HAL_TIM_IC_MspDeInit), (2 bytes).
    Removing stm32f1xx_hal_tim.o(i.HAL_TIM_IC_MspInit), (2 bytes).
    Removing stm32f1xx_hal_tim.o(i.HAL_TIM_IC_Start), (32 bytes).
    Removing stm32f1xx_hal_tim.o(i.HAL_TIM_IC_Start_DMA), (268 bytes).
    Removing stm32f1xx_hal_tim.o(i.HAL_TIM_IC_Start_IT), (108 bytes).
    Removing stm32f1xx_hal_tim.o(i.HAL_TIM_IC_Stop), (58 bytes).
    Removing stm32f1xx_hal_tim.o(i.HAL_TIM_IC_Stop_DMA), (140 bytes).
    Removing stm32f1xx_hal_tim.o(i.HAL_TIM_IC_Stop_IT), (134 bytes).
    Removing stm32f1xx_hal_tim.o(i.HAL_TIM_IRQHandler), (406 bytes).
    Removing stm32f1xx_hal_tim.o(i.HAL_TIM_OC_ConfigChannel), (116 bytes).
    Removing stm32f1xx_hal_tim.o(i.HAL_TIM_OC_DeInit), (70 bytes).
    Removing stm32f1xx_hal_tim.o(i.HAL_TIM_OC_DelayElapsedCallback), (2 bytes).
    Removing stm32f1xx_hal_tim.o(i.HAL_TIM_OC_GetState), (8 bytes).
    Removing stm32f1xx_hal_tim.o(i.HAL_TIM_OC_Init), (52 bytes).
    Removing stm32f1xx_hal_tim.o(i.HAL_TIM_OC_MspDeInit), (2 bytes).
    Removing stm32f1xx_hal_tim.o(i.HAL_TIM_OC_MspInit), (2 bytes).
    Removing stm32f1xx_hal_tim.o(i.HAL_TIM_OC_Start), (100 bytes).
    Removing stm32f1xx_hal_tim.o(i.HAL_TIM_OC_Start_DMA), (336 bytes).
    Removing stm32f1xx_hal_tim.o(i.HAL_TIM_OC_Start_IT), (176 bytes).
    Removing stm32f1xx_hal_tim.o(i.HAL_TIM_OC_Stop), (152 bytes).
    Removing stm32f1xx_hal_tim.o(i.HAL_TIM_OC_Stop_DMA), (236 bytes).
    Removing stm32f1xx_hal_tim.o(i.HAL_TIM_OC_Stop_IT), (228 bytes).
    Removing stm32f1xx_hal_tim.o(i.HAL_TIM_OnePulse_ConfigChannel), (286 bytes).
    Removing stm32f1xx_hal_tim.o(i.HAL_TIM_OnePulse_DeInit), (70 bytes).
    Removing stm32f1xx_hal_tim.o(i.HAL_TIM_OnePulse_GetState), (8 bytes).
    Removing stm32f1xx_hal_tim.o(i.HAL_TIM_OnePulse_Init), (76 bytes).
    Removing stm32f1xx_hal_tim.o(i.HAL_TIM_OnePulse_MspDeInit), (2 bytes).
    Removing stm32f1xx_hal_tim.o(i.HAL_TIM_OnePulse_MspInit), (2 bytes).
    Removing stm32f1xx_hal_tim.o(i.HAL_TIM_OnePulse_Start), (100 bytes).
    Removing stm32f1xx_hal_tim.o(i.HAL_TIM_OnePulse_Start_IT), (124 bytes).
    Removing stm32f1xx_hal_tim.o(i.HAL_TIM_OnePulse_Stop), (164 bytes).
    Removing stm32f1xx_hal_tim.o(i.HAL_TIM_OnePulse_Stop_IT), (188 bytes).
    Removing stm32f1xx_hal_tim.o(i.HAL_TIM_PWM_DeInit), (70 bytes).
    Removing stm32f1xx_hal_tim.o(i.HAL_TIM_PWM_GetState), (8 bytes).
    Removing stm32f1xx_hal_tim.o(i.HAL_TIM_PWM_MspDeInit), (2 bytes).
    Removing stm32f1xx_hal_tim.o(i.HAL_TIM_PWM_MspInit), (2 bytes).
    Removing stm32f1xx_hal_tim.o(i.HAL_TIM_PWM_PulseFinishedCallback), (2 bytes).
    Removing stm32f1xx_hal_tim.o(i.HAL_TIM_PWM_Start_DMA), (336 bytes).
    Removing stm32f1xx_hal_tim.o(i.HAL_TIM_PWM_Start_IT), (176 bytes).
    Removing stm32f1xx_hal_tim.o(i.HAL_TIM_PWM_Stop), (160 bytes).
    Removing stm32f1xx_hal_tim.o(i.HAL_TIM_PWM_Stop_DMA), (236 bytes).
    Removing stm32f1xx_hal_tim.o(i.HAL_TIM_PWM_Stop_IT), (228 bytes).
    Removing stm32f1xx_hal_tim.o(i.HAL_TIM_PeriodElapsedCallback), (2 bytes).
    Removing stm32f1xx_hal_tim.o(i.HAL_TIM_ReadCapturedValue), (84 bytes).
    Removing stm32f1xx_hal_tim.o(i.HAL_TIM_SlaveConfigSynchronization), (86 bytes).
    Removing stm32f1xx_hal_tim.o(i.HAL_TIM_SlaveConfigSynchronization_IT), (86 bytes).
    Removing stm32f1xx_hal_tim.o(i.HAL_TIM_TriggerCallback), (2 bytes).
    Removing stm32f1xx_hal_tim.o(i.TIM_DMACaptureCplt), (70 bytes).
    Removing stm32f1xx_hal_tim.o(i.TIM_DMADelayPulseCplt), (70 bytes).
    Removing stm32f1xx_hal_tim.o(i.TIM_DMAError), (20 bytes).
    Removing stm32f1xx_hal_tim.o(i.TIM_DMAPeriodElapsedCplt), (20 bytes).
    Removing stm32f1xx_hal_tim.o(i.TIM_DMATriggerCplt), (20 bytes).
    Removing stm32f1xx_hal_tim.o(i.TIM_ETR_SetConfig), (24 bytes).
    Removing stm32f1xx_hal_tim.o(i.TIM_ITRx_SetConfig), (20 bytes).
    Removing stm32f1xx_hal_tim.o(i.TIM_SlaveTimer_SetConfig), (162 bytes).
    Removing stm32f1xx_hal_tim.o(i.TIM_TI1_ConfigInputStage), (42 bytes).
    Removing stm32f1xx_hal_tim.o(i.TIM_TI1_SetConfig), (116 bytes).
    Removing stm32f1xx_hal_tim.o(i.TIM_TI2_ConfigInputStage), (44 bytes).
    Removing stm32f1xx_hal_tim.o(i.TIM_TI2_SetConfig), (62 bytes).
    Removing stm32f1xx_hal_tim.o(i.TIM_TI3_SetConfig), (60 bytes).
    Removing stm32f1xx_hal_tim.o(i.TIM_TI4_SetConfig), (64 bytes).
    Removing stm32f1xx_hal_cortex.o(.rev16_text), (4 bytes).
    Removing stm32f1xx_hal_cortex.o(.revsh_text), (4 bytes).
    Removing stm32f1xx_hal_cortex.o(.rrx_text), (6 bytes).
    Removing stm32f1xx_hal_cortex.o(i.HAL_NVIC_ClearPendingIRQ), (28 bytes).
    Removing stm32f1xx_hal_cortex.o(i.HAL_NVIC_DisableIRQ), (28 bytes).
    Removing stm32f1xx_hal_cortex.o(i.HAL_NVIC_EnableIRQ), (28 bytes).
    Removing stm32f1xx_hal_cortex.o(i.HAL_NVIC_GetActive), (40 bytes).
    Removing stm32f1xx_hal_cortex.o(i.HAL_NVIC_GetPendingIRQ), (40 bytes).
    Removing stm32f1xx_hal_cortex.o(i.HAL_NVIC_GetPriority), (148 bytes).
    Removing stm32f1xx_hal_cortex.o(i.HAL_NVIC_GetPriorityGrouping), (8 bytes).
    Removing stm32f1xx_hal_cortex.o(i.HAL_NVIC_SetPendingIRQ), (28 bytes).
    Removing stm32f1xx_hal_cortex.o(i.HAL_NVIC_SystemReset), (68 bytes).
    Removing stm32f1xx_hal_rcc.o(.rev16_text), (4 bytes).
    Removing stm32f1xx_hal_rcc.o(.revsh_text), (4 bytes).
    Removing stm32f1xx_hal_rcc.o(.rrx_text), (6 bytes).
    Removing stm32f1xx_hal_rcc.o(i.HAL_RCC_CSSCallback), (2 bytes).
    Removing stm32f1xx_hal_rcc.o(i.HAL_RCC_DeInit), (84 bytes).
    Removing stm32f1xx_hal_rcc.o(i.HAL_RCC_DisableCSS), (28 bytes).
    Removing stm32f1xx_hal_rcc.o(i.HAL_RCC_EnableCSS), (24 bytes).
    Removing stm32f1xx_hal_rcc.o(i.HAL_RCC_GetClockConfig), (56 bytes).
    Removing stm32f1xx_hal_rcc.o(i.HAL_RCC_GetOscConfig), (212 bytes).
    Removing stm32f1xx_hal_rcc.o(i.HAL_RCC_MCOConfig), (100 bytes).
    Removing stm32f1xx_hal_rcc.o(i.HAL_RCC_NMI_IRQHandler), (32 bytes).
    Removing stm32f1xx_hal_dma.o(.rev16_text), (4 bytes).
    Removing stm32f1xx_hal_dma.o(.revsh_text), (4 bytes).
    Removing stm32f1xx_hal_dma.o(.rrx_text), (6 bytes).
    Removing stm32f1xx_hal_dma.o(i.DMA_SetConfig), (32 bytes).
    Removing stm32f1xx_hal_dma.o(i.HAL_DMA_Abort), (96 bytes).
    Removing stm32f1xx_hal_dma.o(i.HAL_DMA_DeInit), (368 bytes).
    Removing stm32f1xx_hal_dma.o(i.HAL_DMA_GetError), (6 bytes).
    Removing stm32f1xx_hal_dma.o(i.HAL_DMA_GetState), (8 bytes).
    Removing stm32f1xx_hal_dma.o(i.HAL_DMA_IRQHandler), (784 bytes).
    Removing stm32f1xx_hal_dma.o(i.HAL_DMA_Init), (84 bytes).
    Removing stm32f1xx_hal_dma.o(i.HAL_DMA_PollForTransfer), (736 bytes).
    Removing stm32f1xx_hal_dma.o(i.HAL_DMA_Start), (82 bytes).
    Removing stm32f1xx_hal_dma.o(i.HAL_DMA_Start_IT), (118 bytes).
    Removing stm32f1xx_hal_flash.o(.rev16_text), (4 bytes).
    Removing stm32f1xx_hal_flash.o(.revsh_text), (4 bytes).
    Removing stm32f1xx_hal_flash.o(.rrx_text), (6 bytes).
    Removing stm32f1xx_hal_flash.o(i.FLASH_Program_HalfWord), (32 bytes).
    Removing stm32f1xx_hal_flash.o(i.FLASH_SetErrorCode), (104 bytes).
    Removing stm32f1xx_hal_flash.o(i.FLASH_WaitForLastOperation), (108 bytes).
    Removing stm32f1xx_hal_flash.o(i.HAL_FLASH_EndOfOperationCallback), (2 bytes).
    Removing stm32f1xx_hal_flash.o(i.HAL_FLASH_GetError), (12 bytes).
    Removing stm32f1xx_hal_flash.o(i.HAL_FLASH_IRQHandler), (384 bytes).
    Removing stm32f1xx_hal_flash.o(i.HAL_FLASH_Lock), (20 bytes).
    Removing stm32f1xx_hal_flash.o(i.HAL_FLASH_OB_Launch), (10 bytes).
    Removing stm32f1xx_hal_flash.o(i.HAL_FLASH_OB_Lock), (20 bytes).
    Removing stm32f1xx_hal_flash.o(i.HAL_FLASH_OB_Unlock), (44 bytes).
    Removing stm32f1xx_hal_flash.o(i.HAL_FLASH_OperationErrorCallback), (2 bytes).
    Removing stm32f1xx_hal_flash.o(i.HAL_FLASH_Program), (180 bytes).
    Removing stm32f1xx_hal_flash.o(i.HAL_FLASH_Program_IT), (124 bytes).
    Removing stm32f1xx_hal_flash.o(i.HAL_FLASH_Unlock), (44 bytes).
    Removing stm32f1xx_hal_flash.o(.bss), (32 bytes).
    Removing stm32f1xx_hal_spi.o(.rev16_text), (4 bytes).
    Removing stm32f1xx_hal_spi.o(.revsh_text), (4 bytes).
    Removing stm32f1xx_hal_spi.o(.rrx_text), (6 bytes).
    Removing stm32f1xx_hal_spi.o(i.HAL_SPI_DMAPause), (62 bytes).
    Removing stm32f1xx_hal_spi.o(i.HAL_SPI_DMAResume), (62 bytes).
    Removing stm32f1xx_hal_spi.o(i.HAL_SPI_DMAStop), (58 bytes).
    Removing stm32f1xx_hal_spi.o(i.HAL_SPI_DeInit), (54 bytes).
    Removing stm32f1xx_hal_spi.o(i.HAL_SPI_ErrorCallback), (2 bytes).
    Removing stm32f1xx_hal_spi.o(i.HAL_SPI_GetError), (6 bytes).
    Removing stm32f1xx_hal_spi.o(i.HAL_SPI_GetState), (8 bytes).
    Removing stm32f1xx_hal_spi.o(i.HAL_SPI_IRQHandler), (228 bytes).
    Removing stm32f1xx_hal_spi.o(i.HAL_SPI_Init), (124 bytes).
    Removing stm32f1xx_hal_spi.o(i.HAL_SPI_MspDeInit), (2 bytes).
    Removing stm32f1xx_hal_spi.o(i.HAL_SPI_MspInit), (2 bytes).
    Removing stm32f1xx_hal_spi.o(i.HAL_SPI_Receive), (588 bytes).
    Removing stm32f1xx_hal_spi.o(i.HAL_SPI_Receive_DMA), (272 bytes).
    Removing stm32f1xx_hal_spi.o(i.HAL_SPI_Receive_IT), (228 bytes).
    Removing stm32f1xx_hal_spi.o(i.HAL_SPI_RxCpltCallback), (2 bytes).
    Removing stm32f1xx_hal_spi.o(i.HAL_SPI_RxHalfCpltCallback), (2 bytes).
    Removing stm32f1xx_hal_spi.o(i.HAL_SPI_Transmit), (448 bytes).
    Removing stm32f1xx_hal_spi.o(i.HAL_SPI_TransmitReceive), (836 bytes).
    Removing stm32f1xx_hal_spi.o(i.HAL_SPI_TransmitReceive_DMA), (332 bytes).
    Removing stm32f1xx_hal_spi.o(i.HAL_SPI_TransmitReceive_IT), (204 bytes).
    Removing stm32f1xx_hal_spi.o(i.HAL_SPI_Transmit_DMA), (232 bytes).
    Removing stm32f1xx_hal_spi.o(i.HAL_SPI_Transmit_IT), (204 bytes).
    Removing stm32f1xx_hal_spi.o(i.HAL_SPI_TxCpltCallback), (2 bytes).
    Removing stm32f1xx_hal_spi.o(i.HAL_SPI_TxHalfCpltCallback), (2 bytes).
    Removing stm32f1xx_hal_spi.o(i.HAL_SPI_TxRxCpltCallback), (2 bytes).
    Removing stm32f1xx_hal_spi.o(i.HAL_SPI_TxRxHalfCpltCallback), (2 bytes).
    Removing stm32f1xx_hal_spi.o(i.SPI_2LinesRxISR), (56 bytes).
    Removing stm32f1xx_hal_spi.o(i.SPI_DMAError), (34 bytes).
    Removing stm32f1xx_hal_spi.o(i.SPI_DMAHalfReceiveCplt), (14 bytes).
    Removing stm32f1xx_hal_spi.o(i.SPI_DMAHalfTransmitCplt), (14 bytes).
    Removing stm32f1xx_hal_spi.o(i.SPI_DMAHalfTransmitReceiveCplt), (14 bytes).
    Removing stm32f1xx_hal_spi.o(i.SPI_DMAReceiveCplt), (246 bytes).
    Removing stm32f1xx_hal_spi.o(i.SPI_DMATransmitCplt), (124 bytes).
    Removing stm32f1xx_hal_spi.o(i.SPI_DMATransmitReceiveCplt), (210 bytes).
    Removing stm32f1xx_hal_spi.o(i.SPI_ISCRCErrorValid), (6 bytes).
    Removing stm32f1xx_hal_spi.o(i.SPI_RxCloseIRQHandler), (268 bytes).
    Removing stm32f1xx_hal_spi.o(i.SPI_RxISR), (82 bytes).
    Removing stm32f1xx_hal_spi.o(i.SPI_TxCloseIRQHandler), (158 bytes).
    Removing stm32f1xx_hal_spi.o(i.SPI_TxISR), (74 bytes).
    Removing stm32f1xx_hal_spi.o(i.SPI_WaitOnFlagUntilTimeout), (274 bytes).
    Removing stm32f1xx_hal_uart.o(.rev16_text), (4 bytes).
    Removing stm32f1xx_hal_uart.o(.revsh_text), (4 bytes).
    Removing stm32f1xx_hal_uart.o(.rrx_text), (6 bytes).
    Removing stm32f1xx_hal_uart.o(i.HAL_HalfDuplex_EnableReceiver), (64 bytes).
    Removing stm32f1xx_hal_uart.o(i.HAL_HalfDuplex_EnableTransmitter), (66 bytes).
    Removing stm32f1xx_hal_uart.o(i.HAL_HalfDuplex_Init), (114 bytes).
    Removing stm32f1xx_hal_uart.o(i.HAL_LIN_Init), (130 bytes).
    Removing stm32f1xx_hal_uart.o(i.HAL_LIN_SendBreak), (62 bytes).
    Removing stm32f1xx_hal_uart.o(i.HAL_MultiProcessor_EnterMuteMode), (62 bytes).
    Removing stm32f1xx_hal_uart.o(i.HAL_MultiProcessor_ExitMuteMode), (62 bytes).
    Removing stm32f1xx_hal_uart.o(i.HAL_MultiProcessor_Init), (134 bytes).
    Removing stm32f1xx_hal_uart.o(i.HAL_UART_DMAPause), (118 bytes).
    Removing stm32f1xx_hal_uart.o(i.HAL_UART_DMAResume), (156 bytes).
    Removing stm32f1xx_hal_uart.o(i.HAL_UART_DMAStop), (46 bytes).
    Removing stm32f1xx_hal_uart.o(i.HAL_UART_DeInit), (68 bytes).
    Removing stm32f1xx_hal_uart.o(i.HAL_UART_ErrorCallback), (2 bytes).
    Removing stm32f1xx_hal_uart.o(i.HAL_UART_GetError), (6 bytes).
    Removing stm32f1xx_hal_uart.o(i.HAL_UART_GetState), (8 bytes).
    Removing stm32f1xx_hal_uart.o(i.HAL_UART_IRQHandler), (218 bytes).
    Removing stm32f1xx_hal_uart.o(i.HAL_UART_MspDeInit), (2 bytes).
    Removing stm32f1xx_hal_uart.o(i.HAL_UART_MspInit), (2 bytes).
    Removing stm32f1xx_hal_uart.o(i.HAL_UART_Receive), (248 bytes).
    Removing stm32f1xx_hal_uart.o(i.HAL_UART_Receive_DMA), (160 bytes).
    Removing stm32f1xx_hal_uart.o(i.HAL_UART_Receive_IT), (134 bytes).
    Removing stm32f1xx_hal_uart.o(i.HAL_UART_RxCpltCallback), (2 bytes).
    Removing stm32f1xx_hal_uart.o(i.HAL_UART_RxHalfCpltCallback), (2 bytes).
    Removing stm32f1xx_hal_uart.o(i.HAL_UART_Transmit), (240 bytes).
    Removing stm32f1xx_hal_uart.o(i.HAL_UART_Transmit_DMA), (168 bytes).
    Removing stm32f1xx_hal_uart.o(i.HAL_UART_Transmit_IT), (110 bytes).
    Removing stm32f1xx_hal_uart.o(i.HAL_UART_TxCpltCallback), (2 bytes).
    Removing stm32f1xx_hal_uart.o(i.HAL_UART_TxHalfCpltCallback), (2 bytes).
    Removing stm32f1xx_hal_uart.o(i.UART_DMAError), (34 bytes).
    Removing stm32f1xx_hal_uart.o(i.UART_DMAReceiveCplt), (62 bytes).
    Removing stm32f1xx_hal_uart.o(i.UART_DMARxHalfCplt), (14 bytes).
    Removing stm32f1xx_hal_uart.o(i.UART_DMATransmitCplt), (54 bytes).
    Removing stm32f1xx_hal_uart.o(i.UART_DMATxHalfCplt), (14 bytes).
    Removing stm32f1xx_hal_uart.o(i.UART_EndTransmit_IT), (48 bytes).
    Removing stm32f1xx_hal_uart.o(i.UART_Receive_IT), (190 bytes).
    Removing stm32f1xx_hal_uart.o(i.UART_Transmit_IT), (114 bytes).
    Removing stm32f1xx_hal_uart.o(i.UART_WaitOnFlagUntilTimeout), (250 bytes).
    Removing stm32f1xx_hal_adc_ex.o(.rev16_text), (4 bytes).
    Removing stm32f1xx_hal_adc_ex.o(.revsh_text), (4 bytes).
    Removing stm32f1xx_hal_adc_ex.o(.rrx_text), (6 bytes).
    Removing stm32f1xx_hal_adc_ex.o(i.HAL_ADCEx_Calibration_Start), (256 bytes).
    Removing stm32f1xx_hal_adc_ex.o(i.HAL_ADCEx_InjectedConfigChannel), (692 bytes).
    Removing stm32f1xx_hal_adc_ex.o(i.HAL_ADCEx_InjectedConvCpltCallback), (2 bytes).
    Removing stm32f1xx_hal_adc_ex.o(i.HAL_ADCEx_InjectedGetValue), (50 bytes).
    Removing stm32f1xx_hal_adc_ex.o(i.HAL_ADCEx_InjectedPollForConversion), (344 bytes).
    Removing stm32f1xx_hal_adc_ex.o(i.HAL_ADCEx_InjectedStart), (158 bytes).
    Removing stm32f1xx_hal_adc_ex.o(i.HAL_ADCEx_InjectedStart_IT), (170 bytes).
    Removing stm32f1xx_hal_adc_ex.o(i.HAL_ADCEx_InjectedStop), (94 bytes).
    Removing stm32f1xx_hal_adc_ex.o(i.HAL_ADCEx_InjectedStop_IT), (106 bytes).
    Removing stm32f1xx_hal_flash_ex.o(.rev16_text), (4 bytes).
    Removing stm32f1xx_hal_flash_ex.o(.revsh_text), (4 bytes).
    Removing stm32f1xx_hal_flash_ex.o(.rrx_text), (6 bytes).
    Removing stm32f1xx_hal_flash_ex.o(i.FLASH_MassErase), (40 bytes).
    Removing stm32f1xx_hal_flash_ex.o(i.FLASH_OB_DisableWRP), (232 bytes).
    Removing stm32f1xx_hal_flash_ex.o(i.FLASH_OB_EnableWRP), (236 bytes).
    Removing stm32f1xx_hal_flash_ex.o(i.FLASH_OB_GetRDP), (28 bytes).
    Removing stm32f1xx_hal_flash_ex.o(i.FLASH_OB_GetUser), (28 bytes).
    Removing stm32f1xx_hal_flash_ex.o(i.FLASH_OB_GetWRP), (12 bytes).
    Removing stm32f1xx_hal_flash_ex.o(i.FLASH_OB_ProgramData), (76 bytes).
    Removing stm32f1xx_hal_flash_ex.o(i.FLASH_OB_RDP_LevelConfig), (124 bytes).
    Removing stm32f1xx_hal_flash_ex.o(i.FLASH_OB_UserConfig), (84 bytes).
    Removing stm32f1xx_hal_flash_ex.o(i.FLASH_PageErase), (40 bytes).
    Removing stm32f1xx_hal_flash_ex.o(i.HAL_FLASHEx_Erase), (176 bytes).
    Removing stm32f1xx_hal_flash_ex.o(i.HAL_FLASHEx_Erase_IT), (100 bytes).
    Removing stm32f1xx_hal_flash_ex.o(i.HAL_FLASHEx_OBErase), (96 bytes).
    Removing stm32f1xx_hal_flash_ex.o(i.HAL_FLASHEx_OBGetConfig), (28 bytes).
    Removing stm32f1xx_hal_flash_ex.o(i.HAL_FLASHEx_OBGetUserData), (72 bytes).
    Removing stm32f1xx_hal_flash_ex.o(i.HAL_FLASHEx_OBProgram), (200 bytes).
    Removing stm32f1xx_hal_spi_ex.o(.rev16_text), (4 bytes).
    Removing stm32f1xx_hal_spi_ex.o(.revsh_text), (4 bytes).
    Removing stm32f1xx_hal_spi_ex.o(.rrx_text), (6 bytes).
    Removing stm32f1xx_hal_spi_ex.o(i.SPI_ISCRCErrorValid), (6 bytes).
    Removing stm32f1xx_hal.o(.rev16_text), (4 bytes).
    Removing stm32f1xx_hal.o(.revsh_text), (4 bytes).
    Removing stm32f1xx_hal.o(.rrx_text), (6 bytes).
    Removing stm32f1xx_hal.o(i.HAL_DBGMCU_DisableDBGSleepMode), (20 bytes).
    Removing stm32f1xx_hal.o(i.HAL_DBGMCU_DisableDBGStandbyMode), (20 bytes).
    Removing stm32f1xx_hal.o(i.HAL_DBGMCU_DisableDBGStopMode), (20 bytes).
    Removing stm32f1xx_hal.o(i.HAL_DBGMCU_EnableDBGSleepMode), (20 bytes).
    Removing stm32f1xx_hal.o(i.HAL_DBGMCU_EnableDBGStandbyMode), (20 bytes).
    Removing stm32f1xx_hal.o(i.HAL_DBGMCU_EnableDBGStopMode), (20 bytes).
    Removing stm32f1xx_hal.o(i.HAL_DeInit), (36 bytes).
    Removing stm32f1xx_hal.o(i.HAL_GetDEVID), (16 bytes).
    Removing stm32f1xx_hal.o(i.HAL_GetHalVersion), (8 bytes).
    Removing stm32f1xx_hal.o(i.HAL_GetREVID), (28 bytes).
    Removing stm32f1xx_hal.o(i.HAL_MspDeInit), (2 bytes).
    Removing stm32f1xx_hal.o(i.HAL_MspInit), (2 bytes).
    Removing stm32f1xx_hal.o(i.HAL_ResumeTick), (18 bytes).
    Removing stm32f1xx_hal.o(i.HAL_SuspendTick), (18 bytes).
    Removing stm32f1xx_hal_rcc_ex.o(.rev16_text), (4 bytes).
    Removing stm32f1xx_hal_rcc_ex.o(.revsh_text), (4 bytes).
    Removing stm32f1xx_hal_rcc_ex.o(.rrx_text), (6 bytes).
    Removing stm32f1xx_hal_rcc_ex.o(i.HAL_RCCEx_GetPeriphCLKConfig), (40 bytes).
    Removing stm32f1xx_hal_rcc_ex.o(i.HAL_RCCEx_GetPeriphCLKFreq), (152 bytes).
    Removing stm32f1xx_hal_adc.o(.rev16_text), (4 bytes).
    Removing stm32f1xx_hal_adc.o(.revsh_text), (4 bytes).
    Removing stm32f1xx_hal_adc.o(.rrx_text), (6 bytes).
    Removing stm32f1xx_hal_adc.o(i.ADC_DMAConvCplt), (82 bytes).
    Removing stm32f1xx_hal_adc.o(i.ADC_DMAError), (30 bytes).
    Removing stm32f1xx_hal_adc.o(i.ADC_DMAHalfConvCplt), (14 bytes).
    Removing stm32f1xx_hal_adc.o(i.HAL_ADC_AnalogWDGConfig), (148 bytes).
    Removing stm32f1xx_hal_adc.o(i.HAL_ADC_ConvCpltCallback), (2 bytes).
    Removing stm32f1xx_hal_adc.o(i.HAL_ADC_ConvHalfCpltCallback), (2 bytes).
    Removing stm32f1xx_hal_adc.o(i.HAL_ADC_DeInit), (268 bytes).
    Removing stm32f1xx_hal_adc.o(i.HAL_ADC_ErrorCallback), (2 bytes).
    Removing stm32f1xx_hal_adc.o(i.HAL_ADC_GetError), (6 bytes).
    Removing stm32f1xx_hal_adc.o(i.HAL_ADC_GetState), (6 bytes).
    Removing stm32f1xx_hal_adc.o(i.HAL_ADC_IRQHandler), (290 bytes).
    Removing stm32f1xx_hal_adc.o(i.HAL_ADC_LevelOutOfWindowCallback), (2 bytes).
    Removing stm32f1xx_hal_adc.o(i.HAL_ADC_MspDeInit), (2 bytes).
    Removing stm32f1xx_hal_adc.o(i.HAL_ADC_MspInit), (2 bytes).
    Removing stm32f1xx_hal_adc.o(i.HAL_ADC_PollForConversion), (364 bytes).
    Removing stm32f1xx_hal_adc.o(i.HAL_ADC_PollForEvent), (100 bytes).
    Removing stm32f1xx_hal_adc.o(i.HAL_ADC_Start), (180 bytes).
    Removing stm32f1xx_hal_adc.o(i.HAL_ADC_Start_DMA), (248 bytes).
    Removing stm32f1xx_hal_adc.o(i.HAL_ADC_Start_IT), (192 bytes).
    Removing stm32f1xx_hal_adc.o(i.HAL_ADC_Stop), (64 bytes).
    Removing stm32f1xx_hal_adc.o(i.HAL_ADC_Stop_DMA), (96 bytes).
    Removing stm32f1xx_hal_adc.o(i.HAL_ADC_Stop_IT), (76 bytes).
    Removing stm32f1xx_hal_tim_ex.o(.rev16_text), (4 bytes).
    Removing stm32f1xx_hal_tim_ex.o(.revsh_text), (4 bytes).
    Removing stm32f1xx_hal_tim_ex.o(.rrx_text), (6 bytes).
    Removing stm32f1xx_hal_tim_ex.o(i.HAL_TIMEx_BreakCallback), (2 bytes).
    Removing stm32f1xx_hal_tim_ex.o(i.HAL_TIMEx_CommutationCallback), (2 bytes).
    Removing stm32f1xx_hal_tim_ex.o(i.HAL_TIMEx_ConfigCommutationEvent), (110 bytes).
    Removing stm32f1xx_hal_tim_ex.o(i.HAL_TIMEx_ConfigCommutationEvent_DMA), (144 bytes).
    Removing stm32f1xx_hal_tim_ex.o(i.HAL_TIMEx_ConfigCommutationEvent_IT), (122 bytes).
    Removing stm32f1xx_hal_tim_ex.o(i.HAL_TIMEx_HallSensor_DeInit), (70 bytes).
    Removing stm32f1xx_hal_tim_ex.o(i.HAL_TIMEx_HallSensor_GetState), (8 bytes).
    Removing stm32f1xx_hal_tim_ex.o(i.HAL_TIMEx_HallSensor_Init), (208 bytes).
    Removing stm32f1xx_hal_tim_ex.o(i.HAL_TIMEx_HallSensor_MspDeInit), (2 bytes).
    Removing stm32f1xx_hal_tim_ex.o(i.HAL_TIMEx_HallSensor_MspInit), (2 bytes).
    Removing stm32f1xx_hal_tim_ex.o(i.HAL_TIMEx_HallSensor_Start), (30 bytes).
    Removing stm32f1xx_hal_tim_ex.o(i.HAL_TIMEx_HallSensor_Start_DMA), (116 bytes).
    Removing stm32f1xx_hal_tim_ex.o(i.HAL_TIMEx_HallSensor_Start_IT), (42 bytes).
    Removing stm32f1xx_hal_tim_ex.o(i.HAL_TIMEx_HallSensor_Stop), (56 bytes).
    Removing stm32f1xx_hal_tim_ex.o(i.HAL_TIMEx_HallSensor_Stop_DMA), (68 bytes).
    Removing stm32f1xx_hal_tim_ex.o(i.HAL_TIMEx_HallSensor_Stop_IT), (68 bytes).
    Removing stm32f1xx_hal_tim_ex.o(i.HAL_TIMEx_OCN_Start), (44 bytes).
    Removing stm32f1xx_hal_tim_ex.o(i.HAL_TIMEx_OCN_Start_DMA), (280 bytes).
    Removing stm32f1xx_hal_tim_ex.o(i.HAL_TIMEx_OCN_Start_IT), (132 bytes).
    Removing stm32f1xx_hal_tim_ex.o(i.HAL_TIMEx_OCN_Stop), (96 bytes).
    Removing stm32f1xx_hal_tim_ex.o(i.HAL_TIMEx_OCN_Stop_DMA), (178 bytes).
    Removing stm32f1xx_hal_tim_ex.o(i.HAL_TIMEx_OCN_Stop_IT), (198 bytes).
    Removing stm32f1xx_hal_tim_ex.o(i.HAL_TIMEx_OnePulseN_Start), (32 bytes).
    Removing stm32f1xx_hal_tim_ex.o(i.HAL_TIMEx_OnePulseN_Start_IT), (56 bytes).
    Removing stm32f1xx_hal_tim_ex.o(i.HAL_TIMEx_OnePulseN_Stop), (96 bytes).
    Removing stm32f1xx_hal_tim_ex.o(i.HAL_TIMEx_OnePulseN_Stop_IT), (120 bytes).
    Removing stm32f1xx_hal_tim_ex.o(i.HAL_TIMEx_PWMN_Start), (44 bytes).
    Removing stm32f1xx_hal_tim_ex.o(i.HAL_TIMEx_PWMN_Start_DMA), (280 bytes).
    Removing stm32f1xx_hal_tim_ex.o(i.HAL_TIMEx_PWMN_Start_IT), (132 bytes).
    Removing stm32f1xx_hal_tim_ex.o(i.HAL_TIMEx_PWMN_Stop), (96 bytes).
    Removing stm32f1xx_hal_tim_ex.o(i.HAL_TIMEx_PWMN_Stop_DMA), (178 bytes).
    Removing stm32f1xx_hal_tim_ex.o(i.HAL_TIMEx_PWMN_Stop_IT), (198 bytes).
    Removing stm32f1xx_hal_tim_ex.o(i.TIMEx_DMACommutationCplt), (20 bytes).
    Removing stm32f1xx_hal_tim_ex.o(i.TIM_CCxNChannelCmd), (28 bytes).
    Removing stm32f1xx_hal_gpio.o(.rev16_text), (4 bytes).
    Removing stm32f1xx_hal_gpio.o(.revsh_text), (4 bytes).
    Removing stm32f1xx_hal_gpio.o(.rrx_text), (6 bytes).
    Removing stm32f1xx_hal_gpio.o(i.HAL_GPIO_DeInit), (312 bytes).
    Removing stm32f1xx_hal_gpio.o(i.HAL_GPIO_EXTI_Callback), (2 bytes).
    Removing stm32f1xx_hal_gpio.o(i.HAL_GPIO_EXTI_IRQHandler), (28 bytes).
    Removing stm32f1xx_hal_gpio.o(i.HAL_GPIO_LockPin), (46 bytes).
    Removing stm32f1xx_hal_gpio.o(i.HAL_GPIO_ReadPin), (16 bytes).
    Removing stm32f1xx_hal_gpio.o(i.HAL_GPIO_TogglePin), (8 bytes).
    Removing startup_stm32f100xb.o(HEAP), (512 bytes).
    Removing dadd.o(.text), (334 bytes).
    Removing dmul.o(.text), (228 bytes).
    Removing ddiv.o(.text), (222 bytes).
    Removing dfltui.o(.text), (26 bytes).
    Removing dfixui.o(.text), (50 bytes).
    Removing depilogue.o(.text), (190 bytes).
    Removing dfixul.o(.text), (48 bytes).
    Removing cdrcmple.o(.text), (40 bytes).

443 unused section(s) (total 36456 bytes) removed from the image.

==============================================================================

Image Symbol Table

    Local Symbols

    Symbol Name                              Value     Ov Type        Size  Object(Section)

    ../Drivers/CMSIS/Device/ST/STM32F1xx/Source/Templates/system_stm32f1xx.c 0x00000000   Number         0  system_stm32f1xx.o ABSOLUTE
    ../Drivers/STM32F1xx_HAL_Driver/Src/stm32f1xx_hal.c 0x00000000   Number         0  stm32f1xx_hal.o ABSOLUTE
    ../Drivers/STM32F1xx_HAL_Driver/Src/stm32f1xx_hal_adc.c 0x00000000   Number         0  stm32f1xx_hal_adc.o ABSOLUTE
    ../Drivers/STM32F1xx_HAL_Driver/Src/stm32f1xx_hal_adc_ex.c 0x00000000   Number         0  stm32f1xx_hal_adc_ex.o ABSOLUTE
    ../Drivers/STM32F1xx_HAL_Driver/Src/stm32f1xx_hal_cortex.c 0x00000000   Number         0  stm32f1xx_hal_cortex.o ABSOLUTE
    ../Drivers/STM32F1xx_HAL_Driver/Src/stm32f1xx_hal_dma.c 0x00000000   Number         0  stm32f1xx_hal_dma.o ABSOLUTE
    ../Drivers/STM32F1xx_HAL_Driver/Src/stm32f1xx_hal_flash.c 0x00000000   Number         0  stm32f1xx_hal_flash.o ABSOLUTE
    ../Drivers/STM32F1xx_HAL_Driver/Src/stm32f1xx_hal_flash_ex.c 0x00000000   Number         0  stm32f1xx_hal_flash_ex.o ABSOLUTE
    ../Drivers/STM32F1xx_HAL_Driver/Src/stm32f1xx_hal_gpio.c 0x00000000   Number         0  stm32f1xx_hal_gpio.o ABSOLUTE
    ../Drivers/STM32F1xx_HAL_Driver/Src/stm32f1xx_hal_pwr.c 0x00000000   Number         0  stm32f1xx_hal_pwr.o ABSOLUTE
    ../Drivers/STM32F1xx_HAL_Driver/Src/stm32f1xx_hal_rcc.c 0x00000000   Number         0  stm32f1xx_hal_rcc.o ABSOLUTE
    ../Drivers/STM32F1xx_HAL_Driver/Src/stm32f1xx_hal_rcc_ex.c 0x00000000   Number         0  stm32f1xx_hal_rcc_ex.o ABSOLUTE
    ../Drivers/STM32F1xx_HAL_Driver/Src/stm32f1xx_hal_spi.c 0x00000000   Number         0  stm32f1xx_hal_spi.o ABSOLUTE
    ../Drivers/STM32F1xx_HAL_Driver/Src/stm32f1xx_hal_spi_ex.c 0x00000000   Number         0  stm32f1xx_hal_spi_ex.o ABSOLUTE
    ../Drivers/STM32F1xx_HAL_Driver/Src/stm32f1xx_hal_tim.c 0x00000000   Number         0  stm32f1xx_hal_tim.o ABSOLUTE
    ../Drivers/STM32F1xx_HAL_Driver/Src/stm32f1xx_hal_tim_ex.c 0x00000000   Number         0  stm32f1xx_hal_tim_ex.o ABSOLUTE
    ../Drivers/STM32F1xx_HAL_Driver/Src/stm32f1xx_hal_uart.c 0x00000000   Number         0  stm32f1xx_hal_uart.o ABSOLUTE
    ../Src/adc.c                             0x00000000   Number         0  adc.o ABSOLUTE
    ../Src/gpio.c                            0x00000000   Number         0  gpio.o ABSOLUTE
    ../Src/main.c                            0x00000000   Number         0  main.o ABSOLUTE
    ../Src/spi.c                             0x00000000   Number         0  spi.o ABSOLUTE
    ../Src/stm32f1xx_hal_msp.c               0x00000000   Number         0  stm32f1xx_hal_msp.o ABSOLUTE
    ../Src/stm32f1xx_it.c                    0x00000000   Number         0  stm32f1xx_it.o ABSOLUTE
    ../Src/tim.c                             0x00000000   Number         0  tim.o ABSOLUTE
    ../Src/usart.c                           0x00000000   Number         0  usart.o ABSOLUTE
    ../clib/microlib/division.c              0x00000000   Number         0  uidiv.o ABSOLUTE
    ../clib/microlib/division.c              0x00000000   Number         0  uldiv.o ABSOLUTE
    ../clib/microlib/init/entry.s            0x00000000   Number         0  entry11b.o ABSOLUTE
    ../clib/microlib/init/entry.s            0x00000000   Number         0  entry9a.o ABSOLUTE
    ../clib/microlib/init/entry.s            0x00000000   Number         0  entry.o ABSOLUTE
    ../clib/microlib/init/entry.s            0x00000000   Number         0  entry9b.o ABSOLUTE
    ../clib/microlib/init/entry.s            0x00000000   Number         0  entry2.o ABSOLUTE
    ../clib/microlib/init/entry.s            0x00000000   Number         0  entry8b.o ABSOLUTE
    ../clib/microlib/init/entry.s            0x00000000   Number         0  entry10a.o ABSOLUTE
    ../clib/microlib/init/entry.s            0x00000000   Number         0  entry5.o ABSOLUTE
    ../clib/microlib/init/entry.s            0x00000000   Number         0  entry11a.o ABSOLUTE
    ../clib/microlib/init/entry.s            0x00000000   Number         0  entry7b.o ABSOLUTE
    ../clib/microlib/init/entry.s            0x00000000   Number         0  entry10b.o ABSOLUTE
    ../clib/microlib/init/entry.s            0x00000000   Number         0  entry7a.o ABSOLUTE
    ../clib/microlib/init/entry.s            0x00000000   Number         0  entry8a.o ABSOLUTE
    ../clib/microlib/longlong.c              0x00000000   Number         0  llushr.o ABSOLUTE
    ../clib/microlib/longlong.c              0x00000000   Number         0  llshl.o ABSOLUTE
    ../clib/microlib/longlong.c              0x00000000   Number         0  llsshr.o ABSOLUTE
    ../clib/microlib/printf/printf.c         0x00000000   Number         0  printfb.o ABSOLUTE
    ../clib/microlib/printf/printf.c         0x00000000   Number         0  printf7.o ABSOLUTE
    ../clib/microlib/printf/printf.c         0x00000000   Number         0  printfa.o ABSOLUTE
    ../clib/microlib/printf/printf.c         0x00000000   Number         0  printf8.o ABSOLUTE
    ../clib/microlib/printf/printf.c         0x00000000   Number         0  printf1.o ABSOLUTE
    ../clib/microlib/printf/printf.c         0x00000000   Number         0  printf6.o ABSOLUTE
    ../clib/microlib/printf/printf.c         0x00000000   Number         0  printf5.o ABSOLUTE
    ../clib/microlib/printf/printf.c         0x00000000   Number         0  printf4.o ABSOLUTE
    ../clib/microlib/printf/printf.c         0x00000000   Number         0  printf3.o ABSOLUTE
    ../clib/microlib/printf/printf.c         0x00000000   Number         0  printf2.o ABSOLUTE
    ../clib/microlib/printf/printf.c         0x00000000   Number         0  printf0.o ABSOLUTE
    ../clib/microlib/printf/stubs.s          0x00000000   Number         0  stubs.o ABSOLUTE
    ../clib/microlib/stdio/fputc.c           0x00000000   Number         0  fputc.o ABSOLUTE
    ../clib/microlib/stdio/semi.s            0x00000000   Number         0  semi.o ABSOLUTE
    ../clib/microlib/stdio/streams.c         0x00000000   Number         0  stdout.o ABSOLUTE
    ../clib/microlib/string/strlen.c         0x00000000   Number         0  strlen.o ABSOLUTE
    ../clib/microlib/stubs.s                 0x00000000   Number         0  iusefp.o ABSOLUTE
    ../clib/microlib/stubs.s                 0x00000000   Number         0  iusesemip.o ABSOLUTE
    ../fplib/microlib/fpadd.c                0x00000000   Number         0  dadd.o ABSOLUTE
    ../fplib/microlib/fpdiv.c                0x00000000   Number         0  ddiv.o ABSOLUTE
    ../fplib/microlib/fpepilogue.c           0x00000000   Number         0  depilogue.o ABSOLUTE
    ../fplib/microlib/fpfix.c                0x00000000   Number         0  dfixul.o ABSOLUTE
    ../fplib/microlib/fpfix.c                0x00000000   Number         0  dfixui.o ABSOLUTE
    ../fplib/microlib/fpflt.c                0x00000000   Number         0  dfltui.o ABSOLUTE
    ../fplib/microlib/fpmul.c                0x00000000   Number         0  dmul.o ABSOLUTE
    ..\Drivers\CMSIS\Device\ST\STM32F1xx\Source\Templates\system_stm32f1xx.c 0x00000000   Number         0  system_stm32f1xx.o ABSOLUTE
    ..\Drivers\STM32F1xx_HAL_Driver\Src\stm32f1xx_hal.c 0x00000000   Number         0  stm32f1xx_hal.o ABSOLUTE
    ..\Drivers\STM32F1xx_HAL_Driver\Src\stm32f1xx_hal_adc.c 0x00000000   Number         0  stm32f1xx_hal_adc.o ABSOLUTE
    ..\Drivers\STM32F1xx_HAL_Driver\Src\stm32f1xx_hal_adc_ex.c 0x00000000   Number         0  stm32f1xx_hal_adc_ex.o ABSOLUTE
    ..\Drivers\STM32F1xx_HAL_Driver\Src\stm32f1xx_hal_cortex.c 0x00000000   Number         0  stm32f1xx_hal_cortex.o ABSOLUTE
    ..\Drivers\STM32F1xx_HAL_Driver\Src\stm32f1xx_hal_dma.c 0x00000000   Number         0  stm32f1xx_hal_dma.o ABSOLUTE
    ..\Drivers\STM32F1xx_HAL_Driver\Src\stm32f1xx_hal_flash.c 0x00000000   Number         0  stm32f1xx_hal_flash.o ABSOLUTE
    ..\Drivers\STM32F1xx_HAL_Driver\Src\stm32f1xx_hal_flash_ex.c 0x00000000   Number         0  stm32f1xx_hal_flash_ex.o ABSOLUTE
    ..\Drivers\STM32F1xx_HAL_Driver\Src\stm32f1xx_hal_gpio.c 0x00000000   Number         0  stm32f1xx_hal_gpio.o ABSOLUTE
    ..\Drivers\STM32F1xx_HAL_Driver\Src\stm32f1xx_hal_pwr.c 0x00000000   Number         0  stm32f1xx_hal_pwr.o ABSOLUTE
    ..\Drivers\STM32F1xx_HAL_Driver\Src\stm32f1xx_hal_rcc.c 0x00000000   Number         0  stm32f1xx_hal_rcc.o ABSOLUTE
    ..\Drivers\STM32F1xx_HAL_Driver\Src\stm32f1xx_hal_rcc_ex.c 0x00000000   Number         0  stm32f1xx_hal_rcc_ex.o ABSOLUTE
    ..\Drivers\STM32F1xx_HAL_Driver\Src\stm32f1xx_hal_spi.c 0x00000000   Number         0  stm32f1xx_hal_spi.o ABSOLUTE
    ..\Drivers\STM32F1xx_HAL_Driver\Src\stm32f1xx_hal_spi_ex.c 0x00000000   Number         0  stm32f1xx_hal_spi_ex.o ABSOLUTE
    ..\Drivers\STM32F1xx_HAL_Driver\Src\stm32f1xx_hal_tim.c 0x00000000   Number         0  stm32f1xx_hal_tim.o ABSOLUTE
    ..\Drivers\STM32F1xx_HAL_Driver\Src\stm32f1xx_hal_tim_ex.c 0x00000000   Number         0  stm32f1xx_hal_tim_ex.o ABSOLUTE
    ..\Drivers\STM32F1xx_HAL_Driver\Src\stm32f1xx_hal_uart.c 0x00000000   Number         0  stm32f1xx_hal_uart.o ABSOLUTE
    ..\Src\Numbers54x32.c                    0x00000000   Number         0  numbers54x32.o ABSOLUTE
    ..\Src\adc.c                             0x00000000   Number         0  adc.o ABSOLUTE
    ..\Src\gpio.c                            0x00000000   Number         0  gpio.o ABSOLUTE
    ..\Src\main.c                            0x00000000   Number         0  main.o ABSOLUTE
    ..\Src\spi.c                             0x00000000   Number         0  spi.o ABSOLUTE
    ..\Src\st7586s.c                         0x00000000   Number         0  st7586s.o ABSOLUTE
    ..\Src\stm32f1xx_hal_msp.c               0x00000000   Number         0  stm32f1xx_hal_msp.o ABSOLUTE
    ..\Src\stm32f1xx_it.c                    0x00000000   Number         0  stm32f1xx_it.o ABSOLUTE
    ..\Src\tim.c                             0x00000000   Number         0  tim.o ABSOLUTE
    ..\Src\usart.c                           0x00000000   Number         0  usart.o ABSOLUTE
    ..\\Src\\st7586s.c                       0x00000000   Number         0  st7586s.o ABSOLUTE
    Consolas11.c                             0x00000000   Number         0  consolas11.o ABSOLUTE
    cdrcmple.s                               0x00000000   Number         0  cdrcmple.o ABSOLUTE
    dc.s                                     0x00000000   Number         0  dc.o ABSOLUTE
    handlers.s                               0x00000000   Number         0  handlers.o ABSOLUTE
    init.s                                   0x00000000   Number         0  init.o ABSOLUTE
    startup_stm32f100xb.s                    0x00000000   Number         0  startup_stm32f100xb.o ABSOLUTE
    RESET                                    0x08000000   Section      288  startup_stm32f100xb.o(RESET)
    .ARM.Collect$$$$00000000                 0x08000120   Section        0  entry.o(.ARM.Collect$$$$00000000)
    .ARM.Collect$$$$00000001                 0x08000120   Section        4  entry2.o(.ARM.Collect$$$$00000001)
    .ARM.Collect$$$$00000004                 0x08000124   Section        4  entry5.o(.ARM.Collect$$$$00000004)
    .ARM.Collect$$$$00000008                 0x08000128   Section        0  entry7b.o(.ARM.Collect$$$$00000008)
    .ARM.Collect$$$$0000000A                 0x08000128   Section        0  entry8b.o(.ARM.Collect$$$$0000000A)
    .ARM.Collect$$$$0000000B                 0x08000128   Section        8  entry9a.o(.ARM.Collect$$$$0000000B)
    .ARM.Collect$$$$0000000D                 0x08000130   Section        0  entry10a.o(.ARM.Collect$$$$0000000D)
    .ARM.Collect$$$$0000000F                 0x08000130   Section        0  entry11a.o(.ARM.Collect$$$$0000000F)
    .ARM.Collect$$$$00002712                 0x08000130   Section        4  entry2.o(.ARM.Collect$$$$00002712)
    __lit__00000000                          0x08000130   Data           4  entry2.o(.ARM.Collect$$$$00002712)
    .text                                    0x08000134   Section       36  startup_stm32f100xb.o(.text)
    .text                                    0x08000158   Section        0  strlen.o(.text)
    .text                                    0x08000166   Section        0  uidiv.o(.text)
    .text                                    0x08000194   Section       36  init.o(.text)
    i.ADC1_IRQHandler                        0x080001b8   Section        0  main.o(i.ADC1_IRQHandler)
    i.ADC_ConversionStop_Disable             0x080001c8   Section        0  stm32f1xx_hal_adc.o(i.ADC_ConversionStop_Disable)
    i.ADC_Enable                             0x08000218   Section        0  stm32f1xx_hal_adc.o(i.ADC_Enable)
    i.Disp_Clr_Port                          0x08000298   Section        0  st7586s.o(i.Disp_Clr_Port)
    i.Disp_Write                             0x080002ac   Section        0  st7586s.o(i.Disp_Write)
    i.DrawCharOverlay                        0x080002e4   Section        0  st7586s.o(i.DrawCharOverlay)
    i.DrawString                             0x0800038c   Section        0  st7586s.o(i.DrawString)
    i.HAL_ADC_ConfigChannel                  0x08000420   Section        0  stm32f1xx_hal_adc.o(i.HAL_ADC_ConfigChannel)
    i.HAL_ADC_GetValue                       0x080005e4   Section        0  stm32f1xx_hal_adc.o(i.HAL_ADC_GetValue)
    i.HAL_ADC_Init                           0x080005ec   Section        0  stm32f1xx_hal_adc.o(i.HAL_ADC_Init)
    i.HAL_ADC_MspInit                        0x0800074c   Section        0  adc.o(i.HAL_ADC_MspInit)
    i.HAL_Delay                              0x08000798   Section        0  stm32f1xx_hal.o(i.HAL_Delay)
    i.HAL_GPIO_Init                          0x080007b4   Section        0  stm32f1xx_hal_gpio.o(i.HAL_GPIO_Init)
    i.HAL_GPIO_WritePin                      0x08000ad0   Section        0  stm32f1xx_hal_gpio.o(i.HAL_GPIO_WritePin)
    i.HAL_GetTick                            0x08000adc   Section        0  stm32f1xx_hal.o(i.HAL_GetTick)
    i.HAL_IncTick                            0x08000ae8   Section        0  stm32f1xx_hal.o(i.HAL_IncTick)
    i.HAL_Init                               0x08000af8   Section        0  stm32f1xx_hal.o(i.HAL_Init)
    i.HAL_InitTick                           0x08000b0e   Section        0  stm32f1xx_hal.o(i.HAL_InitTick)
    i.HAL_MspInit                            0x08000b34   Section        0  stm32f1xx_hal_msp.o(i.HAL_MspInit)
    i.HAL_NVIC_SetPriority                   0x08000bac   Section        0  stm32f1xx_hal_cortex.o(i.HAL_NVIC_SetPriority)
    i.HAL_NVIC_SetPriorityGrouping           0x08000c28   Section        0  stm32f1xx_hal_cortex.o(i.HAL_NVIC_SetPriorityGrouping)
    i.HAL_RCCEx_PeriphCLKConfig              0x08000c50   Section        0  stm32f1xx_hal_rcc_ex.o(i.HAL_RCCEx_PeriphCLKConfig)
    i.HAL_RCC_ClockConfig                    0x08000d9c   Section        0  stm32f1xx_hal_rcc.o(i.HAL_RCC_ClockConfig)
    i.HAL_RCC_GetHCLKFreq                    0x08000fac   Section        0  stm32f1xx_hal_rcc.o(i.HAL_RCC_GetHCLKFreq)
    i.HAL_RCC_GetPCLK1Freq                   0x08000fe4   Section        0  stm32f1xx_hal_rcc.o(i.HAL_RCC_GetPCLK1Freq)
    i.HAL_RCC_GetPCLK2Freq                   0x08001010   Section        0  stm32f1xx_hal_rcc.o(i.HAL_RCC_GetPCLK2Freq)
    i.HAL_RCC_GetSysClockFreq                0x0800103c   Section        0  stm32f1xx_hal_rcc.o(i.HAL_RCC_GetSysClockFreq)
    i.HAL_RCC_OscConfig                      0x0800110c   Section        0  stm32f1xx_hal_rcc.o(i.HAL_RCC_OscConfig)
    i.HAL_SPI_Init                           0x08001a70   Section        0  stm32f1xx_hal_spi_ex.o(i.HAL_SPI_Init)
    i.HAL_SPI_MspInit                        0x08001af0   Section        0  spi.o(i.HAL_SPI_MspInit)
    i.HAL_SYSTICK_CLKSourceConfig            0x08001b54   Section        0  stm32f1xx_hal_cortex.o(i.HAL_SYSTICK_CLKSourceConfig)
    i.HAL_SYSTICK_Callback                   0x08001b7c   Section        0  stm32f1xx_hal_cortex.o(i.HAL_SYSTICK_Callback)
    i.HAL_SYSTICK_Config                     0x08001b7e   Section        0  stm32f1xx_hal_cortex.o(i.HAL_SYSTICK_Config)
    i.HAL_SYSTICK_IRQHandler                 0x08001bb2   Section        0  stm32f1xx_hal_cortex.o(i.HAL_SYSTICK_IRQHandler)
    i.HAL_TIMEx_ConfigBreakDeadTime          0x08001bba   Section        0  stm32f1xx_hal_tim_ex.o(i.HAL_TIMEx_ConfigBreakDeadTime)
    i.HAL_TIMEx_MasterConfigSynchronization  0x08001c0a   Section        0  stm32f1xx_hal_tim_ex.o(i.HAL_TIMEx_MasterConfigSynchronization)
    i.HAL_TIM_Base_Init                      0x08001c6c   Section        0  stm32f1xx_hal_tim.o(i.HAL_TIM_Base_Init)
    i.HAL_TIM_Base_MspInit                   0x08001ca0   Section        0  tim.o(i.HAL_TIM_Base_MspInit)
    i.HAL_TIM_MspPostInit                    0x08001d20   Section        0  tim.o(i.HAL_TIM_MspPostInit)
    i.HAL_TIM_PWM_ConfigChannel              0x08001d8c   Section        0  stm32f1xx_hal_tim.o(i.HAL_TIM_PWM_ConfigChannel)
    i.HAL_TIM_PWM_Init                       0x08001e94   Section        0  stm32f1xx_hal_tim.o(i.HAL_TIM_PWM_Init)
    i.HAL_TIM_PWM_MspInit                    0x08001ec8   Section        0  tim.o(i.HAL_TIM_PWM_MspInit)
    i.HAL_TIM_PWM_Start                      0x08001f20   Section        0  stm32f1xx_hal_tim.o(i.HAL_TIM_PWM_Start)
    i.HAL_UART_Init                          0x08001f84   Section        0  stm32f1xx_hal_uart.o(i.HAL_UART_Init)
    i.HAL_UART_MspInit                       0x08001ff4   Section        0  usart.o(i.HAL_UART_MspInit)
    i.LCD_initial                            0x080020ac   Section        0  st7586s.o(i.LCD_initial)
    i.MX_ADC1_Init                           0x08002228   Section        0  adc.o(i.MX_ADC1_Init)
    i.MX_GPIO_Init                           0x0800226c   Section        0  gpio.o(i.MX_GPIO_Init)
    i.MX_SPI2_Init                           0x08002390   Section        0  spi.o(i.MX_SPI2_Init)
    i.MX_TIM16_Init                          0x080023cc   Section        0  tim.o(i.MX_TIM16_Init)
    i.MX_TIM17_Init                          0x080023f4   Section        0  tim.o(i.MX_TIM17_Init)
    i.MX_TIM1_Init                           0x0800241c   Section        0  tim.o(i.MX_TIM1_Init)
    i.MX_TIM3_Init                           0x08002494   Section        0  tim.o(i.MX_TIM3_Init)
    i.MX_USART1_UART_Init                    0x080024ec   Section        0  usart.o(i.MX_USART1_UART_Init)
    i.MX_USART3_UART_Init                    0x0800251c   Section        0  usart.o(i.MX_USART3_UART_Init)
    i.NVIC_GetPriorityGrouping               0x0800254c   Section        0  stm32f1xx_hal_cortex.o(i.NVIC_GetPriorityGrouping)
    NVIC_GetPriorityGrouping                 0x0800254d   Thumb Code    10  stm32f1xx_hal_cortex.o(i.NVIC_GetPriorityGrouping)
    i.NVIC_SetPriority                       0x0800255c   Section        0  stm32f1xx_hal_cortex.o(i.NVIC_SetPriority)
    NVIC_SetPriority                         0x0800255d   Thumb Code    32  stm32f1xx_hal_cortex.o(i.NVIC_SetPriority)
    i.Numbers54x32_GetCharData               0x08002584   Section        0  numbers54x32.o(i.Numbers54x32_GetCharData)
    i.Show_Graph                             0x080025d0   Section        0  st7586s.o(i.Show_Graph)
    i.SysTick_Handler                        0x08002624   Section        0  stm32f1xx_it.o(i.SysTick_Handler)
    i.SystemClock_Config                     0x08002630   Section        0  main.o(i.SystemClock_Config)
    i.SystemCoreClockUpdate                  0x080026a4   Section        0  system_stm32f1xx.o(i.SystemCoreClockUpdate)
    i.SystemInit                             0x08002744   Section        0  system_stm32f1xx.o(i.SystemInit)
    i.TIM_Base_SetConfig                     0x080027a0   Section        0  stm32f1xx_hal_tim.o(i.TIM_Base_SetConfig)
    i.TIM_CCxChannelCmd                      0x0800283c   Section        0  stm32f1xx_hal_tim.o(i.TIM_CCxChannelCmd)
    i.TIM_OC1_SetConfig                      0x08002858   Section        0  stm32f1xx_hal_tim.o(i.TIM_OC1_SetConfig)
    TIM_OC1_SetConfig                        0x08002859   Thumb Code   138  stm32f1xx_hal_tim.o(i.TIM_OC1_SetConfig)
    i.TIM_OC2_SetConfig                      0x080028f4   Section        0  stm32f1xx_hal_tim.o(i.TIM_OC2_SetConfig)
    i.TIM_OC3_SetConfig                      0x08002998   Section        0  stm32f1xx_hal_tim.o(i.TIM_OC3_SetConfig)
    TIM_OC3_SetConfig                        0x08002999   Thumb Code   146  stm32f1xx_hal_tim.o(i.TIM_OC3_SetConfig)
    i.TIM_OC4_SetConfig                      0x08002a3c   Section        0  stm32f1xx_hal_tim.o(i.TIM_OC4_SetConfig)
    TIM_OC4_SetConfig                        0x08002a3d   Thumb Code    92  stm32f1xx_hal_tim.o(i.TIM_OC4_SetConfig)
    i.TransferData                           0x08002aa8   Section        0  st7586s.o(i.TransferData)
    i.UART_SetConfig                         0x08002b00   Section        0  stm32f1xx_hal_uart.o(i.UART_SetConfig)
    UART_SetConfig                           0x08002b01   Thumb Code   290  stm32f1xx_hal_uart.o(i.UART_SetConfig)
    i.__0sprintf$1                           0x08002c28   Section        0  printf1.o(i.__0sprintf$1)
    i.__scatterload_copy                     0x08002c50   Section       14  handlers.o(i.__scatterload_copy)
    i.__scatterload_null                     0x08002c5e   Section        2  handlers.o(i.__scatterload_null)
    i.__scatterload_zeroinit                 0x08002c60   Section       14  handlers.o(i.__scatterload_zeroinit)
    i._printf_core                           0x08002c70   Section        0  printf1.o(i._printf_core)
    _printf_core                             0x08002c71   Thumb Code   334  printf1.o(i._printf_core)
    i._sputc                                 0x08002dc4   Section        0  printf1.o(i._sputc)
    _sputc                                   0x08002dc5   Thumb Code    10  printf1.o(i._sputc)
    i.main                                   0x08002dd0   Section        0  main.o(i.main)
    i.pic_buf_clr                            0x08002ebc   Section        0  st7586s.o(i.pic_buf_clr)
    i.put_pixel                              0x08002ef0   Section        0  st7586s.o(i.put_pixel)
    i.st7586s_redraw                         0x08002f70   Section        0  st7586s.o(i.st7586s_redraw)
    i.write_cmd                              0x08002f78   Section        0  st7586s.o(i.write_cmd)
    i.write_dat                              0x08002fdc   Section        0  st7586s.o(i.write_dat)
    .constdata                               0x0800304c   Section     4952  numbers54x32.o(.constdata)
    .constdata                               0x080043a4   Section       16  system_stm32f1xx.o(.constdata)
    .constdata                               0x080043b4   Section       16  stm32f1xx_hal_rcc.o(.constdata)
    .data                                    0x20000000   Section       12  numbers54x32.o(.data)
    .data                                    0x2000000c   Section        4  system_stm32f1xx.o(.data)
    .data                                    0x20000010   Section        1  stm32f1xx_hal_spi_ex.o(.data)
    .data                                    0x20000014   Section        4  stm32f1xx_hal.o(.data)
    uwTick                                   0x20000014   Data           4  stm32f1xx_hal.o(.data)
    .bss                                     0x20000018   Section      128  usart.o(.bss)
    .bss                                     0x20000098   Section      300  tim.o(.bss)
    .bss                                     0x200001c4   Section       88  spi.o(.bss)
    .bss                                     0x2000021c   Section       48  adc.o(.bss)
    .bss                                     0x2000024c   Section     1920  st7586s.o(.bss)
    STACK                                    0x200009d0   Section     1024  startup_stm32f100xb.o(STACK)

    Global Symbols

    Symbol Name                              Value     Ov Type        Size  Object(Section)

    BuildAttributes$$THM_ISAv4$P$D$K$B$S$PE$A:L22UL41UL21$X:L11$S22US41US21$IEEE1$IW$USESV6$~STKCKD$USESV7$~SHL$OSPACE$ROPI$EBA8$MICROLIB$REQ8$PRES8$EABIv2 0x00000000   Number         0  anon$$obj.o ABSOLUTE
    __ARM_use_no_argv                        0x00000000   Number         0  main.o ABSOLUTE
    _printf_a                                0x00000000   Number         0  stubs.o ABSOLUTE
    _printf_c                                0x00000000   Number         0  stubs.o ABSOLUTE
    _printf_charcount                        0x00000000   Number         0  stubs.o ABSOLUTE
    _printf_d                                0x00000000   Number         0  stubs.o ABSOLUTE
    _printf_e                                0x00000000   Number         0  stubs.o ABSOLUTE
    _printf_f                                0x00000000   Number         0  stubs.o ABSOLUTE
    _printf_flags                            0x00000000   Number         0  stubs.o ABSOLUTE
    _printf_fp_dec                           0x00000000   Number         0  stubs.o ABSOLUTE
    _printf_fp_hex                           0x00000000   Number         0  stubs.o ABSOLUTE
    _printf_g                                0x00000000   Number         0  stubs.o ABSOLUTE
    _printf_i                                0x00000000   Number         0  stubs.o ABSOLUTE
    _printf_int_dec                          0x00000000   Number         0  stubs.o ABSOLUTE
    _printf_l                                0x00000000   Number         0  stubs.o ABSOLUTE
    _printf_lc                               0x00000000   Number         0  stubs.o ABSOLUTE
    _printf_ll                               0x00000000   Number         0  stubs.o ABSOLUTE
    _printf_lld                              0x00000000   Number         0  stubs.o ABSOLUTE
    _printf_lli                              0x00000000   Number         0  stubs.o ABSOLUTE
    _printf_llo                              0x00000000   Number         0  stubs.o ABSOLUTE
    _printf_llu                              0x00000000   Number         0  stubs.o ABSOLUTE
    _printf_llx                              0x00000000   Number         0  stubs.o ABSOLUTE
    _printf_longlong_dec                     0x00000000   Number         0  stubs.o ABSOLUTE
    _printf_longlong_hex                     0x00000000   Number         0  stubs.o ABSOLUTE
    _printf_longlong_oct                     0x00000000   Number         0  stubs.o ABSOLUTE
    _printf_ls                               0x00000000   Number         0  stubs.o ABSOLUTE
    _printf_mbtowc                           0x00000000   Number         0  stubs.o ABSOLUTE
    _printf_n                                0x00000000   Number         0  stubs.o ABSOLUTE
    _printf_o                                0x00000000   Number         0  stubs.o ABSOLUTE
    _printf_p                                0x00000000   Number         0  stubs.o ABSOLUTE
    _printf_percent                          0x00000000   Number         0  stubs.o ABSOLUTE
    _printf_pre_padding                      0x00000000   Number         0  stubs.o ABSOLUTE
    _printf_return_value                     0x00000000   Number         0  stubs.o ABSOLUTE
    _printf_s                                0x00000000   Number         0  stubs.o ABSOLUTE
    _printf_sizespec                         0x00000000   Number         0  stubs.o ABSOLUTE
    _printf_str                              0x00000000   Number         0  stubs.o ABSOLUTE
    _printf_truncate_signed                  0x00000000   Number         0  stubs.o ABSOLUTE
    _printf_truncate_unsigned                0x00000000   Number         0  stubs.o ABSOLUTE
    _printf_u                                0x00000000   Number         0  stubs.o ABSOLUTE
    _printf_wc                               0x00000000   Number         0  stubs.o ABSOLUTE
    _printf_wctomb                           0x00000000   Number         0  stubs.o ABSOLUTE
    _printf_widthprec                        0x00000000   Number         0  stubs.o ABSOLUTE
    _printf_x                                0x00000000   Number         0  stubs.o ABSOLUTE
    __cpp_initialize__aeabi_                  - Undefined Weak Reference
    __cxa_finalize                            - Undefined Weak Reference
    __decompress                              - Undefined Weak Reference
    _clock_init                               - Undefined Weak Reference
    _microlib_exit                            - Undefined Weak Reference
    __Vectors_Size                           0x00000120   Number         0  startup_stm32f100xb.o ABSOLUTE
    __Vectors                                0x08000000   Data           4  startup_stm32f100xb.o(RESET)
    __Vectors_End                            0x08000120   Data           0  startup_stm32f100xb.o(RESET)
    __main                                   0x08000121   Thumb Code     0  entry.o(.ARM.Collect$$$$00000000)
    _main_stk                                0x08000121   Thumb Code     0  entry2.o(.ARM.Collect$$$$00000001)
    _main_scatterload                        0x08000125   Thumb Code     0  entry5.o(.ARM.Collect$$$$00000004)
    __main_after_scatterload                 0x08000129   Thumb Code     0  entry5.o(.ARM.Collect$$$$00000004)
    _main_clock                              0x08000129   Thumb Code     0  entry7b.o(.ARM.Collect$$$$00000008)
    _main_cpp_init                           0x08000129   Thumb Code     0  entry8b.o(.ARM.Collect$$$$0000000A)
    _main_init                               0x08000129   Thumb Code     0  entry9a.o(.ARM.Collect$$$$0000000B)
    __rt_final_cpp                           0x08000131   Thumb Code     0  entry10a.o(.ARM.Collect$$$$0000000D)
    __rt_final_exit                          0x08000131   Thumb Code     0  entry11a.o(.ARM.Collect$$$$0000000F)
    Reset_Handler                            0x08000135   Thumb Code     8  startup_stm32f100xb.o(.text)
    NMI_Handler                              0x0800013d   Thumb Code     2  startup_stm32f100xb.o(.text)
    HardFault_Handler                        0x0800013f   Thumb Code     2  startup_stm32f100xb.o(.text)
    MemManage_Handler                        0x08000141   Thumb Code     2  startup_stm32f100xb.o(.text)
    BusFault_Handler                         0x08000143   Thumb Code     2  startup_stm32f100xb.o(.text)
    UsageFault_Handler                       0x08000145   Thumb Code     2  startup_stm32f100xb.o(.text)
    SVC_Handler                              0x08000147   Thumb Code     2  startup_stm32f100xb.o(.text)
    DebugMon_Handler                         0x08000149   Thumb Code     2  startup_stm32f100xb.o(.text)
    PendSV_Handler                           0x0800014b   Thumb Code     2  startup_stm32f100xb.o(.text)
    CEC_IRQHandler                           0x0800014f   Thumb Code     0  startup_stm32f100xb.o(.text)
    DMA1_Channel1_IRQHandler                 0x0800014f   Thumb Code     0  startup_stm32f100xb.o(.text)
    DMA1_Channel2_IRQHandler                 0x0800014f   Thumb Code     0  startup_stm32f100xb.o(.text)
    DMA1_Channel3_IRQHandler                 0x0800014f   Thumb Code     0  startup_stm32f100xb.o(.text)
    DMA1_Channel4_IRQHandler                 0x0800014f   Thumb Code     0  startup_stm32f100xb.o(.text)
    DMA1_Channel5_IRQHandler                 0x0800014f   Thumb Code     0  startup_stm32f100xb.o(.text)
    DMA1_Channel6_IRQHandler                 0x0800014f   Thumb Code     0  startup_stm32f100xb.o(.text)
    DMA1_Channel7_IRQHandler                 0x0800014f   Thumb Code     0  startup_stm32f100xb.o(.text)
    EXTI0_IRQHandler                         0x0800014f   Thumb Code     0  startup_stm32f100xb.o(.text)
    EXTI15_10_IRQHandler                     0x0800014f   Thumb Code     0  startup_stm32f100xb.o(.text)
    EXTI1_IRQHandler                         0x0800014f   Thumb Code     0  startup_stm32f100xb.o(.text)
    EXTI2_IRQHandler                         0x0800014f   Thumb Code     0  startup_stm32f100xb.o(.text)
    EXTI3_IRQHandler                         0x0800014f   Thumb Code     0  startup_stm32f100xb.o(.text)
    EXTI4_IRQHandler                         0x0800014f   Thumb Code     0  startup_stm32f100xb.o(.text)
    EXTI9_5_IRQHandler                       0x0800014f   Thumb Code     0  startup_stm32f100xb.o(.text)
    FLASH_IRQHandler                         0x0800014f   Thumb Code     0  startup_stm32f100xb.o(.text)
    I2C1_ER_IRQHandler                       0x0800014f   Thumb Code     0  startup_stm32f100xb.o(.text)
    I2C1_EV_IRQHandler                       0x0800014f   Thumb Code     0  startup_stm32f100xb.o(.text)
    I2C2_ER_IRQHandler                       0x0800014f   Thumb Code     0  startup_stm32f100xb.o(.text)
    I2C2_EV_IRQHandler                       0x0800014f   Thumb Code     0  startup_stm32f100xb.o(.text)
    PVD_IRQHandler                           0x0800014f   Thumb Code     0  startup_stm32f100xb.o(.text)
    RCC_IRQHandler                           0x0800014f   Thumb Code     0  startup_stm32f100xb.o(.text)
    RTC_Alarm_IRQHandler                     0x0800014f   Thumb Code     0  startup_stm32f100xb.o(.text)
    RTC_IRQHandler                           0x0800014f   Thumb Code     0  startup_stm32f100xb.o(.text)
    SPI1_IRQHandler                          0x0800014f   Thumb Code     0  startup_stm32f100xb.o(.text)
    SPI2_IRQHandler                          0x0800014f   Thumb Code     0  startup_stm32f100xb.o(.text)
    TAMPER_IRQHandler                        0x0800014f   Thumb Code     0  startup_stm32f100xb.o(.text)
    TIM1_BRK_TIM15_IRQHandler                0x0800014f   Thumb Code     0  startup_stm32f100xb.o(.text)
    TIM1_CC_IRQHandler                       0x0800014f   Thumb Code     0  startup_stm32f100xb.o(.text)
    TIM1_TRG_COM_TIM17_IRQHandler            0x0800014f   Thumb Code     0  startup_stm32f100xb.o(.text)
    TIM1_UP_TIM16_IRQHandler                 0x0800014f   Thumb Code     0  startup_stm32f100xb.o(.text)
    TIM2_IRQHandler                          0x0800014f   Thumb Code     0  startup_stm32f100xb.o(.text)
    TIM3_IRQHandler                          0x0800014f   Thumb Code     0  startup_stm32f100xb.o(.text)
    TIM4_IRQHandler                          0x0800014f   Thumb Code     0  startup_stm32f100xb.o(.text)
    TIM6_DAC_IRQHandler                      0x0800014f   Thumb Code     0  startup_stm32f100xb.o(.text)
    TIM7_IRQHandler                          0x0800014f   Thumb Code     0  startup_stm32f100xb.o(.text)
    USART1_IRQHandler                        0x0800014f   Thumb Code     0  startup_stm32f100xb.o(.text)
    USART2_IRQHandler                        0x0800014f   Thumb Code     0  startup_stm32f100xb.o(.text)
    USART3_IRQHandler                        0x0800014f   Thumb Code     0  startup_stm32f100xb.o(.text)
    WWDG_IRQHandler                          0x0800014f   Thumb Code     0  startup_stm32f100xb.o(.text)
    strlen                                   0x08000159   Thumb Code    14  strlen.o(.text)
    __aeabi_uidiv                            0x08000167   Thumb Code     0  uidiv.o(.text)
    __aeabi_uidivmod                         0x08000167   Thumb Code    44  uidiv.o(.text)
    __scatterload                            0x08000195   Thumb Code    28  init.o(.text)
    __scatterload_rt2                        0x08000195   Thumb Code     0  init.o(.text)
    ADC1_IRQHandler                          0x080001b9   Thumb Code    12  main.o(i.ADC1_IRQHandler)
    ADC_ConversionStop_Disable               0x080001c9   Thumb Code    80  stm32f1xx_hal_adc.o(i.ADC_ConversionStop_Disable)
    ADC_Enable                               0x08000219   Thumb Code   120  stm32f1xx_hal_adc.o(i.ADC_Enable)
    Disp_Clr_Port                            0x08000299   Thumb Code    14  st7586s.o(i.Disp_Clr_Port)
    Disp_Write                               0x080002ad   Thumb Code    50  st7586s.o(i.Disp_Write)
    DrawCharOverlay                          0x080002e5   Thumb Code   168  st7586s.o(i.DrawCharOverlay)
    DrawString                               0x0800038d   Thumb Code   148  st7586s.o(i.DrawString)
    HAL_ADC_ConfigChannel                    0x08000421   Thumb Code   438  stm32f1xx_hal_adc.o(i.HAL_ADC_ConfigChannel)
    HAL_ADC_GetValue                         0x080005e5   Thumb Code     8  stm32f1xx_hal_adc.o(i.HAL_ADC_GetValue)
    HAL_ADC_Init                             0x080005ed   Thumb Code   344  stm32f1xx_hal_adc.o(i.HAL_ADC_Init)
    HAL_ADC_MspInit                          0x0800074d   Thumb Code    62  adc.o(i.HAL_ADC_MspInit)
    HAL_Delay                                0x08000799   Thumb Code    26  stm32f1xx_hal.o(i.HAL_Delay)
    HAL_GPIO_Init                            0x080007b5   Thumb Code   764  stm32f1xx_hal_gpio.o(i.HAL_GPIO_Init)
    HAL_GPIO_WritePin                        0x08000ad1   Thumb Code    12  stm32f1xx_hal_gpio.o(i.HAL_GPIO_WritePin)
    HAL_GetTick                              0x08000add   Thumb Code     6  stm32f1xx_hal.o(i.HAL_GetTick)
    HAL_IncTick                              0x08000ae9   Thumb Code    12  stm32f1xx_hal.o(i.HAL_IncTick)
    HAL_Init                                 0x08000af9   Thumb Code    22  stm32f1xx_hal.o(i.HAL_Init)
    HAL_InitTick                             0x08000b0f   Thumb Code    36  stm32f1xx_hal.o(i.HAL_InitTick)
    HAL_MspInit                              0x08000b35   Thumb Code   110  stm32f1xx_hal_msp.o(i.HAL_MspInit)
    HAL_NVIC_SetPriority                     0x08000bad   Thumb Code   124  stm32f1xx_hal_cortex.o(i.HAL_NVIC_SetPriority)
    HAL_NVIC_SetPriorityGrouping             0x08000c29   Thumb Code    32  stm32f1xx_hal_cortex.o(i.HAL_NVIC_SetPriorityGrouping)
    HAL_RCCEx_PeriphCLKConfig                0x08000c51   Thumb Code   320  stm32f1xx_hal_rcc_ex.o(i.HAL_RCCEx_PeriphCLKConfig)
    HAL_RCC_ClockConfig                      0x08000d9d   Thumb Code   522  stm32f1xx_hal_rcc.o(i.HAL_RCC_ClockConfig)
    HAL_RCC_GetHCLKFreq                      0x08000fad   Thumb Code    42  stm32f1xx_hal_rcc.o(i.HAL_RCC_GetHCLKFreq)
    HAL_RCC_GetPCLK1Freq                     0x08000fe5   Thumb Code    36  stm32f1xx_hal_rcc.o(i.HAL_RCC_GetPCLK1Freq)
    HAL_RCC_GetPCLK2Freq                     0x08001011   Thumb Code    36  stm32f1xx_hal_rcc.o(i.HAL_RCC_GetPCLK2Freq)
    HAL_RCC_GetSysClockFreq                  0x0800103d   Thumb Code   162  stm32f1xx_hal_rcc.o(i.HAL_RCC_GetSysClockFreq)
    HAL_RCC_OscConfig                        0x0800110d   Thumb Code  2394  stm32f1xx_hal_rcc.o(i.HAL_RCC_OscConfig)
    HAL_SPI_Init                             0x08001a71   Thumb Code   122  stm32f1xx_hal_spi_ex.o(i.HAL_SPI_Init)
    HAL_SPI_MspInit                          0x08001af1   Thumb Code    88  spi.o(i.HAL_SPI_MspInit)
    HAL_SYSTICK_CLKSourceConfig              0x08001b55   Thumb Code    40  stm32f1xx_hal_cortex.o(i.HAL_SYSTICK_CLKSourceConfig)
    HAL_SYSTICK_Callback                     0x08001b7d   Thumb Code     2  stm32f1xx_hal_cortex.o(i.HAL_SYSTICK_Callback)
    HAL_SYSTICK_Config                       0x08001b7f   Thumb Code    52  stm32f1xx_hal_cortex.o(i.HAL_SYSTICK_Config)
    HAL_SYSTICK_IRQHandler                   0x08001bb3   Thumb Code     8  stm32f1xx_hal_cortex.o(i.HAL_SYSTICK_IRQHandler)
    HAL_TIMEx_ConfigBreakDeadTime            0x08001bbb   Thumb Code    80  stm32f1xx_hal_tim_ex.o(i.HAL_TIMEx_ConfigBreakDeadTime)
    HAL_TIMEx_MasterConfigSynchronization    0x08001c0b   Thumb Code    98  stm32f1xx_hal_tim_ex.o(i.HAL_TIMEx_MasterConfigSynchronization)
    HAL_TIM_Base_Init                        0x08001c6d   Thumb Code    52  stm32f1xx_hal_tim.o(i.HAL_TIM_Base_Init)
    HAL_TIM_Base_MspInit                     0x08001ca1   Thumb Code   112  tim.o(i.HAL_TIM_Base_MspInit)
    HAL_TIM_MspPostInit                      0x08001d21   Thumb Code    88  tim.o(i.HAL_TIM_MspPostInit)
    HAL_TIM_PWM_ConfigChannel                0x08001d8d   Thumb Code   264  stm32f1xx_hal_tim.o(i.HAL_TIM_PWM_ConfigChannel)
    HAL_TIM_PWM_Init                         0x08001e95   Thumb Code    52  stm32f1xx_hal_tim.o(i.HAL_TIM_PWM_Init)
    HAL_TIM_PWM_MspInit                      0x08001ec9   Thumb Code    76  tim.o(i.HAL_TIM_PWM_MspInit)
    HAL_TIM_PWM_Start                        0x08001f21   Thumb Code    84  stm32f1xx_hal_tim.o(i.HAL_TIM_PWM_Start)
    HAL_UART_Init                            0x08001f85   Thumb Code   110  stm32f1xx_hal_uart.o(i.HAL_UART_Init)
    HAL_UART_MspInit                         0x08001ff5   Thumb Code   164  usart.o(i.HAL_UART_MspInit)
    LCD_initial                              0x080020ad   Thumb Code   376  st7586s.o(i.LCD_initial)
    MX_ADC1_Init                             0x08002229   Thumb Code    60  adc.o(i.MX_ADC1_Init)
    MX_GPIO_Init                             0x0800226d   Thumb Code   270  gpio.o(i.MX_GPIO_Init)
    MX_SPI2_Init                             0x08002391   Thumb Code    52  spi.o(i.MX_SPI2_Init)
    MX_TIM16_Init                            0x080023cd   Thumb Code    30  tim.o(i.MX_TIM16_Init)
    MX_TIM17_Init                            0x080023f5   Thumb Code    30  tim.o(i.MX_TIM17_Init)
    MX_TIM1_Init                             0x0800241d   Thumb Code   112  tim.o(i.MX_TIM1_Init)
    MX_TIM3_Init                             0x08002495   Thumb Code    80  tim.o(i.MX_TIM3_Init)
    MX_USART1_UART_Init                      0x080024ed   Thumb Code    40  usart.o(i.MX_USART1_UART_Init)
    MX_USART3_UART_Init                      0x0800251d   Thumb Code    40  usart.o(i.MX_USART3_UART_Init)
    Numbers54x32_GetCharData                 0x08002585   Thumb Code    70  numbers54x32.o(i.Numbers54x32_GetCharData)
    Show_Graph                               0x080025d1   Thumb Code    80  st7586s.o(i.Show_Graph)
    SysTick_Handler                          0x08002625   Thumb Code    12  stm32f1xx_it.o(i.SysTick_Handler)
    SystemClock_Config                       0x08002631   Thumb Code   114  main.o(i.SystemClock_Config)
    SystemCoreClockUpdate                    0x080026a5   Thumb Code   138  system_stm32f1xx.o(i.SystemCoreClockUpdate)
    SystemInit                               0x08002745   Thumb Code    74  system_stm32f1xx.o(i.SystemInit)
    TIM_Base_SetConfig                       0x080027a1   Thumb Code   130  stm32f1xx_hal_tim.o(i.TIM_Base_SetConfig)
    TIM_CCxChannelCmd                        0x0800283d   Thumb Code    28  stm32f1xx_hal_tim.o(i.TIM_CCxChannelCmd)
    TIM_OC2_SetConfig                        0x080028f5   Thumb Code   148  stm32f1xx_hal_tim.o(i.TIM_OC2_SetConfig)
    TransferData                             0x08002aa9   Thumb Code    88  st7586s.o(i.TransferData)
    __0sprintf$1                             0x08002c29   Thumb Code    34  printf1.o(i.__0sprintf$1)
    __1sprintf$1                             0x08002c29   Thumb Code     0  printf1.o(i.__0sprintf$1)
    __2sprintf                               0x08002c29   Thumb Code     0  printf1.o(i.__0sprintf$1)
    __scatterload_copy                       0x08002c51   Thumb Code    14  handlers.o(i.__scatterload_copy)
    __scatterload_null                       0x08002c5f   Thumb Code     2  handlers.o(i.__scatterload_null)
    __scatterload_zeroinit                   0x08002c61   Thumb Code    14  handlers.o(i.__scatterload_zeroinit)
    main                                     0x08002dd1   Thumb Code   210  main.o(i.main)
    pic_buf_clr                              0x08002ebd   Thumb Code    46  st7586s.o(i.pic_buf_clr)
    put_pixel                                0x08002ef1   Thumb Code   122  st7586s.o(i.put_pixel)
    st7586s_redraw                           0x08002f71   Thumb Code     8  st7586s.o(i.st7586s_redraw)
    write_cmd                                0x08002f79   Thumb Code    88  st7586s.o(i.write_cmd)
    write_dat                                0x08002fdd   Thumb Code    98  st7586s.o(i.write_dat)
    Numbers54x32_CH_0x002b                   0x0800304c   Data         217  numbers54x32.o(.constdata)
    Numbers54x32_CH_0x002c                   0x08003125   Data         217  numbers54x32.o(.constdata)
    Numbers54x32_CH_0x002d                   0x080031fe   Data         217  numbers54x32.o(.constdata)
    Numbers54x32_CH_0x002e                   0x080032d7   Data         217  numbers54x32.o(.constdata)
    Numbers54x32_CH_0x002f                   0x080033b0   Data         217  numbers54x32.o(.constdata)
    Numbers54x32_CH_0x0030                   0x08003489   Data         217  numbers54x32.o(.constdata)
    Numbers54x32_CH_0x0031                   0x08003562   Data         217  numbers54x32.o(.constdata)
    Numbers54x32_CH_0x0032                   0x0800363b   Data         217  numbers54x32.o(.constdata)
    Numbers54x32_CH_0x0033                   0x08003714   Data         217  numbers54x32.o(.constdata)
    Numbers54x32_CH_0x0034                   0x080037ed   Data         217  numbers54x32.o(.constdata)
    Numbers54x32_CH_0x0035                   0x080038c6   Data         217  numbers54x32.o(.constdata)
    Numbers54x32_CH_0x0036                   0x0800399f   Data         217  numbers54x32.o(.constdata)
    Numbers54x32_CH_0x0037                   0x08003a78   Data         217  numbers54x32.o(.constdata)
    Numbers54x32_CH_0x0038                   0x08003b51   Data         217  numbers54x32.o(.constdata)
    Numbers54x32_CH_0x0039                   0x08003c2a   Data         217  numbers54x32.o(.constdata)
    Numbers54x32_CH_0x003a                   0x08003d03   Data         217  numbers54x32.o(.constdata)
    Numbers54x32_CH_0x003b                   0x08003ddc   Data         217  numbers54x32.o(.constdata)
    Numbers54x32_CH_0x003c                   0x08003eb5   Data         217  numbers54x32.o(.constdata)
    Numbers54x32_CH_0x003d                   0x08003f8e   Data         217  numbers54x32.o(.constdata)
    Numbers54x32_CH_0x003e                   0x08004067   Data         217  numbers54x32.o(.constdata)
    Numbers54x32_CH_0x003f                   0x08004140   Data         217  numbers54x32.o(.constdata)
    Numbers54x32_CH_0x00b0                   0x08004219   Data         217  numbers54x32.o(.constdata)
    _Numbers54x32                            0x080042f4   Data         176  numbers54x32.o(.constdata)
    AHBPrescTable                            0x080043a4   Data          16  system_stm32f1xx.o(.constdata)
    aAPBAHBPrescTable                        0x080043b4   Data          16  stm32f1xx_hal_rcc.o(.constdata)
    Region$$Table$$Base                      0x080043c4   Number         0  anon$$obj.o(Region$$Table)
    Region$$Table$$Limit                     0x080043e4   Number         0  anon$$obj.o(Region$$Table)
    Numbers54x32_Font                        0x20000000   Data          12  numbers54x32.o(.data)
    SystemCoreClock                          0x2000000c   Data           4  system_stm32f1xx.o(.data)
    uCRCErrorWorkaroundCheck                 0x20000010   Data           1  stm32f1xx_hal_spi_ex.o(.data)
    huart1                                   0x20000018   Data          64  usart.o(.bss)
    huart3                                   0x20000058   Data          64  usart.o(.bss)
    htim1                                    0x20000098   Data          60  tim.o(.bss)
    htim3                                    0x200000d4   Data          60  tim.o(.bss)
    htim4                                    0x20000110   Data          60  tim.o(.bss)
    htim16                                   0x2000014c   Data          60  tim.o(.bss)
    htim17                                   0x20000188   Data          60  tim.o(.bss)
    hspi2                                    0x200001c4   Data          88  spi.o(.bss)
    hadc1                                    0x2000021c   Data          48  adc.o(.bss)
    code_pic                                 0x2000024c   Data        1920  st7586s.o(.bss)
    __initial_sp                             0x20000dd0   Data           0  startup_stm32f100xb.o(STACK)



==============================================================================

Memory Map of the image

  Image Entry point : 0x08000121

  Load Region LR_IROM1 (Base: 0x08000000, Size: 0x000043fc, Max: 0x00020000, ABSOLUTE)

    Execution Region ER_IROM1 (Base: 0x08000000, Size: 0x000043e4, Max: 0x00020000, ABSOLUTE)

    Base Addr    Size         Type   Attr      Idx    E Section Name        Object

    0x08000000   0x00000120   Data   RO         3221    RESET               startup_stm32f100xb.o
    0x08000120   0x00000000   Code   RO         3226  * .ARM.Collect$$$$00000000  mc_w.l(entry.o)
    0x08000120   0x00000004   Code   RO         3504    .ARM.Collect$$$$00000001  mc_w.l(entry2.o)
    0x08000124   0x00000004   Code   RO         3507    .ARM.Collect$$$$00000004  mc_w.l(entry5.o)
    0x08000128   0x00000000   Code   RO         3509    .ARM.Collect$$$$00000008  mc_w.l(entry7b.o)
    0x08000128   0x00000000   Code   RO         3511    .ARM.Collect$$$$0000000A  mc_w.l(entry8b.o)
    0x08000128   0x00000008   Code   RO         3512    .ARM.Collect$$$$0000000B  mc_w.l(entry9a.o)
    0x08000130   0x00000000   Code   RO         3514    .ARM.Collect$$$$0000000D  mc_w.l(entry10a.o)
    0x08000130   0x00000000   Code   RO         3516    .ARM.Collect$$$$0000000F  mc_w.l(entry11a.o)
    0x08000130   0x00000004   Code   RO         3505    .ARM.Collect$$$$00002712  mc_w.l(entry2.o)
    0x08000134   0x00000024   Code   RO         3222    .text               startup_stm32f100xb.o
    0x08000158   0x0000000e   Code   RO         3231    .text               mc_w.l(strlen.o)
    0x08000166   0x0000002c   Code   RO         3521    .text               mc_w.l(uidiv.o)
    0x08000192   0x00000002   PAD
    0x08000194   0x00000024   Code   RO         3536    .text               mc_w.l(init.o)
    0x080001b8   0x00000010   Code   RO          310    i.ADC1_IRQHandler   main.o
    0x080001c8   0x00000050   Code   RO         2743    i.ADC_ConversionStop_Disable  stm32f1xx_hal_adc.o
    0x08000218   0x00000080   Code   RO         2747    i.ADC_Enable        stm32f1xx_hal_adc.o
    0x08000298   0x00000014   Code   RO          501    i.Disp_Clr_Port     st7586s.o
    0x080002ac   0x00000038   Code   RO          505    i.Disp_Write        st7586s.o
    0x080002e4   0x000000a8   Code   RO          506    i.DrawCharOverlay   st7586s.o
    0x0800038c   0x00000094   Code   RO          507    i.DrawString        st7586s.o
    0x08000420   0x000001c4   Code   RO         2749    i.HAL_ADC_ConfigChannel  stm32f1xx_hal_adc.o
    0x080005e4   0x00000008   Code   RO         2756    i.HAL_ADC_GetValue  stm32f1xx_hal_adc.o
    0x080005ec   0x00000160   Code   RO         2758    i.HAL_ADC_Init      stm32f1xx_hal_adc.o
    0x0800074c   0x0000004c   Code   RO          436    i.HAL_ADC_MspInit   adc.o
    0x08000798   0x0000001a   Code   RO         2580    i.HAL_Delay         stm32f1xx_hal.o
    0x080007b2   0x00000002   PAD
    0x080007b4   0x0000031c   Code   RO         3159    i.HAL_GPIO_Init     stm32f1xx_hal_gpio.o
    0x08000ad0   0x0000000c   Code   RO         3163    i.HAL_GPIO_WritePin  stm32f1xx_hal_gpio.o
    0x08000adc   0x0000000c   Code   RO         2584    i.HAL_GetTick       stm32f1xx_hal.o
    0x08000ae8   0x00000010   Code   RO         2585    i.HAL_IncTick       stm32f1xx_hal.o
    0x08000af8   0x00000016   Code   RO         2586    i.HAL_Init          stm32f1xx_hal.o
    0x08000b0e   0x00000024   Code   RO         2587    i.HAL_InitTick      stm32f1xx_hal.o
    0x08000b32   0x00000002   PAD
    0x08000b34   0x00000078   Code   RO            4    i.HAL_MspInit       stm32f1xx_hal_msp.o
    0x08000bac   0x0000007c   Code   RO         1476    i.HAL_NVIC_SetPriority  stm32f1xx_hal_cortex.o
    0x08000c28   0x00000028   Code   RO         1477    i.HAL_NVIC_SetPriorityGrouping  stm32f1xx_hal_cortex.o
    0x08000c50   0x0000014c   Code   RO         2709    i.HAL_RCCEx_PeriphCLKConfig  stm32f1xx_hal_rcc_ex.o
    0x08000d9c   0x00000210   Code   RO         1591    i.HAL_RCC_ClockConfig  stm32f1xx_hal_rcc.o
    0x08000fac   0x00000038   Code   RO         1596    i.HAL_RCC_GetHCLKFreq  stm32f1xx_hal_rcc.o
    0x08000fe4   0x0000002c   Code   RO         1598    i.HAL_RCC_GetPCLK1Freq  stm32f1xx_hal_rcc.o
    0x08001010   0x0000002c   Code   RO         1599    i.HAL_RCC_GetPCLK2Freq  stm32f1xx_hal_rcc.o
    0x0800103c   0x000000d0   Code   RO         1600    i.HAL_RCC_GetSysClockFreq  stm32f1xx_hal_rcc.o
    0x0800110c   0x00000964   Code   RO         1603    i.HAL_RCC_OscConfig  stm32f1xx_hal_rcc.o
    0x08001a70   0x00000080   Code   RO         2540    i.HAL_SPI_Init      stm32f1xx_hal_spi_ex.o
    0x08001af0   0x00000064   Code   RO          394    i.HAL_SPI_MspInit   spi.o
    0x08001b54   0x00000028   Code   RO         1479    i.HAL_SYSTICK_CLKSourceConfig  stm32f1xx_hal_cortex.o
    0x08001b7c   0x00000002   Code   RO         1480    i.HAL_SYSTICK_Callback  stm32f1xx_hal_cortex.o
    0x08001b7e   0x00000034   Code   RO         1481    i.HAL_SYSTICK_Config  stm32f1xx_hal_cortex.o
    0x08001bb2   0x00000008   Code   RO         1482    i.HAL_SYSTICK_IRQHandler  stm32f1xx_hal_cortex.o
    0x08001bba   0x00000050   Code   RO         2925    i.HAL_TIMEx_ConfigBreakDeadTime  stm32f1xx_hal_tim_ex.o
    0x08001c0a   0x00000062   Code   RO         2940    i.HAL_TIMEx_MasterConfigSynchronization  stm32f1xx_hal_tim_ex.o
    0x08001c6c   0x00000034   Code   RO          829    i.HAL_TIM_Base_Init  stm32f1xx_hal_tim.o
    0x08001ca0   0x00000080   Code   RO          227    i.HAL_TIM_Base_MspInit  tim.o
    0x08001d20   0x0000006c   Code   RO          228    i.HAL_TIM_MspPostInit  tim.o
    0x08001d8c   0x00000108   Code   RO          895    i.HAL_TIM_PWM_ConfigChannel  stm32f1xx_hal_tim.o
    0x08001e94   0x00000034   Code   RO          898    i.HAL_TIM_PWM_Init  stm32f1xx_hal_tim.o
    0x08001ec8   0x00000058   Code   RO          230    i.HAL_TIM_PWM_MspInit  tim.o
    0x08001f20   0x00000064   Code   RO          902    i.HAL_TIM_PWM_Start  stm32f1xx_hal_tim.o
    0x08001f84   0x0000006e   Code   RO         2136    i.HAL_UART_Init     stm32f1xx_hal_uart.o
    0x08001ff2   0x00000002   PAD
    0x08001ff4   0x000000b8   Code   RO          179    i.HAL_UART_MspInit  usart.o
    0x080020ac   0x0000017c   Code   RO          510    i.LCD_initial       st7586s.o
    0x08002228   0x00000044   Code   RO          437    i.MX_ADC1_Init      adc.o
    0x0800226c   0x00000124   Code   RO          151    i.MX_GPIO_Init      gpio.o
    0x08002390   0x0000003c   Code   RO          395    i.MX_SPI2_Init      spi.o
    0x080023cc   0x00000028   Code   RO          231    i.MX_TIM16_Init     tim.o
    0x080023f4   0x00000028   Code   RO          232    i.MX_TIM17_Init     tim.o
    0x0800241c   0x00000078   Code   RO          233    i.MX_TIM1_Init      tim.o
    0x08002494   0x00000058   Code   RO          234    i.MX_TIM3_Init      tim.o
    0x080024ec   0x00000030   Code   RO          180    i.MX_USART1_UART_Init  usart.o
    0x0800251c   0x00000030   Code   RO          181    i.MX_USART3_UART_Init  usart.o
    0x0800254c   0x00000010   Code   RO         1483    i.NVIC_GetPriorityGrouping  stm32f1xx_hal_cortex.o
    0x0800255c   0x00000028   Code   RO         1484    i.NVIC_SetPriority  stm32f1xx_hal_cortex.o
    0x08002584   0x0000004c   Code   RO          474    i.Numbers54x32_GetCharData  numbers54x32.o
    0x080025d0   0x00000054   Code   RO          511    i.Show_Graph        st7586s.o
    0x08002624   0x0000000c   Code   RO          124    i.SysTick_Handler   stm32f1xx_it.o
    0x08002630   0x00000072   Code   RO          312    i.SystemClock_Config  main.o
    0x080026a2   0x00000002   PAD
    0x080026a4   0x000000a0   Code   RO          665    i.SystemCoreClockUpdate  system_stm32f1xx.o
    0x08002744   0x0000005c   Code   RO          666    i.SystemInit        system_stm32f1xx.o
    0x080027a0   0x0000009c   Code   RO          913    i.TIM_Base_SetConfig  stm32f1xx_hal_tim.o
    0x0800283c   0x0000001c   Code   RO          914    i.TIM_CCxChannelCmd  stm32f1xx_hal_tim.o
    0x08002858   0x0000009c   Code   RO          922    i.TIM_OC1_SetConfig  stm32f1xx_hal_tim.o
    0x080028f4   0x000000a4   Code   RO          923    i.TIM_OC2_SetConfig  stm32f1xx_hal_tim.o
    0x08002998   0x000000a4   Code   RO          924    i.TIM_OC3_SetConfig  stm32f1xx_hal_tim.o
    0x08002a3c   0x0000006c   Code   RO          925    i.TIM_OC4_SetConfig  stm32f1xx_hal_tim.o
    0x08002aa8   0x00000058   Code   RO          513    i.TransferData      st7586s.o
    0x08002b00   0x00000128   Code   RO         2156    i.UART_SetConfig    stm32f1xx_hal_uart.o
    0x08002c28   0x00000028   Code   RO         3280    i.__0sprintf$1      mc_w.l(printf1.o)
    0x08002c50   0x0000000e   Code   RO         3542    i.__scatterload_copy  mc_w.l(handlers.o)
    0x08002c5e   0x00000002   Code   RO         3543    i.__scatterload_null  mc_w.l(handlers.o)
    0x08002c60   0x0000000e   Code   RO         3544    i.__scatterload_zeroinit  mc_w.l(handlers.o)
    0x08002c6e   0x00000002   PAD
    0x08002c70   0x00000154   Code   RO         3285    i._printf_core      mc_w.l(printf1.o)
    0x08002dc4   0x0000000a   Code   RO         3287    i._sputc            mc_w.l(printf1.o)
    0x08002dce   0x00000002   PAD
    0x08002dd0   0x000000ec   Code   RO          314    i.main              main.o
    0x08002ebc   0x00000034   Code   RO          516    i.pic_buf_clr       st7586s.o
    0x08002ef0   0x00000080   Code   RO          517    i.put_pixel         st7586s.o
    0x08002f70   0x00000008   Code   RO          518    i.st7586s_redraw    st7586s.o
    0x08002f78   0x00000064   Code   RO          519    i.write_cmd         st7586s.o
    0x08002fdc   0x00000070   Code   RO          520    i.write_dat         st7586s.o
    0x0800304c   0x00001358   Data   RO          475    .constdata          numbers54x32.o
    0x080043a4   0x00000010   Data   RO          667    .constdata          system_stm32f1xx.o
    0x080043b4   0x00000010   Data   RO         1604    .constdata          stm32f1xx_hal_rcc.o
    0x080043c4   0x00000020   Data   RO         3540    Region$$Table       anon$$obj.o


    Execution Region RW_IRAM1 (Base: 0x20000000, Size: 0x00000dd0, Max: 0x00002000, ABSOLUTE)

    Base Addr    Size         Type   Attr      Idx    E Section Name        Object

    0x20000000   0x0000000c   Data   RW          476    .data               numbers54x32.o
    0x2000000c   0x00000004   Data   RW          668    .data               system_stm32f1xx.o
    0x20000010   0x00000001   Data   RW         2542    .data               stm32f1xx_hal_spi_ex.o
    0x20000011   0x00000003   PAD
    0x20000014   0x00000004   Data   RW         2592    .data               stm32f1xx_hal.o
    0x20000018   0x00000080   Zero   RW          182    .bss                usart.o
    0x20000098   0x0000012c   Zero   RW          236    .bss                tim.o
    0x200001c4   0x00000058   Zero   RW          396    .bss                spi.o
    0x2000021c   0x00000030   Zero   RW          438    .bss                adc.o
    0x2000024c   0x00000780   Zero   RW          521    .bss                st7586s.o
    0x200009cc   0x00000004   PAD
    0x200009d0   0x00000400   Zero   RW         3219    STACK               startup_stm32f100xb.o


==============================================================================

Image component sizes


      Code (inc. data)   RO Data    RW Data    ZI Data      Debug   Object Name

       144         22          0          0         48       1353   adc.o
       292         22          0          0          0        895   gpio.o
       366         30          0          0          0       2174   main.o
        76          6       4952         12          0       2847   numbers54x32.o
       160         20          0          0         88       1353   spi.o
      1344         58          0          0       1920       7896   st7586s.o
        36          8        288          0       1024        712   startup_stm32f100xb.o
       112         10          0          4          0       3270   stm32f1xx_hal.o
      1020         30          0          0          0       4152   stm32f1xx_hal_adc.o
       322         22          0          0          0      26728   stm32f1xx_hal_cortex.o
       808         32          0          0          0       2684   stm32f1xx_hal_gpio.o
       120         10          0          0          0     215650   stm32f1xx_hal_msp.o
      3284        118         16          0          0       5556   stm32f1xx_hal_rcc.o
       332         12          0          0          0       1196   stm32f1xx_hal_rcc_ex.o
       128          6          0          1          0       1194   stm32f1xx_hal_spi_ex.o
      1244        110          0          0          0       6972   stm32f1xx_hal_tim.o
       178          0          0          0          0       1700   stm32f1xx_hal_tim_ex.o
       406          6          0          0          0       1540   stm32f1xx_hal_uart.o
        12          0          0          0          0        406   stm32f1xx_it.o
       252         40         16          4          0       1877   system_stm32f1xx.o
       612         84          0          0        300       3935   tim.o
       280         36          0          0        128       1903   usart.o

    ----------------------------------------------------------------------
     11536        682       5304         24       3512     295993   Object Totals
         0          0         32          0          0          0   (incl. Generated)
         8          0          0          3          4          0   (incl. Padding)

    ----------------------------------------------------------------------

      Code (inc. data)   RO Data    RW Data    ZI Data      Debug   Library Member Name

         0          0          0          0          0          0   entry.o
         0          0          0          0          0          0   entry10a.o
         0          0          0          0          0          0   entry11a.o
         8          4          0          0          0          0   entry2.o
         4          0          0          0          0          0   entry5.o
         0          0          0          0          0          0   entry7b.o
         0          0          0          0          0          0   entry8b.o
         8          4          0          0          0          0   entry9a.o
        30          0          0          0          0          0   handlers.o
        36          8          0          0          0         68   init.o
       390         12          0          0          0        248   printf1.o
        14          0          0          0          0         68   strlen.o
        44          0          0          0          0         80   uidiv.o

    ----------------------------------------------------------------------
       540         28          0          0          0        464   Library Totals
         6          0          0          0          0          0   (incl. Padding)

    ----------------------------------------------------------------------

      Code (inc. data)   RO Data    RW Data    ZI Data      Debug   Library Name

       534         28          0          0          0        464   mc_w.l

    ----------------------------------------------------------------------
       540         28          0          0          0        464   Library Totals

    ----------------------------------------------------------------------

==============================================================================


      Code (inc. data)   RO Data    RW Data    ZI Data      Debug   

     12076        710       5304         24       3512     292401   Grand Totals
     12076        710       5304         24       3512     292401   ELF Image Totals
     12076        710       5304         24          0          0   ROM Totals

==============================================================================

    Total RO  Size (Code + RO Data)                17380 (  16.97kB)
    Total RW  Size (RW Data + ZI Data)              3536 (   3.45kB)
    Total ROM Size (Code + RO Data + RW Data)      17404 (  17.00kB)

==============================================================================

