ARM Linker, 5.03 [Build 76] [MDK-ARM Professional]

==============================================================================

Section Cross References

    stm32f1xx_hal_msp.o(i.HAL_MspInit) refers to stm32f1xx_hal_cortex.o(i.HAL_NVIC_SetPriorityGrouping) for HAL_NVIC_SetPriorityGrouping
    stm32f1xx_hal_msp.o(i.HAL_MspInit) refers to stm32f1xx_hal_cortex.o(i.HAL_NVIC_SetPriority) for HAL_NVIC_SetPriority
    stm32f1xx_it.o(i.SysTick_Handler) refers to stm32f1xx_hal.o(i.HAL_IncTick) for HAL_IncTick
    stm32f1xx_it.o(i.SysTick_Handler) refers to stm32f1xx_hal_cortex.o(i.HAL_SYSTICK_IRQHandler) for HAL_SYSTICK_IRQHandler
    gpio.o(i.MX_GPIO_Init) refers to stm32f1xx_hal_gpio.o(i.HAL_GPIO_WritePin) for HAL_GPIO_WritePin
    gpio.o(i.MX_GPIO_Init) refers to stm32f1xx_hal_gpio.o(i.HAL_GPIO_Init) for HAL_GPIO_Init
    usart.o(i.HAL_UART_MspDeInit) refers to stm32f1xx_hal_gpio.o(i.HAL_GPIO_DeInit) for HAL_GPIO_DeInit
    usart.o(i.HAL_UART_MspInit) refers to stm32f1xx_hal_gpio.o(i.HAL_GPIO_Init) for HAL_GPIO_Init
    usart.o(i.MX_USART1_UART_Init) refers to stm32f1xx_hal_uart.o(i.HAL_UART_Init) for HAL_UART_Init
    usart.o(i.MX_USART1_UART_Init) refers to usart.o(.bss) for huart1
    usart.o(i.MX_USART3_UART_Init) refers to stm32f1xx_hal_uart.o(i.HAL_UART_Init) for HAL_UART_Init
    usart.o(i.MX_USART3_UART_Init) refers to usart.o(.bss) for huart3
    tim.o(i.HAL_TIM_MspPostInit) refers to stm32f1xx_hal_gpio.o(i.HAL_GPIO_Init) for HAL_GPIO_Init
    tim.o(i.MX_TIM16_Init) refers to stm32f1xx_hal_tim.o(i.HAL_TIM_Base_Init) for HAL_TIM_Base_Init
    tim.o(i.MX_TIM16_Init) refers to tim.o(.bss) for htim16
    tim.o(i.MX_TIM17_Init) refers to stm32f1xx_hal_tim.o(i.HAL_TIM_Base_Init) for HAL_TIM_Base_Init
    tim.o(i.MX_TIM17_Init) refers to tim.o(.bss) for htim17
    tim.o(i.MX_TIM1_Init) refers to stm32f1xx_hal_tim.o(i.HAL_TIM_PWM_Init) for HAL_TIM_PWM_Init
    tim.o(i.MX_TIM1_Init) refers to stm32f1xx_hal_tim_ex.o(i.HAL_TIMEx_MasterConfigSynchronization) for HAL_TIMEx_MasterConfigSynchronization
    tim.o(i.MX_TIM1_Init) refers to stm32f1xx_hal_tim_ex.o(i.HAL_TIMEx_ConfigBreakDeadTime) for HAL_TIMEx_ConfigBreakDeadTime
    tim.o(i.MX_TIM1_Init) refers to stm32f1xx_hal_tim.o(i.HAL_TIM_PWM_ConfigChannel) for HAL_TIM_PWM_ConfigChannel
    tim.o(i.MX_TIM1_Init) refers to tim.o(i.HAL_TIM_MspPostInit) for HAL_TIM_MspPostInit
    tim.o(i.MX_TIM1_Init) refers to tim.o(.bss) for htim1
    tim.o(i.MX_TIM3_Init) refers to stm32f1xx_hal_tim.o(i.HAL_TIM_PWM_Init) for HAL_TIM_PWM_Init
    tim.o(i.MX_TIM3_Init) refers to stm32f1xx_hal_tim_ex.o(i.HAL_TIMEx_MasterConfigSynchronization) for HAL_TIMEx_MasterConfigSynchronization
    tim.o(i.MX_TIM3_Init) refers to stm32f1xx_hal_tim.o(i.HAL_TIM_PWM_ConfigChannel) for HAL_TIM_PWM_ConfigChannel
    tim.o(i.MX_TIM3_Init) refers to tim.o(i.HAL_TIM_MspPostInit) for HAL_TIM_MspPostInit
    tim.o(i.MX_TIM3_Init) refers to tim.o(.bss) for htim3
    tim.o(i.MX_TIM4_Init) refers to stm32f1xx_hal_tim.o(i.HAL_TIM_Base_Init) for HAL_TIM_Base_Init
    tim.o(i.MX_TIM4_Init) refers to stm32f1xx_hal_tim.o(i.HAL_TIM_ConfigClockSource) for HAL_TIM_ConfigClockSource
    tim.o(i.MX_TIM4_Init) refers to stm32f1xx_hal_tim_ex.o(i.HAL_TIMEx_MasterConfigSynchronization) for HAL_TIMEx_MasterConfigSynchronization
    tim.o(i.MX_TIM4_Init) refers to tim.o(i.SetPeriod) for SetPeriod
    tim.o(i.MX_TIM4_Init) refers to tim.o(.bss) for htim4
    main.o(i.ADC1_IRQHandler) refers to stm32f1xx_hal_adc.o(i.HAL_ADC_GetValue) for HAL_ADC_GetValue
    main.o(i.ADC1_IRQHandler) refers to adc.o(.bss) for hadc1
    main.o(i.Check_Button1) refers to stm32f1xx_hal_gpio.o(i.HAL_GPIO_ReadPin) for HAL_GPIO_ReadPin
    main.o(i.Check_ButtonDOWN) refers to stm32f1xx_hal_gpio.o(i.HAL_GPIO_ReadPin) for HAL_GPIO_ReadPin
    main.o(i.Check_ButtonUP) refers to stm32f1xx_hal_gpio.o(i.HAL_GPIO_ReadPin) for HAL_GPIO_ReadPin
    main.o(i.HAL_UART_RxCpltCallback) refers to modbs_master.o(i.mb_rx_tx_interrupt) for mb_rx_tx_interrupt
    main.o(i.HAL_UART_RxCpltCallback) refers to main.o(.data) for mbMasterItFlag
    main.o(i.HAL_UART_RxCpltCallback) refers to main.o(.bss) for PARAMS
    main.o(i.HAL_UART_TxCpltCallback) refers to modbs_master.o(i.mb_rx_tx_interrupt) for mb_rx_tx_interrupt
    main.o(i.HAL_UART_TxCpltCallback) refers to main.o(.data) for mbMasterItFlag
    main.o(i.HAL_UART_TxCpltCallback) refers to main.o(.bss) for PARAMS
    main.o(i.MbParam_Init) refers to main.o(.bss) for PARAMS
    main.o(i.MbParam_Init) refers to main.o(i.uart_init) for uart_init
    main.o(i.MbParam_Init) refers to main.o(i.uart_send) for uart_send
    main.o(i.MbParam_Init) refers to main.o(i.uart_recv) for uart_recv
    main.o(i.MbParam_Init) refers to main.o(i.uart_rx_en) for uart_rx_en
    main.o(i.MbParam_Init) refers to main.o(i.uart_tx_en) for uart_tx_en
    main.o(i.MbParam_Init) refers to main.o(i.timer_start) for timer_start
    main.o(i.MbParam_Init) refers to main.o(i.timer_reset) for timer_reset
[...]
    i.HAL_TIM_PWM_MspInit                    0x08002910   Section        0  tim.o(i.HAL_TIM_PWM_MspInit)
    i.HAL_TIM_PWM_Start                      0x08002968   Section        0  stm32f1xx_hal_tim.o(i.HAL_TIM_PWM_Start)
    i.HAL_UART_ErrorCallback                 0x080029cc   Section        0  stm32f1xx_hal_uart.o(i.HAL_UART_ErrorCallback)
    i.HAL_UART_GetState                      0x080029ce   Section        0  stm32f1xx_hal_uart.o(i.HAL_UART_GetState)
    i.HAL_UART_IRQHandler                    0x080029d6   Section        0  stm32f1xx_hal_uart.o(i.HAL_UART_IRQHandler)
    i.HAL_UART_Init                          0x08002ab0   Section        0  stm32f1xx_hal_uart.o(i.HAL_UART_Init)
    i.HAL_UART_MspInit                       0x08002b20   Section        0  usart.o(i.HAL_UART_MspInit)
    i.HAL_UART_Receive                       0x08002bd8   Section        0  stm32f1xx_hal_uart.o(i.HAL_UART_Receive)
    i.HAL_UART_RxCpltCallback                0x08002cd0   Section        0  main.o(i.HAL_UART_RxCpltCallback)
    i.HAL_UART_Transmit_IT                   0x08002d04   Section        0  stm32f1xx_hal_uart.o(i.HAL_UART_Transmit_IT)
    i.HAL_UART_TxCpltCallback                0x08002d74   Section        0  main.o(i.HAL_UART_TxCpltCallback)
    i.LCD_initial                            0x08002d9c   Section        0  st7586s.o(i.LCD_initial)
    i.MX_ADC1_Init                           0x08002f18   Section        0  adc.o(i.MX_ADC1_Init)
    i.MX_GPIO_Init                           0x08002f5c   Section        0  gpio.o(i.MX_GPIO_Init)
    i.MX_SPI2_Init                           0x08003080   Section        0  spi.o(i.MX_SPI2_Init)
    i.MX_TIM16_Init                          0x080030bc   Section        0  tim.o(i.MX_TIM16_Init)
    i.MX_TIM17_Init                          0x080030e4   Section        0  tim.o(i.MX_TIM17_Init)
    i.MX_TIM1_Init                           0x0800310c   Section        0  tim.o(i.MX_TIM1_Init)
    i.MX_TIM3_Init                           0x08003184   Section        0  tim.o(i.MX_TIM3_Init)
    i.MX_TIM4_Init                           0x080031dc   Section        0  tim.o(i.MX_TIM4_Init)
    i.MX_USART1_UART_Init                    0x08003238   Section        0  usart.o(i.MX_USART1_UART_Init)
    i.MX_USART3_UART_Init                    0x08003268   Section        0  usart.o(i.MX_USART3_UART_Init)
    i.MbParam_Init                           0x0800329c   Section        0  main.o(i.MbParam_Init)
    i.NVIC_EnableIRQ                         0x08003384   Section        0  main.o(i.NVIC_EnableIRQ)
    NVIC_EnableIRQ                           0x08003385   Thumb Code    24  main.o(i.NVIC_EnableIRQ)
    i.NVIC_GetPriorityGrouping               0x0800339c   Section        0  stm32f1xx_hal_cortex.o(i.NVIC_GetPriorityGrouping)
    NVIC_GetPriorityGrouping                 0x0800339d   Thumb Code    10  stm32f1xx_hal_cortex.o(i.NVIC_GetPriorityGrouping)
    i.NVIC_SetPriority                       0x080033ac   Section        0  stm32f1xx_hal_cortex.o(i.NVIC_SetPriority)
    NVIC_SetPriority                         0x080033ad   Thumb Code    32  stm32f1xx_hal_cortex.o(i.NVIC_SetPriority)
    i.Read_GSAD_Data                         0x080033d4   Section        0  gsad.o(i.Read_GSAD_Data)
    i.SetPeriod                              0x08003408   Section        0  tim.o(i.SetPeriod)
    i.Show_Graph                             0x08003440   Section        0  st7586s.o(i.Show_Graph)
    i.Slave_request                          0x08003494   Section        0  modbs_master.o(i.Slave_request)
    i.SysTick_Handler                        0x080034e4   Section        0  main.o(i.SysTick_Handler)
    i.SystemClock_Config                     0x080036bc   Section        0  main.o(i.SystemClock_Config)
    i.SystemCoreClockUpdate                  0x08003744   Section        0  system_stm32f1xx.o(i.SystemCoreClockUpdate)
    i.SystemInit                             0x080037e4   Section        0  system_stm32f1xx.o(i.SystemInit)
    i.TIM4_IRQHandler                        0x08003840   Section        0  main.o(i.TIM4_IRQHandler)
    i.TIM_Base_SetConfig                     0x08003884   Section        0  stm32f1xx_hal_tim.o(i.TIM_Base_SetConfig)
    i.TIM_CCxChannelCmd                      0x08003920   Section        0  stm32f1xx_hal_tim.o(i.TIM_CCxChannelCmd)
    i.TIM_ETR_SetConfig                      0x0800393c   Section        0  stm32f1xx_hal_tim.o(i.TIM_ETR_SetConfig)
    TIM_ETR_SetConfig                        0x0800393d   Thumb Code    24  stm32f1xx_hal_tim.o(i.TIM_ETR_SetConfig)
    i.TIM_ITRx_SetConfig                     0x08003954   Section        0  stm32f1xx_hal_tim.o(i.TIM_ITRx_SetConfig)
    TIM_ITRx_SetConfig                       0x08003955   Thumb Code    20  stm32f1xx_hal_tim.o(i.TIM_ITRx_SetConfig)
    i.TIM_OC1_SetConfig                      0x08003968   Section        0  stm32f1xx_hal_tim.o(i.TIM_OC1_SetConfig)
    TIM_OC1_SetConfig                        0x08003969   Thumb Code   138  stm32f1xx_hal_tim.o(i.TIM_OC1_SetConfig)
    i.TIM_OC2_SetConfig                      0x08003a04   Section        0  stm32f1xx_hal_tim.o(i.TIM_OC2_SetConfig)
    i.TIM_OC3_SetConfig                      0x08003aa8   Section        0  stm32f1xx_hal_tim.o(i.TIM_OC3_SetConfig)
    TIM_OC3_SetConfig                        0x08003aa9   Thumb Code   146  stm32f1xx_hal_tim.o(i.TIM_OC3_SetConfig)
    i.TIM_OC4_SetConfig                      0x08003b4c   Section        0  stm32f1xx_hal_tim.o(i.TIM_OC4_SetConfig)
    TIM_OC4_SetConfig                        0x08003b4d   Thumb Code    92  stm32f1xx_hal_tim.o(i.TIM_OC4_SetConfig)
    i.TIM_TI1_ConfigInputStage               0x08003bb8   Section        0  stm32f1xx_hal_tim.o(i.TIM_TI1_ConfigInputStage)
    TIM_TI1_ConfigInputStage                 0x08003bb9   Thumb Code    42  stm32f1xx_hal_tim.o(i.TIM_TI1_ConfigInputStage)
    i.TIM_TI2_ConfigInputStage               0x08003be2   Section        0  stm32f1xx_hal_tim.o(i.TIM_TI2_ConfigInputStage)
    TIM_TI2_ConfigInputStage                 0x08003be3   Thumb Code    44  stm32f1xx_hal_tim.o(i.TIM_TI2_ConfigInputStage)
    i.TransferData                           0x08003c0e   Section        0  st7586s.o(i.TransferData)
    i.UART_EndTransmit_IT                    0x08003c66   Section        0  stm32f1xx_hal_uart.o(i.UART_EndTransmit_IT)
    UART_EndTransmit_IT                      0x08003c67   Thumb Code    48  stm32f1xx_hal_uart.o(i.UART_EndTransmit_IT)
    i.UART_SetConfig                         0x08003c98   Section        0  stm32f1xx_hal_uart.o(i.UART_SetConfig)
    UART_SetConfig                           0x08003c99   Thumb Code   290  stm32f1xx_hal_uart.o(i.UART_SetConfig)
    i.UART_Transmit_IT                       0x08003dc0   Section        0  stm32f1xx_hal_uart.o(i.UART_Transmit_IT)
    UART_Transmit_IT                         0x08003dc1   Thumb Code   114  stm32f1xx_hal_uart.o(i.UART_Transmit_IT)
    i.UART_Wait                              0x08003e34   Section        0  main.o(i.UART_Wait)
    i.UART_WaitOnFlagUntilTimeout            0x08003e48   Section        0  stm32f1xx_hal_uart.o(i.UART_WaitOnFlagUntilTimeout)
    UART_WaitOnFlagUntilTimeout              0x08003e49   Thumb Code   250  stm32f1xx_hal_uart.o(i.UART_WaitOnFlagUntilTimeout)
    i.USART3_IRQHandler                      0x08003f44   Section        0  main.o(i.USART3_IRQHandler)
    i.__0sprintf                             0x08003f54   Section        0  printfa.o(i.__0sprintf)
    i.__scatterload_copy                     0x08003f7c   Section       14  handlers.o(i.__scatterload_copy)
    i.__scatterload_null                     0x08003f8a   Section        2  handlers.o(i.__scatterload_null)
    i.__scatterload_zeroinit                 0x08003f8c   Section       14  handlers.o(i.__scatterload_zeroinit)
    i._fp_digits                             0x08003f9c   Section        0  printfa.o(i._fp_digits)
    _fp_digits                               0x08003f9d   Thumb Code   326  printfa.o(i._fp_digits)
    i._printf_core                           0x080040f8   Section        0  printfa.o(i._printf_core)
    _printf_core                             0x080040f9   Thumb Code  1762  printfa.o(i._printf_core)
    i._printf_post_padding                   0x080047e8   Section        0  printfa.o(i._printf_post_padding)
    _printf_post_padding                     0x080047e9   Thumb Code    38  printfa.o(i._printf_post_padding)
    i._printf_pre_padding                    0x0800480e   Section        0  printfa.o(i._printf_pre_padding)
    _printf_pre_padding                      0x0800480f   Thumb Code    48  printfa.o(i._printf_pre_padding)
    i._sputc                                 0x0800483e   Section        0  printfa.o(i._sputc)
    _sputc                                   0x0800483f   Thumb Code    10  printfa.o(i._sputc)
    i.begin_display                          0x08004848   Section        0  display.o(i.begin_display)
    i.first_screen                           0x08004898   Section        0  display.o(i.first_screen)
    i.get_int_sourse                         0x080049bc   Section        0  main.o(i.get_int_sourse)
    i.last_screen                            0x080049c8   Section        0  display.o(i.last_screen)
    i.main                                   0x08004b14   Section        0  main.o(i.main)
    i.mbInit                                 0x08004d74   Section        0  modbs_master.o(i.mbInit)
    i.mbPack                                 0x08004df4   Section        0  modbs_master.o(i.mbPack)
    i.mbParsePacket                          0x08004e94   Section        0  modbs_master.o(i.mbParsePacket)
    i.mb_Timer_Int                           0x08004f32   Section        0  modbs_master.o(i.mb_Timer_Int)
    i.mb_convert_baudrate                    0x08004f9c   Section        0  modbs_master.o(i.mb_convert_baudrate)
    i.mb_reset_timer                         0x08004fd8   Section        0  modbs_master.o(i.mb_reset_timer)
    i.mb_rx_func                             0x08004ffe   Section        0  modbs_master.o(i.mb_rx_func)
    i.mb_rx_reset                            0x080050c8   Section        0  modbs_master.o(i.mb_rx_reset)
    i.mb_rx_tx_interrupt                     0x080050e6   Section        0  modbs_master.o(i.mb_rx_tx_interrupt)
    i.mb_start_timer                         0x0800515c   Section        0  modbs_master.o(i.mb_start_timer)
    i.mb_start_tx                            0x08005180   Section        0  modbs_master.o(i.mb_start_tx)
    i.mb_stop_tx                             0x080051c6   Section        0  modbs_master.o(i.mb_stop_tx)
    i.mb_tx_reset                            0x080051f0   Section        0  modbs_master.o(i.mb_tx_reset)
    i.pic_buf_clr                            0x08005214   Section        0  st7586s.o(i.pic_buf_clr)
    i.put_pixel                              0x08005248   Section        0  st7586s.o(i.put_pixel)
    i.second_screen                          0x080052c8   Section        0  display.o(i.second_screen)
    i.st7586s_redraw                         0x08005570   Section        0  st7586s.o(i.st7586s_redraw)
    i.timer_reset                            0x08005578   Section        0  main.o(i.timer_reset)
    i.timer_start                            0x08005584   Section        0  main.o(i.timer_start)
    i.uart_init                              0x0800559c   Section        0  main.o(i.uart_init)
    i.uart_recv                              0x080055dc   Section        0  main.o(i.uart_recv)
    i.uart_rx_en                             0x08005600   Section        0  main.o(i.uart_rx_en)
    i.uart_send                              0x08005604   Section        0  main.o(i.uart_send)
    i.uart_tx_en                             0x0800561c   Section        0  main.o(i.uart_tx_en)
    i.write_cmd                              0x0800567c   Section        0  st7586s.o(i.write_cmd)
    i.write_dat                              0x080056e0   Section        0  st7586s.o(i.write_dat)
    .constdata                               0x08005750   Section       32  main.o(.constdata)
    .constdata                               0x08005770   Section     3868  consolas11.o(.constdata)
    .constdata                               0x0800668c   Section      512  modbs_master.o(.constdata)
    wCRCTable                                0x0800668c   Data         512  modbs_master.o(.constdata)
    .constdata                               0x0800688c   Section       16  system_stm32f1xx.o(.constdata)
    .constdata                               0x0800689c   Section       16  stm32f1xx_hal_rcc.o(.constdata)
    .data                                    0x20000000   Section       60  main.o(.data)
    mbMasterItFlag                           0x2000001c   Data           1  main.o(.data)
    .data                                    0x2000003c   Section       12  consolas11.o(.data)
    .data                                    0x20000048   Section       21  gsad.o(.data)
    .data                                    0x20000060   Section        4  system_stm32f1xx.o(.data)
    .data                                    0x20000064   Section        1  stm32f1xx_hal_spi_ex.o(.data)
    .data                                    0x20000068   Section        4  stm32f1xx_hal.o(.data)
    uwTick                                   0x20000068   Data           4  stm32f1xx_hal.o(.data)
    .bss                                     0x2000006c   Section      128  usart.o(.bss)
    .bss                                     0x200000ec   Section      300  tim.o(.bss)
    .bss                                     0x20000218   Section      222  main.o(.bss)
    .bss                                     0x200002f8   Section       88  spi.o(.bss)
    .bss                                     0x20000350   Section       48  adc.o(.bss)
    .bss                                     0x20000380   Section     1920  st7586s.o(.bss)
    STACK                                    0x20000b00   Section     1024  startup_stm32f100xb.o(STACK)

    Global Symbols

    Symbol Name                              Value     Ov Type        Size  Object(Section)

    BuildAttributes$$THM_ISAv4$P$D$K$B$S$PE$A:L22UL41UL21$X:L11$S22US41US21$IEEE1$IW$USESV6$~STKCKD$USESV7$~SHL$OTIME$ROPI$EBA8$MICROLIB$REQ8$PRES8$EABIv2 0x00000000   Number         0  anon$$obj.o ABSOLUTE
    __ARM_use_no_argv                        0x00000000   Number         0  main.o ABSOLUTE
    _printf_a                                0x00000000   Number         0  stubs.o ABSOLUTE
    _printf_c                                0x00000000   Number         0  stubs.o ABSOLUTE
    _printf_charcount                        0x00000000   Number         0  stubs.o ABSOLUTE
    _printf_d                                0x00000000   Number         0  stubs.o ABSOLUTE
    _printf_e                                0x00000000   Number         0  stubs.o ABSOLUTE
    _printf_f                                0x00000000   Number         0  stubs.o ABSOLUTE
    _printf_flags                            0x00000000   Number         0  stubs.o ABSOLUTE
    _printf_fp_dec                           0x00000000   Number         0  stubs.o ABSOLUTE
    _printf_fp_hex                           0x00000000   Number         0  stubs.o ABSOLUTE
    _printf_g                                0x00000000   Number         0  stubs.o ABSOLUTE
    _printf_i                                0x00000000   Number         0  stubs.o ABSOLUTE
    _printf_int_dec                          0x00000000   Number         0  stubs.o ABSOLUTE
    _printf_l                                0x00000000   Number         0  stubs.o ABSOLUTE
    _printf_lc                               0x00000000   Number         0  stubs.o ABSOLUTE
    _printf_ll                               0x00000000   Number         0  stubs.o ABSOLUTE
    _printf_lld                              0x00000000   Number         0  stubs.o ABSOLUTE
    _printf_lli                              0x00000000   Number         0  stubs.o ABSOLUTE
    _printf_llo                              0x00000000   Number         0  stubs.o ABSOLUTE
    _printf_llu                              0x00000000   Number         0  stubs.o ABSOLUTE
    _printf_llx                              0x00000000   Number         0  stubs.o ABSOLUTE
    _printf_longlong_dec                     0x00000000   Number         0  stubs.o ABSOLUTE
    _printf_longlong_hex                     0x00000000   Number         0  stubs.o ABSOLUTE
    _printf_longlong_oct                     0x00000000   Number         0  stubs.o ABSOLUTE
    _printf_ls                               0x00000000   Number         0  stubs.o ABSOLUTE
    _printf_mbtowc                           0x00000000   Number         0  stubs.o ABSOLUTE
    _printf_n                                0x00000000   Number         0  stubs.o ABSOLUTE
    _printf_o                                0x00000000   Number         0  stubs.o ABSOLUTE
    _printf_p                                0x00000000   Number         0  stubs.o ABSOLUTE
    _printf_percent                          0x00000000   Number         0  stubs.o ABSOLUTE
    _printf_pre_padding                      0x00000000   Number         0  stubs.o ABSOLUTE
    _printf_return_value                     0x00000000   Number         0  stubs.o ABSOLUTE
    _printf_s                                0x00000000   Number         0  stubs.o ABSOLUTE
    _printf_sizespec                         0x00000000   Number         0  stubs.o ABSOLUTE
    _printf_str                              0x00000000   Number         0  stubs.o ABSOLUTE
    _printf_truncate_signed                  0x00000000   Number         0  stubs.o ABSOLUTE
    _printf_truncate_unsigned                0x00000000   Number         0  stubs.o ABSOLUTE
    _printf_u                                0x00000000   Number         0  stubs.o ABSOLUTE
    _printf_wc                               0x00000000   Number         0  stubs.o ABSOLUTE
    _printf_wctomb                           0x00000000   Number         0  stubs.o ABSOLUTE
    _printf_widthprec                        0x00000000   Number         0  stubs.o ABSOLUTE
    _printf_x                                0x00000000   Number         0  stubs.o ABSOLUTE
    __cpp_initialize__aeabi_                  - Undefined Weak Reference
    __cxa_finalize                            - Undefined Weak Reference
    __decompress                              - Undefined Weak Reference
    _clock_init                               - Undefined Weak Reference
    _microlib_exit                            - Undefined Weak Reference
    __Vectors_Size                           0x00000120   Number         0  startup_stm32f100xb.o ABSOLUTE
    __Vectors                                0x08000000   Data           4  startup_stm32f100xb.o(RESET)
    __Vectors_End                            0x08000120   Data           0  startup_stm32f100xb.o(RESET)
    __main                                   0x08000121   Thumb Code     0  entry.o(.ARM.Collect$$$$00000000)
    _main_stk                                0x08000121   Thumb Code     0  entry2.o(.ARM.Collect$$$$00000001)
    _main_scatterload                        0x08000125   Thumb Code     0  entry5.o(.ARM.Collect$$$$00000004)
    __main_after_scatterload                 0x08000129   Thumb Code     0  entry5.o(.ARM.Collect$$$$00000004)
    _main_clock                              0x08000129   Thumb Code     0  entry7b.o(.ARM.Collect$$$$00000008)
    _main_cpp_init                           0x08000129   Thumb Code     0  entry8b.o(.ARM.Collect$$$$0000000A)
    _main_init                               0x08000129   Thumb Code     0  entry9a.o(.ARM.Collect$$$$0000000B)
    __rt_final_cpp                           0x08000131   Thumb Code     0  entry10a.o(.ARM.Collect$$$$0000000D)
    __rt_final_exit                          0x08000131   Thumb Code     0  entry11a.o(.ARM.Collect$$$$0000000F)
    Reset_Handler                            0x08000135   Thumb Code     8  startup_stm32f100xb.o(.text)
    NMI_Handler                              0x0800013d   Thumb Code     2  startup_stm32f100xb.o(.text)
    HardFault_Handler                        0x0800013f   Thumb Code     2  startup_stm32f100xb.o(.text)
    MemManage_Handler                        0x08000141   Thumb Code     2  startup_stm32f100xb.o(.text)
    BusFault_Handler                         0x08000143   Thumb Code     2  startup_stm32f100xb.o(.text)
    UsageFault_Handler                       0x08000145   Thumb Code     2  startup_stm32f100xb.o(.text)
    SVC_Handler                              0x08000147   Thumb Code     2  startup_stm32f100xb.o(.text)
    DebugMon_Handler                         0x08000149   Thumb Code     2  startup_stm32f100xb.o(.text)
    PendSV_Handler                           0x0800014b   Thumb Code     2  startup_stm32f100xb.o(.text)
    CEC_IRQHandler                           0x0800014f   Thumb Code     0  startup_stm32f100xb.o(.text)
    DMA1_Channel1_IRQHandler                 0x0800014f   Thumb Code     0  startup_stm32f100xb.o(.text)
    DMA1_Channel2_IRQHandler                 0x0800014f   Thumb Code     0  startup_stm32f100xb.o(.text)
    DMA1_Channel3_IRQHandler                 0x0800014f   Thumb Code     0  startup_stm32f100xb.o(.text)
    DMA1_Channel4_IRQHandler                 0x0800014f   Thumb Code     0  startup_stm32f100xb.o(.text)
    DMA1_Channel5_IRQHandler                 0x0800014f   Thumb Code     0  startup_stm32f100xb.o(.text)
    DMA1_Channel6_IRQHandler                 0x0800014f   Thumb Code     0  startup_stm32f100xb.o(.text)
    DMA1_Channel7_IRQHandler                 0x0800014f   Thumb Code     0  startup_stm32f100xb.o(.text)
    EXTI0_IRQHandler                         0x0800014f   Thumb Code     0  startup_stm32f100xb.o(.text)
    EXTI15_10_IRQHandler                     0x0800014f   Thumb Code     0  startup_stm32f100xb.o(.text)
    EXTI1_IRQHandler                         0x0800014f   Thumb Code     0  startup_stm32f100xb.o(.text)
    EXTI2_IRQHandler                         0x0800014f   Thumb Code     0  startup_stm32f100xb.o(.text)
    EXTI3_IRQHandler                         0x0800014f   Thumb Code     0  startup_stm32f100xb.o(.text)
    EXTI4_IRQHandler                         0x0800014f   Thumb Code     0  startup_stm32f100xb.o(.text)
    EXTI9_5_IRQHandler                       0x0800014f   Thumb Code     0  startup_stm32f100xb.o(.text)
    FLASH_IRQHandler                         0x0800014f   Thumb Code     0  startup_stm32f100xb.o(.text)
    I2C1_ER_IRQHandler                       0x0800014f   Thumb Code     0  startup_stm32f100xb.o(.text)
    I2C1_EV_IRQHandler                       0x0800014f   Thumb Code     0  startup_stm32f100xb.o(.text)
    I2C2_ER_IRQHandler                       0x0800014f   Thumb Code     0  startup_stm32f100xb.o(.text)
    I2C2_EV_IRQHandler                       0x0800014f   Thumb Code     0  startup_stm32f100xb.o(.text)
    PVD_IRQHandler                           0x0800014f   Thumb Code     0  startup_stm32f100xb.o(.text)
    RCC_IRQHandler                           0x0800014f   Thumb Code     0  startup_stm32f100xb.o(.text)
    RTC_Alarm_IRQHandler                     0x0800014f   Thumb Code     0  startup_stm32f100xb.o(.text)
    RTC_IRQHandler                           0x0800014f   Thumb Code     0  startup_stm32f100xb.o(.text)
    SPI1_IRQHandler                          0x0800014f   Thumb Code     0  startup_stm32f100xb.o(.text)
    SPI2_IRQHandler                          0x0800014f   Thumb Code     0  startup_stm32f100xb.o(.text)
    TAMPER_IRQHandler                        0x0800014f   Thumb Code     0  startup_stm32f100xb.o(.text)
    TIM1_BRK_TIM15_IRQHandler                0x0800014f   Thumb Code     0  startup_stm32f100xb.o(.text)
    TIM1_CC_IRQHandler                       0x0800014f   Thumb Code     0  startup_stm32f100xb.o(.text)
    TIM1_TRG_COM_TIM17_IRQHandler            0x0800014f   Thumb Code     0  startup_stm32f100xb.o(.text)
    TIM1_UP_TIM16_IRQHandler                 0x0800014f   Thumb Code     0  startup_stm32f100xb.o(.text)
    TIM2_IRQHandler                          0x0800014f   Thumb Code     0  startup_stm32f100xb.o(.text)
    TIM3_IRQHandler                          0x0800014f   Thumb Code     0  startup_stm32f100xb.o(.text)
    TIM6_DAC_IRQHandler                      0x0800014f   Thumb Code     0  startup_stm32f100xb.o(.text)
    TIM7_IRQHandler                          0x0800014f   Thumb Code     0  startup_stm32f100xb.o(.text)
    USART1_IRQHandler                        0x0800014f   Thumb Code     0  startup_stm32f100xb.o(.text)
    USART2_IRQHandler                        0x0800014f   Thumb Code     0  startup_stm32f100xb.o(.text)
    WWDG_IRQHandler                          0x0800014f   Thumb Code     0  startup_stm32f100xb.o(.text)
    __aeabi_llsr                             0x08000159   Thumb Code    32  llushr.o(.text)
    _ll_ushift_r                             0x08000159   Thumb Code     0  llushr.o(.text)
    __aeabi_memcpy                           0x08000179   Thumb Code    36  memcpya.o(.text)
    __aeabi_memcpy4                          0x08000179   Thumb Code     0  memcpya.o(.text)
    __aeabi_memcpy8                          0x08000179   Thumb Code     0  memcpya.o(.text)
    __aeabi_fdiv                             0x0800019d   Thumb Code   128  fdiv.o(.text)
    __aeabi_dadd                             0x0800021d   Thumb Code   322  dadd.o(.text)
    __aeabi_dsub                             0x0800035f   Thumb Code     6  dadd.o(.text)
    __aeabi_drsub                            0x08000365   Thumb Code     6  dadd.o(.text)
    __aeabi_dmul                             0x0800036b   Thumb Code   228  dmul.o(.text)
    __aeabi_ddiv                             0x0800044f   Thumb Code   222  ddiv.o(.text)
    __aeabi_ui2f                             0x0800052d   Thumb Code    10  ffltui.o(.text)
    __aeabi_ui2d                             0x08000537   Thumb Code    26  dfltui.o(.text)
    __aeabi_f2uiz                            0x08000551   Thumb Code    40  ffixui.o(.text)
    __aeabi_f2d                              0x08000579   Thumb Code    38  f2d.o(.text)
    __aeabi_d2f                              0x0800059f   Thumb Code    56  d2f.o(.text)
    __aeabi_cfrcmple                         0x080005d9   Thumb Code    20  cfrcmple.o(.text)
    __aeabi_uidiv                            0x080005ed   Thumb Code     0  uidiv.o(.text)
    __aeabi_uidivmod                         0x080005ed   Thumb Code    44  uidiv.o(.text)
    __aeabi_uldivmod                         0x08000619   Thumb Code    98  uldiv.o(.text)
    __aeabi_llsl                             0x0800067b   Thumb Code    30  llshl.o(.text)
    _ll_shift_l                              0x0800067b   Thumb Code     0  llshl.o(.text)
    __aeabi_lasr                             0x08000699   Thumb Code    36  llsshr.o(.text)
    _ll_sshift_r                             0x08000699   Thumb Code     0  llsshr.o(.text)
    __I$use$fp                               0x080006bd   Thumb Code     0  iusefp.o(.text)
    _float_round                             0x080006bd   Thumb Code    18  fepilogue.o(.text)
    _float_epilogue                          0x080006cf   Thumb Code    90  fepilogue.o(.text)
    _double_round                            0x08000729   Thumb Code    26  depilogue.o(.text)
    _double_epilogue                         0x08000743   Thumb Code   164  depilogue.o(.text)
    __aeabi_d2ulz                            0x080007e7   Thumb Code    48  dfixul.o(.text)
    __aeabi_cdrcmple                         0x08000819   Thumb Code    38  cdrcmple.o(.text)
    __scatterload                            0x08000841   Thumb Code    28  init.o(.text)
    __scatterload_rt2                        0x08000841   Thumb Code     0  init.o(.text)
    ADC1_IRQHandler                          0x08000865   Thumb Code    12  main.o(i.ADC1_IRQHandler)
    ADC_ConversionStop_Disable               0x08000875   Thumb Code    80  stm32f1xx_hal_adc.o(i.ADC_ConversionStop_Disable)
    ADC_Enable                               0x080008c5   Thumb Code   120  stm32f1xx_hal_adc.o(i.ADC_Enable)
    ALARM_GSAD                               0x08000945   Thumb Code    66  gsad.o(i.ALARM_GSAD)
    CRC16_mbm                                0x08000989   Thumb Code    42  modbs_master.o(i.CRC16_mbm)
    Check_Button1                            0x080009b9   Thumb Code    20  main.o(i.Check_Button1)
    Check_ButtonDOWN                         0x080009d1   Thumb Code    20  main.o(i.Check_ButtonDOWN)
    Check_ButtonUP                           0x080009e9   Thumb Code    20  main.o(i.Check_ButtonUP)
    Consolas11_GetCharData                   0x08000a01   Thumb Code    34  consolas11.o(i.Consolas11_GetCharData)
    Disp_Clr_Port                            0x08000a29   Thumb Code    14  st7586s.o(i.Disp_Clr_Port)
    Disp_Write                               0x08000a3d   Thumb Code    50  st7586s.o(i.Disp_Write)
    DrawCharOverlay                          0x08000a75   Thumb Code   168  st7586s.o(i.DrawCharOverlay)
    DrawString                               0x08000b1d   Thumb Code   148  st7586s.o(i.DrawString)
    GSAD_Ans                                 0x08000bb1   Thumb Code    46  gsad.o(i.GSAD_Ans)
    GSAD_Connect_Check                       0x08000bdf   Thumb Code    24  gsad.o(i.GSAD_Connect_Check)
    Get_GSAD_Data                            0x08000bf9   Thumb Code    86  gsad.o(i.Get_GSAD_Data)
    HAL_ADC_ConfigChannel                    0x08000c55   Thumb Code   438  stm32f1xx_hal_adc.o(i.HAL_ADC_ConfigChannel)
    HAL_ADC_GetValue                         0x08000e19   Thumb Code     8  stm32f1xx_hal_adc.o(i.HAL_ADC_GetValue)
    HAL_ADC_Init                             0x08000e21   Thumb Code   344  stm32f1xx_hal_adc.o(i.HAL_ADC_Init)
    HAL_ADC_MspInit                          0x08000f81   Thumb Code    62  adc.o(i.HAL_ADC_MspInit)
    HAL_ADC_Start                            0x08000fcd   Thumb Code   180  stm32f1xx_hal_adc.o(i.HAL_ADC_Start)
    HAL_Delay                                0x08001081   Thumb Code    26  stm32f1xx_hal.o(i.HAL_Delay)
    HAL_GPIO_Init                            0x0800109d   Thumb Code   764  stm32f1xx_hal_gpio.o(i.HAL_GPIO_Init)
    HAL_GPIO_ReadPin                         0x080013b9   Thumb Code    16  stm32f1xx_hal_gpio.o(i.HAL_GPIO_ReadPin)
    HAL_GPIO_WritePin                        0x080013c9   Thumb Code    12  stm32f1xx_hal_gpio.o(i.HAL_GPIO_WritePin)
    HAL_GetTick                              0x080013d5   Thumb Code     6  stm32f1xx_hal.o(i.HAL_GetTick)
    HAL_IncTick                              0x080013e1   Thumb Code    12  stm32f1xx_hal.o(i.HAL_IncTick)
    HAL_Init                                 0x080013f1   Thumb Code    22  stm32f1xx_hal.o(i.HAL_Init)
    HAL_InitTick                             0x08001407   Thumb Code    36  stm32f1xx_hal.o(i.HAL_InitTick)
    HAL_MspInit                              0x0800142d   Thumb Code   110  stm32f1xx_hal_msp.o(i.HAL_MspInit)
    HAL_NVIC_SetPriority                     0x080014a5   Thumb Code   124  stm32f1xx_hal_cortex.o(i.HAL_NVIC_SetPriority)
    HAL_NVIC_SetPriorityGrouping             0x08001521   Thumb Code    32  stm32f1xx_hal_cortex.o(i.HAL_NVIC_SetPriorityGrouping)
    HAL_RCCEx_PeriphCLKConfig                0x08001549   Thumb Code   320  stm32f1xx_hal_rcc_ex.o(i.HAL_RCCEx_PeriphCLKConfig)
    HAL_RCC_ClockConfig                      0x08001695   Thumb Code   522  stm32f1xx_hal_rcc.o(i.HAL_RCC_ClockConfig)
    HAL_RCC_GetHCLKFreq                      0x080018a5   Thumb Code    42  stm32f1xx_hal_rcc.o(i.HAL_RCC_GetHCLKFreq)
    HAL_RCC_GetPCLK1Freq                     0x080018dd   Thumb Code    36  stm32f1xx_hal_rcc.o(i.HAL_RCC_GetPCLK1Freq)
    HAL_RCC_GetPCLK2Freq                     0x08001909   Thumb Code    36  stm32f1xx_hal_rcc.o(i.HAL_RCC_GetPCLK2Freq)
    HAL_RCC_GetSysClockFreq                  0x08001935   Thumb Code   162  stm32f1xx_hal_rcc.o(i.HAL_RCC_GetSysClockFreq)
    HAL_RCC_OscConfig                        0x08001a05   Thumb Code  2394  stm32f1xx_hal_rcc.o(i.HAL_RCC_OscConfig)
    HAL_SPI_Init                             0x08002369   Thumb Code   122  stm32f1xx_hal_spi_ex.o(i.HAL_SPI_Init)
    HAL_SPI_MspInit                          0x080023e9   Thumb Code    88  spi.o(i.HAL_SPI_MspInit)
    HAL_SYSTICK_CLKSourceConfig              0x0800244d   Thumb Code    40  stm32f1xx_hal_cortex.o(i.HAL_SYSTICK_CLKSourceConfig)
    HAL_SYSTICK_Callback                     0x08002475   Thumb Code     2  stm32f1xx_hal_cortex.o(i.HAL_SYSTICK_Callback)
    HAL_SYSTICK_Config                       0x08002477   Thumb Code    52  stm32f1xx_hal_cortex.o(i.HAL_SYSTICK_Config)
    HAL_SYSTICK_IRQHandler                   0x080024ab   Thumb Code     8  stm32f1xx_hal_cortex.o(i.HAL_SYSTICK_IRQHandler)
    HAL_TIMEx_ConfigBreakDeadTime            0x080024b3   Thumb Code    80  stm32f1xx_hal_tim_ex.o(i.HAL_TIMEx_ConfigBreakDeadTime)
    HAL_TIMEx_MasterConfigSynchronization    0x08002503   Thumb Code    98  stm32f1xx_hal_tim_ex.o(i.HAL_TIMEx_MasterConfigSynchronization)
    HAL_TIM_Base_Init                        0x08002565   Thumb Code    52  stm32f1xx_hal_tim.o(i.HAL_TIM_Base_Init)
    HAL_TIM_Base_MspInit                     0x08002599   Thumb Code   112  tim.o(i.HAL_TIM_Base_MspInit)
    HAL_TIM_Base_Start_IT                    0x08002619   Thumb Code    30  stm32f1xx_hal_tim.o(i.HAL_TIM_Base_Start_IT)
    HAL_TIM_ConfigClockSource                0x08002637   Thumb Code   306  stm32f1xx_hal_tim.o(i.HAL_TIM_ConfigClockSource)
    HAL_TIM_MspPostInit                      0x08002769   Thumb Code    88  tim.o(i.HAL_TIM_MspPostInit)
    HAL_TIM_PWM_ConfigChannel                0x080027d5   Thumb Code   264  stm32f1xx_hal_tim.o(i.HAL_TIM_PWM_ConfigChannel)
    HAL_TIM_PWM_Init                         0x080028dd   Thumb Code    52  stm32f1xx_hal_tim.o(i.HAL_TIM_PWM_Init)
    HAL_TIM_PWM_MspInit                      0x08002911   Thumb Code    76  tim.o(i.HAL_TIM_PWM_MspInit)
    HAL_TIM_PWM_Start                        0x08002969   Thumb Code    84  stm32f1xx_hal_tim.o(i.HAL_TIM_PWM_Start)
    HAL_UART_ErrorCallback                   0x080029cd   Thumb Code     2  stm32f1xx_hal_uart.o(i.HAL_UART_ErrorCallback)
    HAL_UART_GetState                        0x080029cf   Thumb Code     8  stm32f1xx_hal_uart.o(i.HAL_UART_GetState)
    HAL_UART_IRQHandler                      0x080029d7   Thumb Code   218  stm32f1xx_hal_uart.o(i.HAL_UART_IRQHandler)
    HAL_UART_Init                            0x08002ab1   Thumb Code   110  stm32f1xx_hal_uart.o(i.HAL_UART_Init)
    HAL_UART_MspInit                         0x08002b21   Thumb Code   164  usart.o(i.HAL_UART_MspInit)
    HAL_UART_Receive                         0x08002bd9   Thumb Code   248  stm32f1xx_hal_uart.o(i.HAL_UART_Receive)
    HAL_UART_RxCpltCallback                  0x08002cd1   Thumb Code    36  main.o(i.HAL_UART_RxCpltCallback)
    HAL_UART_Transmit_IT                     0x08002d05   Thumb Code   110  stm32f1xx_hal_uart.o(i.HAL_UART_Transmit_IT)
    HAL_UART_TxCpltCallback                  0x08002d75   Thumb Code    26  main.o(i.HAL_UART_TxCpltCallback)
    LCD_initial                              0x08002d9d   Thumb Code   376  st7586s.o(i.LCD_initial)
    MX_ADC1_Init                             0x08002f19   Thumb Code    60  adc.o(i.MX_ADC1_Init)
    MX_GPIO_Init                             0x08002f5d   Thumb Code   270  gpio.o(i.MX_GPIO_Init)
    MX_SPI2_Init                             0x08003081   Thumb Code    52  spi.o(i.MX_SPI2_Init)
    MX_TIM16_Init                            0x080030bd   Thumb Code    30  tim.o(i.MX_TIM16_Init)
    MX_TIM17_Init                            0x080030e5   Thumb Code    30  tim.o(i.MX_TIM17_Init)
    MX_TIM1_Init                             0x0800310d   Thumb Code   112  tim.o(i.MX_TIM1_Init)
    MX_TIM3_Init                             0x08003185   Thumb Code    80  tim.o(i.MX_TIM3_Init)
    MX_TIM4_Init                             0x080031dd   Thumb Code    78  tim.o(i.MX_TIM4_Init)
    MX_USART1_UART_Init                      0x08003239   Thumb Code    40  usart.o(i.MX_USART1_UART_Init)
    MX_USART3_UART_Init                      0x08003269   Thumb Code    42  usart.o(i.MX_USART3_UART_Init)
    MbParam_Init                             0x0800329d   Thumb Code   182  main.o(i.MbParam_Init)
    Read_GSAD_Data                           0x080033d5   Thumb Code    52  gsad.o(i.Read_GSAD_Data)
    SetPeriod                                0x08003409   Thumb Code    52  tim.o(i.SetPeriod)
    Show_Graph                               0x08003441   Thumb Code    80  st7586s.o(i.Show_Graph)
    Slave_request                            0x08003495   Thumb Code    80  modbs_master.o(i.Slave_request)
    SysTick_Handler                          0x080034e5   Thumb Code   424  main.o(i.SysTick_Handler)
    SystemClock_Config                       0x080036bd   Thumb Code   134  main.o(i.SystemClock_Config)
    SystemCoreClockUpdate                    0x08003745   Thumb Code   138  system_stm32f1xx.o(i.SystemCoreClockUpdate)
    SystemInit                               0x080037e5   Thumb Code    74  system_stm32f1xx.o(i.SystemInit)
    TIM4_IRQHandler                          0x08003841   Thumb Code    54  main.o(i.TIM4_IRQHandler)
    TIM_Base_SetConfig                       0x08003885   Thumb Code   130  stm32f1xx_hal_tim.o(i.TIM_Base_SetConfig)
    TIM_CCxChannelCmd                        0x08003921   Thumb Code    28  stm32f1xx_hal_tim.o(i.TIM_CCxChannelCmd)
    TIM_OC2_SetConfig                        0x08003a05   Thumb Code   148  stm32f1xx_hal_tim.o(i.TIM_OC2_SetConfig)
    TransferData                             0x08003c0f   Thumb Code    88  st7586s.o(i.TransferData)
    UART_Wait                                0x08003e35   Thumb Code    16  main.o(i.UART_Wait)
    USART3_IRQHandler                        0x08003f45   Thumb Code    10  main.o(i.USART3_IRQHandler)
    __0sprintf                               0x08003f55   Thumb Code    34  printfa.o(i.__0sprintf)
    __1sprintf                               0x08003f55   Thumb Code     0  printfa.o(i.__0sprintf)
    __2sprintf                               0x08003f55   Thumb Code     0  printfa.o(i.__0sprintf)
    __c89sprintf                             0x08003f55   Thumb Code     0  printfa.o(i.__0sprintf)
    sprintf                                  0x08003f55   Thumb Code     0  printfa.o(i.__0sprintf)
    __scatterload_copy                       0x08003f7d   Thumb Code    14  handlers.o(i.__scatterload_copy)
    __scatterload_null                       0x08003f8b   Thumb Code     2  handlers.o(i.__scatterload_null)
    __scatterload_zeroinit                   0x08003f8d   Thumb Code    14  handlers.o(i.__scatterload_zeroinit)
    begin_display                            0x08004849   Thumb Code    50  display.o(i.begin_display)
    first_screen                             0x08004899   Thumb Code   216  display.o(i.first_screen)
    get_int_sourse                           0x080049bd   Thumb Code     6  main.o(i.get_int_sourse)
    last_screen                              0x080049c9   Thumb Code   216  display.o(i.last_screen)
    main                                     0x08004b15   Thumb Code   548  main.o(i.main)
    mbInit                                   0x08004d75   Thumb Code   124  modbs_master.o(i.mbInit)
    mbPack                                   0x08004df5   Thumb Code   160  modbs_master.o(i.mbPack)
    mbParsePacket                            0x08004e95   Thumb Code   158  modbs_master.o(i.mbParsePacket)
    mb_Timer_Int                             0x08004f33   Thumb Code   106  modbs_master.o(i.mb_Timer_Int)
    mb_convert_baudrate                      0x08004f9d   Thumb Code    60  modbs_master.o(i.mb_convert_baudrate)
    mb_reset_timer                           0x08004fd9   Thumb Code    38  modbs_master.o(i.mb_reset_timer)
    mb_rx_func                               0x08004fff   Thumb Code   202  modbs_master.o(i.mb_rx_func)
    mb_rx_reset                              0x080050c9   Thumb Code    30  modbs_master.o(i.mb_rx_reset)
    mb_rx_tx_interrupt                       0x080050e7   Thumb Code   118  modbs_master.o(i.mb_rx_tx_interrupt)
    mb_start_timer                           0x0800515d   Thumb Code    36  modbs_master.o(i.mb_start_timer)
    mb_start_tx                              0x08005181   Thumb Code    70  modbs_master.o(i.mb_start_tx)
    mb_stop_tx                               0x080051c7   Thumb Code    42  modbs_master.o(i.mb_stop_tx)
    mb_tx_reset                              0x080051f1   Thumb Code    34  modbs_master.o(i.mb_tx_reset)
    pic_buf_clr                              0x08005215   Thumb Code    46  st7586s.o(i.pic_buf_clr)
    put_pixel                                0x08005249   Thumb Code   122  st7586s.o(i.put_pixel)
    second_screen                            0x080052c9   Thumb Code   550  display.o(i.second_screen)
    st7586s_redraw                           0x08005571   Thumb Code     8  st7586s.o(i.st7586s_redraw)
    timer_reset                              0x08005579   Thumb Code     8  main.o(i.timer_reset)
    timer_start                              0x08005585   Thumb Code    16  main.o(i.timer_start)
    uart_init                                0x0800559d   Thumb Code    60  main.o(i.uart_init)
    uart_recv                                0x080055dd   Thumb Code    30  main.o(i.uart_recv)
    uart_rx_en                               0x08005601   Thumb Code     2  main.o(i.uart_rx_en)
    uart_send                                0x08005605   Thumb Code    18  main.o(i.uart_send)
    uart_tx_en                               0x0800561d   Thumb Code    88  main.o(i.uart_tx_en)
    write_cmd                                0x0800567d   Thumb Code    88  st7586s.o(i.write_cmd)
    write_dat                                0x080056e1   Thumb Code    98  st7586s.o(i.write_dat)
    Consolas11_CH_0x0020                     0x08005770   Data           6  consolas11.o(.constdata)
    Consolas11_CH_0x0021                     0x08005776   Data           3  consolas11.o(.constdata)
    Consolas11_CH_0x0022                     0x08005779   Data           6  consolas11.o(.constdata)
    Consolas11_CH_0x0023                     0x0800577f   Data           9  consolas11.o(.constdata)
    Consolas11_CH_0x0024                     0x08005788   Data           9  consolas11.o(.constdata)
    Consolas11_CH_0x0025                     0x08005791   Data          12  consolas11.o(.constdata)
    Consolas11_CH_0x0026                     0x0800579d   Data           9  consolas11.o(.constdata)
    Consolas11_CH_0x0027                     0x080057a6   Data           3  consolas11.o(.constdata)
    Consolas11_CH_0x0028                     0x080057a9   Data           6  consolas11.o(.constdata)
    Consolas11_CH_0x0029                     0x080057af   Data           6  consolas11.o(.constdata)
    Consolas11_CH_0x002a                     0x080057b5   Data           9  consolas11.o(.constdata)
    Consolas11_CH_0x002b                     0x080057be   Data           9  consolas11.o(.constdata)
    Consolas11_CH_0x002c                     0x080057c7   Data           5  consolas11.o(.constdata)
    Consolas11_CH_0x002d                     0x080057cc   Data           9  consolas11.o(.constdata)
    Consolas11_CH_0x002e                     0x080057d5   Data           3  consolas11.o(.constdata)
    Consolas11_CH_0x002f                     0x080057d8   Data          10  consolas11.o(.constdata)
    Consolas11_CH_0x0030                     0x080057e2   Data          12  consolas11.o(.constdata)
    Consolas11_CH_0x0031                     0x080057ee   Data          12  consolas11.o(.constdata)
    Consolas11_CH_0x0032                     0x080057fa   Data          12  consolas11.o(.constdata)
    Consolas11_CH_0x0033                     0x08005806   Data          12  consolas11.o(.constdata)
    Consolas11_CH_0x0034                     0x08005812   Data          12  consolas11.o(.constdata)
    Consolas11_CH_0x0035                     0x0800581e   Data          12  consolas11.o(.constdata)
    Consolas11_CH_0x0036                     0x0800582a   Data          12  consolas11.o(.constdata)
    Consolas11_CH_0x0037                     0x08005836   Data          12  consolas11.o(.constdata)
    Consolas11_CH_0x0038                     0x08005842   Data          12  consolas11.o(.constdata)
    Consolas11_CH_0x0039                     0x0800584e   Data          12  consolas11.o(.constdata)
    Consolas11_CH_0x003a                     0x0800585a   Data           3  consolas11.o(.constdata)
    Consolas11_CH_0x003b                     0x0800585d   Data           5  consolas11.o(.constdata)
    Consolas11_CH_0x003c                     0x08005862   Data           6  consolas11.o(.constdata)
    Consolas11_CH_0x003d                     0x08005868   Data           9  consolas11.o(.constdata)
    Consolas11_CH_0x003e                     0x08005871   Data           6  consolas11.o(.constdata)
    Consolas11_CH_0x003f                     0x08005877   Data          12  consolas11.o(.constdata)
    Consolas11_CH_0x0040                     0x08005883   Data          12  consolas11.o(.constdata)
    Consolas11_CH_0x0041                     0x0800588f   Data          10  consolas11.o(.constdata)
    Consolas11_CH_0x0042                     0x08005899   Data          10  consolas11.o(.constdata)
    Consolas11_CH_0x0043                     0x080058a3   Data          10  consolas11.o(.constdata)
    Consolas11_CH_0x0044                     0x080058ad   Data          10  consolas11.o(.constdata)
    Consolas11_CH_0x0045                     0x080058b7   Data           9  consolas11.o(.constdata)
    Consolas11_CH_0x0046                     0x080058c0   Data           9  consolas11.o(.constdata)
    Consolas11_CH_0x0047                     0x080058c9   Data          10  consolas11.o(.constdata)
    Consolas11_CH_0x0048                     0x080058d3   Data          10  consolas11.o(.constdata)
    Consolas11_CH_0x0049                     0x080058dd   Data           6  consolas11.o(.constdata)
    Consolas11_CH_0x004a                     0x080058e3   Data           6  consolas11.o(.constdata)
    Consolas11_CH_0x004b                     0x080058e9   Data          10  consolas11.o(.constdata)
    Consolas11_CH_0x004c                     0x080058f3   Data          10  consolas11.o(.constdata)
    Consolas11_CH_0x004d                     0x080058fd   Data          12  consolas11.o(.constdata)
    Consolas11_CH_0x004e                     0x08005909   Data          10  consolas11.o(.constdata)
    Consolas11_CH_0x004f                     0x08005913   Data          10  consolas11.o(.constdata)
    Consolas11_CH_0x0050                     0x0800591d   Data          10  consolas11.o(.constdata)
    Consolas11_CH_0x0051                     0x08005927   Data          10  consolas11.o(.constdata)
    Consolas11_CH_0x0052                     0x08005931   Data          10  consolas11.o(.constdata)
    Consolas11_CH_0x0053                     0x0800593b   Data          10  consolas11.o(.constdata)
    Consolas11_CH_0x0054                     0x08005945   Data           9  consolas11.o(.constdata)
    Consolas11_CH_0x0055                     0x0800594e   Data          10  consolas11.o(.constdata)
    Consolas11_CH_0x0056                     0x08005958   Data           9  consolas11.o(.constdata)
    Consolas11_CH_0x0057                     0x08005961   Data          12  consolas11.o(.constdata)
    Consolas11_CH_0x0058                     0x0800596d   Data           9  consolas11.o(.constdata)
    Consolas11_CH_0x0059                     0x08005976   Data           9  consolas11.o(.constdata)
    Consolas11_CH_0x005a                     0x0800597f   Data          10  consolas11.o(.constdata)
    Consolas11_CH_0x005b                     0x08005989   Data           5  consolas11.o(.constdata)
    Consolas11_CH_0x005c                     0x0800598e   Data           9  consolas11.o(.constdata)
    Consolas11_CH_0x005d                     0x08005997   Data           5  consolas11.o(.constdata)
    Consolas11_CH_0x005e                     0x0800599c   Data           6  consolas11.o(.constdata)
    Consolas11_CH_0x005f                     0x080059a2   Data          12  consolas11.o(.constdata)
    Consolas11_CH_0x0060                     0x080059ae   Data           5  consolas11.o(.constdata)
    Consolas11_CH_0x0061                     0x080059b3   Data           9  consolas11.o(.constdata)
    Consolas11_CH_0x0062                     0x080059bc   Data           9  consolas11.o(.constdata)
    Consolas11_CH_0x0063                     0x080059c5   Data           9  consolas11.o(.constdata)
    Consolas11_CH_0x0064                     0x080059ce   Data           9  consolas11.o(.constdata)
    Consolas11_CH_0x0065                     0x080059d7   Data           9  consolas11.o(.constdata)
    Consolas11_CH_0x0066                     0x080059e0   Data           7  consolas11.o(.constdata)
    Consolas11_CH_0x0067                     0x080059e7   Data           9  consolas11.o(.constdata)
    Consolas11_CH_0x0068                     0x080059f0   Data           9  consolas11.o(.constdata)
    Consolas11_CH_0x0069                     0x080059f9   Data           5  consolas11.o(.constdata)
    Consolas11_CH_0x006a                     0x080059fe   Data           5  consolas11.o(.constdata)
    Consolas11_CH_0x006b                     0x08005a03   Data           9  consolas11.o(.constdata)
    Consolas11_CH_0x006c                     0x08005a0c   Data           5  consolas11.o(.constdata)
    Consolas11_CH_0x006d                     0x08005a11   Data           9  consolas11.o(.constdata)
    Consolas11_CH_0x006e                     0x08005a1a   Data           9  consolas11.o(.constdata)
    Consolas11_CH_0x006f                     0x08005a23   Data           9  consolas11.o(.constdata)
    Consolas11_CH_0x0070                     0x08005a2c   Data           9  consolas11.o(.constdata)
    Consolas11_CH_0x0071                     0x08005a35   Data           9  consolas11.o(.constdata)
    Consolas11_CH_0x0072                     0x08005a3e   Data           9  consolas11.o(.constdata)
    Consolas11_CH_0x0073                     0x08005a47   Data           9  consolas11.o(.constdata)
    Consolas11_CH_0x0074                     0x08005a50   Data           7  consolas11.o(.constdata)
    Consolas11_CH_0x0075                     0x08005a57   Data           9  consolas11.o(.constdata)
    Consolas11_CH_0x0076                     0x08005a60   Data           9  consolas11.o(.constdata)
    Consolas11_CH_0x0077                     0x08005a69   Data           9  consolas11.o(.constdata)
    Consolas11_CH_0x0078                     0x08005a72   Data           9  consolas11.o(.constdata)
    Consolas11_CH_0x0079                     0x08005a7b   Data           9  consolas11.o(.constdata)
    Consolas11_CH_0x007a                     0x08005a84   Data           7  consolas11.o(.constdata)
    Consolas11_CH_0x007b                     0x08005a8b   Data           6  consolas11.o(.constdata)
    Consolas11_CH_0x007c                     0x08005a91   Data           3  consolas11.o(.constdata)
    Consolas11_CH_0x007d                     0x08005a94   Data           6  consolas11.o(.constdata)
    Consolas11_CH_0x007e                     0x08005a9a   Data           7  consolas11.o(.constdata)
    Consolas11_CH_0x007f                     0x08005aa1   Data          12  consolas11.o(.constdata)
    Consolas11_CH_0x0402                     0x08005aad   Data          10  consolas11.o(.constdata)
    Consolas11_CH_0x0403                     0x08005ab7   Data           9  consolas11.o(.constdata)
    Consolas11_CH_0x201a                     0x08005ac0   Data           5  consolas11.o(.constdata)
    Consolas11_CH_0x0453                     0x08005ac5   Data           9  consolas11.o(.constdata)
    Consolas11_CH_0x201e                     0x08005ace   Data           7  consolas11.o(.constdata)
    Consolas11_CH_0x2026                     0x08005ad5   Data           9  consolas11.o(.constdata)
    Consolas11_CH_0x2020                     0x08005ade   Data           9  consolas11.o(.constdata)
    Consolas11_CH_0x2021                     0x08005ae7   Data           9  consolas11.o(.constdata)
    Consolas11_CH_0x20ac                     0x08005af0   Data          12  consolas11.o(.constdata)
    Consolas11_CH_0x2030                     0x08005afc   Data          12  consolas11.o(.constdata)
    Consolas11_CH_0x0409                     0x08005b08   Data          12  consolas11.o(.constdata)
    Consolas11_CH_0x2039                     0x08005b14   Data           6  consolas11.o(.constdata)
    Consolas11_CH_0x040a                     0x08005b1a   Data          10  consolas11.o(.constdata)
    Consolas11_CH_0x040c                     0x08005b24   Data          10  consolas11.o(.constdata)
    Consolas11_CH_0x040b                     0x08005b2e   Data          10  consolas11.o(.constdata)
    Consolas11_CH_0x040f                     0x08005b38   Data          12  consolas11.o(.constdata)
    Consolas11_CH_0x0452                     0x08005b44   Data          10  consolas11.o(.constdata)
    Consolas11_CH_0x2018                     0x08005b4e   Data           5  consolas11.o(.constdata)
    Consolas11_CH_0x2019                     0x08005b53   Data           5  consolas11.o(.constdata)
    Consolas11_CH_0x201c                     0x08005b58   Data           7  consolas11.o(.constdata)
    Consolas11_CH_0x201d                     0x08005b5f   Data           7  consolas11.o(.constdata)
    Consolas11_CH_0x2022                     0x08005b66   Data           5  consolas11.o(.constdata)
    Consolas11_CH_0x2013                     0x08005b6b   Data           9  consolas11.o(.constdata)
    Consolas11_CH_0x2014                     0x08005b74   Data          12  consolas11.o(.constdata)
    Consolas11_CH_0x2122                     0x08005b80   Data          13  consolas11.o(.constdata)
    Consolas11_CH_0x0459                     0x08005b8d   Data          12  consolas11.o(.constdata)
    Consolas11_CH_0x203a                     0x08005b99   Data           6  consolas11.o(.constdata)
    Consolas11_CH_0x045a                     0x08005b9f   Data          10  consolas11.o(.constdata)
    Consolas11_CH_0x045c                     0x08005ba9   Data          10  consolas11.o(.constdata)
    Consolas11_CH_0x045b                     0x08005bb3   Data          10  consolas11.o(.constdata)
    Consolas11_CH_0x045f                     0x08005bbd   Data          12  consolas11.o(.constdata)
    Consolas11_CH_0x00a0                     0x08005bc9   Data          12  consolas11.o(.constdata)
    Consolas11_CH_0x040e                     0x08005bd5   Data          12  consolas11.o(.constdata)
    Consolas11_CH_0x045e                     0x08005be1   Data          12  consolas11.o(.constdata)
    Consolas11_CH_0x0408                     0x08005bed   Data          12  consolas11.o(.constdata)
    Consolas11_CH_0x00a4                     0x08005bf9   Data          12  consolas11.o(.constdata)
    Consolas11_CH_0x0490                     0x08005c05   Data          12  consolas11.o(.constdata)
    Consolas11_CH_0x00a6                     0x08005c11   Data           3  consolas11.o(.constdata)
    Consolas11_CH_0x00a7                     0x08005c14   Data           9  consolas11.o(.constdata)
    Consolas11_CH_0x0401                     0x08005c1d   Data           9  consolas11.o(.constdata)
    Consolas11_CH_0x00a9                     0x08005c26   Data          12  consolas11.o(.constdata)
    Consolas11_CH_0x0404                     0x08005c32   Data          10  consolas11.o(.constdata)
    Consolas11_CH_0x00ab                     0x08005c3c   Data          10  consolas11.o(.constdata)
    Consolas11_CH_0x00ac                     0x08005c46   Data          10  consolas11.o(.constdata)
    Consolas11_CH_0x00ad                     0x08005c50   Data          12  consolas11.o(.constdata)
    Consolas11_CH_0x00ae                     0x08005c5c   Data          12  consolas11.o(.constdata)
    Consolas11_CH_0x0407                     0x08005c68   Data          12  consolas11.o(.constdata)
    Consolas11_CH_0x00b0                     0x08005c74   Data           7  consolas11.o(.constdata)
    Consolas11_CH_0x00b1                     0x08005c7b   Data           9  consolas11.o(.constdata)
    Consolas11_CH_0x0406                     0x08005c84   Data          12  consolas11.o(.constdata)
    Consolas11_CH_0x0456                     0x08005c90   Data          12  consolas11.o(.constdata)
    Consolas11_CH_0x0491                     0x08005c9c   Data          12  consolas11.o(.constdata)
    Consolas11_CH_0x00b5                     0x08005ca8   Data          10  consolas11.o(.constdata)
    Consolas11_CH_0x00b6                     0x08005cb2   Data          12  consolas11.o(.constdata)
    Consolas11_CH_0x00b7                     0x08005cbe   Data          12  consolas11.o(.constdata)
    Consolas11_CH_0x0451                     0x08005cca   Data           9  consolas11.o(.constdata)
    Consolas11_CH_0x2116                     0x08005cd3   Data          13  consolas11.o(.constdata)
    Consolas11_CH_0x0454                     0x08005ce0   Data          12  consolas11.o(.constdata)
    Consolas11_CH_0x00bb                     0x08005cec   Data          10  consolas11.o(.constdata)
    Consolas11_CH_0x0458                     0x08005cf6   Data           6  consolas11.o(.constdata)
    Consolas11_CH_0x0405                     0x08005cfc   Data          10  consolas11.o(.constdata)
    Consolas11_CH_0x0455                     0x08005d06   Data           9  consolas11.o(.constdata)
    Consolas11_CH_0x0457                     0x08005d0f   Data          12  consolas11.o(.constdata)
    Consolas11_CH_0x0410                     0x08005d1b   Data          10  consolas11.o(.constdata)
    Consolas11_CH_0x0411                     0x08005d25   Data          10  consolas11.o(.constdata)
    Consolas11_CH_0x0412                     0x08005d2f   Data          10  consolas11.o(.constdata)
    Consolas11_CH_0x0413                     0x08005d39   Data          10  consolas11.o(.constdata)
    Consolas11_CH_0x0414                     0x08005d43   Data          12  consolas11.o(.constdata)
    Consolas11_CH_0x0415                     0x08005d4f   Data          10  consolas11.o(.constdata)
    Consolas11_CH_0x0416                     0x08005d59   Data          12  consolas11.o(.constdata)
    Consolas11_CH_0x0417                     0x08005d65   Data          10  consolas11.o(.constdata)
    Consolas11_CH_0x0418                     0x08005d6f   Data          10  consolas11.o(.constdata)
    Consolas11_CH_0x0419                     0x08005d79   Data          10  consolas11.o(.constdata)
    Consolas11_CH_0x041a                     0x08005d83   Data           9  consolas11.o(.constdata)
    Consolas11_CH_0x041b                     0x08005d8c   Data          10  consolas11.o(.constdata)
    Consolas11_CH_0x041c                     0x08005d96   Data          12  consolas11.o(.constdata)
    Consolas11_CH_0x041d                     0x08005da2   Data          10  consolas11.o(.constdata)
    Consolas11_CH_0x041e                     0x08005dac   Data          10  consolas11.o(.constdata)
    Consolas11_CH_0x041f                     0x08005db6   Data          10  consolas11.o(.constdata)
    Consolas11_CH_0x0420                     0x08005dc0   Data          10  consolas11.o(.constdata)
    Consolas11_CH_0x0421                     0x08005dca   Data          10  consolas11.o(.constdata)
    Consolas11_CH_0x0422                     0x08005dd4   Data           9  consolas11.o(.constdata)
    Consolas11_CH_0x0423                     0x08005ddd   Data          10  consolas11.o(.constdata)
    Consolas11_CH_0x0424                     0x08005de7   Data          12  consolas11.o(.constdata)
    Consolas11_CH_0x0425                     0x08005df3   Data           9  consolas11.o(.constdata)
    Consolas11_CH_0x0426                     0x08005dfc   Data          10  consolas11.o(.constdata)
    Consolas11_CH_0x0427                     0x08005e06   Data           9  consolas11.o(.constdata)
    Consolas11_CH_0x0428                     0x08005e0f   Data          12  consolas11.o(.constdata)
    Consolas11_CH_0x0429                     0x08005e1b   Data          13  consolas11.o(.constdata)
    Consolas11_CH_0x042a                     0x08005e28   Data          10  consolas11.o(.constdata)
    Consolas11_CH_0x042b                     0x08005e32   Data          12  consolas11.o(.constdata)
    Consolas11_CH_0x042c                     0x08005e3e   Data           9  consolas11.o(.constdata)
    Consolas11_CH_0x042d                     0x08005e47   Data          10  consolas11.o(.constdata)
    Consolas11_CH_0x042e                     0x08005e51   Data          12  consolas11.o(.constdata)
    Consolas11_CH_0x042f                     0x08005e5d   Data          10  consolas11.o(.constdata)
    Consolas11_CH_0x0430                     0x08005e67   Data           9  consolas11.o(.constdata)
    Consolas11_CH_0x0431                     0x08005e70   Data           9  consolas11.o(.constdata)
    Consolas11_CH_0x0432                     0x08005e79   Data           9  consolas11.o(.constdata)
    Consolas11_CH_0x0433                     0x08005e82   Data           7  consolas11.o(.constdata)
    Consolas11_CH_0x0434                     0x08005e89   Data          10  consolas11.o(.constdata)
    Consolas11_CH_0x0435                     0x08005e93   Data           9  consolas11.o(.constdata)
    Consolas11_CH_0x0436                     0x08005e9c   Data           9  consolas11.o(.constdata)
    Consolas11_CH_0x0437                     0x08005ea5   Data           9  consolas11.o(.constdata)
    Consolas11_CH_0x0438                     0x08005eae   Data           9  consolas11.o(.constdata)
    Consolas11_CH_0x0439                     0x08005eb7   Data           9  consolas11.o(.constdata)
    Consolas11_CH_0x043a                     0x08005ec0   Data           9  consolas11.o(.constdata)
    Consolas11_CH_0x043b                     0x08005ec9   Data           9  consolas11.o(.constdata)
    Consolas11_CH_0x043c                     0x08005ed2   Data           9  consolas11.o(.constdata)
    Consolas11_CH_0x043d                     0x08005edb   Data           9  consolas11.o(.constdata)
    Consolas11_CH_0x043e                     0x08005ee4   Data          10  consolas11.o(.constdata)
    Consolas11_CH_0x043f                     0x08005eee   Data           9  consolas11.o(.constdata)
    Consolas11_CH_0x0440                     0x08005ef7   Data          10  consolas11.o(.constdata)
    Consolas11_CH_0x0441                     0x08005f01   Data          10  consolas11.o(.constdata)
    Consolas11_CH_0x0442                     0x08005f0b   Data           9  consolas11.o(.constdata)
    Consolas11_CH_0x0443                     0x08005f14   Data           9  consolas11.o(.constdata)
    Consolas11_CH_0x0444                     0x08005f1d   Data           9  consolas11.o(.constdata)
    Consolas11_CH_0x0445                     0x08005f26   Data           9  consolas11.o(.constdata)
    Consolas11_CH_0x0446                     0x08005f2f   Data          10  consolas11.o(.constdata)
    Consolas11_CH_0x0447                     0x08005f39   Data           9  consolas11.o(.constdata)
    Consolas11_CH_0x0448                     0x08005f42   Data           9  consolas11.o(.constdata)
    Consolas11_CH_0x0449                     0x08005f4b   Data          10  consolas11.o(.constdata)
    Consolas11_CH_0x044a                     0x08005f55   Data           9  consolas11.o(.constdata)
    Consolas11_CH_0x044b                     0x08005f5e   Data          10  consolas11.o(.constdata)
    Consolas11_CH_0x044c                     0x08005f68   Data           7  consolas11.o(.constdata)
    Consolas11_CH_0x044d                     0x08005f6f   Data           9  consolas11.o(.constdata)
    Consolas11_CH_0x044e                     0x08005f78   Data          10  consolas11.o(.constdata)
    Consolas11_CH_0x044f                     0x08005f82   Data           7  consolas11.o(.constdata)
    _Consolas11                              0x08005f8c   Data        1792  consolas11.o(.constdata)
    AHBPrescTable                            0x0800688c   Data          16  system_stm32f1xx.o(.constdata)
    aAPBAHBPrescTable                        0x0800689c   Data          16  stm32f1xx_hal_rcc.o(.constdata)
    Region$$Table$$Base                      0x080068ac   Number         0  anon$$obj.o(Region$$Table)
    Region$$Table$$Limit                     0x080068cc   Number         0  anon$$obj.o(Region$$Table)
    screen                                   0x20000000   Data           1  main.o(.data)
    brt_flag                                 0x20000001   Data           1  main.o(.data)
    button1_state                            0x20000004   Data           4  main.o(.data)
    button_up_state                          0x20000008   Data           4  main.o(.data)
    button_down_state                        0x2000000c   Data           4  main.o(.data)
    iu                                       0x20000010   Data           4  main.o(.data)
    alarm_flag                               0x20000014   Data           1  main.o(.data)
    Battery_V                                0x20000018   Data           4  main.o(.data)
    rxCount                                  0x20000020   Data           4  main.o(.data)
    button                                   0x20000024   Data           1  main.o(.data)
    cmddata                                  0x20000025   Data           8  main.o(.data)
    DataPacket                               0x2000002e   Data           2  main.o(.data)
    button1                                  0x20000030   Data           1  main.o(.data)
    button_up                                0x20000031   Data           1  main.o(.data)
    button_down                              0x20000032   Data           1  main.o(.data)
    tickcounter                              0x20000034   Data           4  main.o(.data)
    brt_counter                              0x20000038   Data           4  main.o(.data)
    Consolas11_Font                          0x2000003c   Data          12  consolas11.o(.data)
    read_cnt                                 0x20000048   Data           1  gsad.o(.data)
    addr_array                               0x2000004a   Data          18  gsad.o(.data)
    tmp                                      0x2000005c   Data           1  gsad.o(.data)
    SystemCoreClock                          0x20000060   Data           4  system_stm32f1xx.o(.data)
    uCRCErrorWorkaroundCheck                 0x20000064   Data           1  stm32f1xx_hal_spi_ex.o(.data)
    huart1                                   0x2000006c   Data          64  usart.o(.bss)
    huart3                                   0x200000ac   Data          64  usart.o(.bss)
    htim1                                    0x200000ec   Data          60  tim.o(.bss)
    htim3                                    0x20000128   Data          60  tim.o(.bss)
    htim4                                    0x20000164   Data          60  tim.o(.bss)
    htim16                                   0x200001a0   Data          60  tim.o(.bss)
    htim17                                   0x200001dc   Data          60  tim.o(.bss)
    MbRxBuf                                  0x20000218   Data          25  main.o(.bss)
    MbTxBuf                                  0x20000231   Data          10  main.o(.bss)
    MbRxData                                 0x2000023c   Data          26  main.o(.bss)
    mbRCVData                                0x20000256   Data           9  main.o(.bss)
    PARAMS                                   0x20000260   Data         128  main.o(.bss)
    GSAD_Module                              0x200002e0   Data          22  main.o(.bss)
    hspi2                                    0x200002f8   Data          88  spi.o(.bss)
    hadc1                                    0x20000350   Data          48  adc.o(.bss)
    code_pic                                 0x20000380   Data        1920  st7586s.o(.bss)
    __initial_sp                             0x20000f00   Data           0  startup_stm32f100xb.o(STACK)



==============================================================================

Memory Map of the image

  Image Entry point : 0x08000121

  Load Region LR_IROM1 (Base: 0x08000000, Size: 0x00006938, Max: 0x00020000, ABSOLUTE)

    Execution Region ER_IROM1 (Base: 0x08000000, Size: 0x000068cc, Max: 0x00020000, ABSOLUTE)

    Base Addr    Size         Type   Attr      Idx    E Section Name        Object

    0x08000000   0x00000120   Data   RO         3674    RESET               startup_stm32f100xb.o
    0x08000120   0x00000000   Code   RO         3679  * .ARM.Collect$$$$00000000  mc_w.l(entry.o)
    0x08000120   0x00000004   Code   RO         3969    .ARM.Collect$$$$00000001  mc_w.l(entry2.o)
    0x08000124   0x00000004   Code   RO         3972    .ARM.Collect$$$$00000004  mc_w.l(entry5.o)
    0x08000128   0x00000000   Code   RO         3974    .ARM.Collect$$$$00000008  mc_w.l(entry7b.o)
    0x08000128   0x00000000   Code   RO         3976    .ARM.Collect$$$$0000000A  mc_w.l(entry8b.o)
    0x08000128   0x00000008   Code   RO         3977    .ARM.Collect$$$$0000000B  mc_w.l(entry9a.o)
    0x08000130   0x00000000   Code   RO         3979    .ARM.Collect$$$$0000000D  mc_w.l(entry10a.o)
    0x08000130   0x00000000   Code   RO         3981    .ARM.Collect$$$$0000000F  mc_w.l(entry11a.o)
    0x08000130   0x00000004   Code   RO         3970    .ARM.Collect$$$$00002712  mc_w.l(entry2.o)
    0x08000134   0x00000024   Code   RO         3675    .text               startup_stm32f100xb.o
    0x08000158   0x00000020   Code   RO         3682    .text               mc_w.l(llushr.o)
    0x08000178   0x00000024   Code   RO         3684    .text               mc_w.l(memcpya.o)
    0x0800019c   0x00000080   Code   RO         3949    .text               mf_w.l(fdiv.o)
    0x0800021c   0x0000014e   Code   RO         3951    .text               mf_w.l(dadd.o)
    0x0800036a   0x000000e4   Code   RO         3953    .text               mf_w.l(dmul.o)
    0x0800044e   0x000000de   Code   RO         3955    .text               mf_w.l(ddiv.o)
    0x0800052c   0x0000000a   Code   RO         3957    .text               mf_w.l(ffltui.o)
    0x08000536   0x0000001a   Code   RO         3959    .text               mf_w.l(dfltui.o)
    0x08000550   0x00000028   Code   RO         3961    .text               mf_w.l(ffixui.o)
    0x08000578   0x00000026   Code   RO         3963    .text               mf_w.l(f2d.o)
    0x0800059e   0x00000038   Code   RO         3965    .text               mf_w.l(d2f.o)
    0x080005d6   0x00000002   PAD
    0x080005d8   0x00000014   Code   RO         3967    .text               mf_w.l(cfrcmple.o)
    0x080005ec   0x0000002c   Code   RO         3986    .text               mc_w.l(uidiv.o)
    0x08000618   0x00000062   Code   RO         3988    .text               mc_w.l(uldiv.o)
    0x0800067a   0x0000001e   Code   RO         3990    .text               mc_w.l(llshl.o)
    0x08000698   0x00000024   Code   RO         3992    .text               mc_w.l(llsshr.o)
    0x080006bc   0x00000000   Code   RO         3994    .text               mc_w.l(iusefp.o)
    0x080006bc   0x0000006c   Code   RO         3995    .text               mf_w.l(fepilogue.o)
    0x08000728   0x000000be   Code   RO         3997    .text               mf_w.l(depilogue.o)
    0x080007e6   0x00000030   Code   RO         3999    .text               mf_w.l(dfixul.o)
    0x08000816   0x00000002   PAD
    0x08000818   0x00000028   Code   RO         4001    .text               mf_w.l(cdrcmple.o)
    0x08000840   0x00000024   Code   RO         4003    .text               mc_w.l(init.o)
    0x08000864   0x00000010   Code   RO          319    i.ADC1_IRQHandler   main.o
    0x08000874   0x00000050   Code   RO         3196    i.ADC_ConversionStop_Disable  stm32f1xx_hal_adc.o
    0x080008c4   0x00000080   Code   RO         3200    i.ADC_Enable        stm32f1xx_hal_adc.o
    0x08000944   0x00000042   Code   RO         1039    i.ALARM_GSAD        gsad.o
    0x08000986   0x00000002   PAD
    0x08000988   0x00000030   Code   RO          914    i.CRC16_mbm         modbs_master.o
    0x080009b8   0x00000018   Code   RO          320    i.Check_Button1     main.o
    0x080009d0   0x00000018   Code   RO          321    i.Check_ButtonDOWN  main.o
    0x080009e8   0x00000018   Code   RO          322    i.Check_ButtonUP    main.o
    0x08000a00   0x00000028   Code   RO          892    i.Consolas11_GetCharData  consolas11.o
    0x08000a28   0x00000014   Code   RO          736    i.Disp_Clr_Port     st7586s.o
    0x08000a3c   0x00000038   Code   RO          740    i.Disp_Write        st7586s.o
    0x08000a74   0x000000a8   Code   RO          741    i.DrawCharOverlay   st7586s.o
    0x08000b1c   0x00000094   Code   RO          742    i.DrawString        st7586s.o
    0x08000bb0   0x0000002e   Code   RO         1040    i.GSAD_Ans          gsad.o
    0x08000bde   0x00000018   Code   RO         1041    i.GSAD_Connect_Check  gsad.o
    0x08000bf6   0x00000002   PAD
    0x08000bf8   0x0000005c   Code   RO         1042    i.Get_GSAD_Data     gsad.o
    0x08000c54   0x000001c4   Code   RO         3202    i.HAL_ADC_ConfigChannel  stm32f1xx_hal_adc.o
    0x08000e18   0x00000008   Code   RO         3209    i.HAL_ADC_GetValue  stm32f1xx_hal_adc.o
    0x08000e20   0x00000160   Code   RO         3211    i.HAL_ADC_Init      stm32f1xx_hal_adc.o
    0x08000f80   0x0000004c   Code   RO          668    i.HAL_ADC_MspInit   adc.o
    0x08000fcc   0x000000b4   Code   RO         3217    i.HAL_ADC_Start     stm32f1xx_hal_adc.o
    0x08001080   0x0000001a   Code   RO         3033    i.HAL_Delay         stm32f1xx_hal.o
    0x0800109a   0x00000002   PAD
    0x0800109c   0x0000031c   Code   RO         3612    i.HAL_GPIO_Init     stm32f1xx_hal_gpio.o
    0x080013b8   0x00000010   Code   RO         3614    i.HAL_GPIO_ReadPin  stm32f1xx_hal_gpio.o
    0x080013c8   0x0000000c   Code   RO         3616    i.HAL_GPIO_WritePin  stm32f1xx_hal_gpio.o
    0x080013d4   0x0000000c   Code   RO         3037    i.HAL_GetTick       stm32f1xx_hal.o
    0x080013e0   0x00000010   Code   RO         3038    i.HAL_IncTick       stm32f1xx_hal.o
    0x080013f0   0x00000016   Code   RO         3039    i.HAL_Init          stm32f1xx_hal.o
    0x08001406   0x00000024   Code   RO         3040    i.HAL_InitTick      stm32f1xx_hal.o
    0x0800142a   0x00000002   PAD
    0x0800142c   0x00000078   Code   RO            4    i.HAL_MspInit       stm32f1xx_hal_msp.o
    0x080014a4   0x0000007c   Code   RO         1929    i.HAL_NVIC_SetPriority  stm32f1xx_hal_cortex.o
    0x08001520   0x00000028   Code   RO         1930    i.HAL_NVIC_SetPriorityGrouping  stm32f1xx_hal_cortex.o
    0x08001548   0x0000014c   Code   RO         3162    i.HAL_RCCEx_PeriphCLKConfig  stm32f1xx_hal_rcc_ex.o
    0x08001694   0x00000210   Code   RO         2044    i.HAL_RCC_ClockConfig  stm32f1xx_hal_rcc.o
    0x080018a4   0x00000038   Code   RO         2049    i.HAL_RCC_GetHCLKFreq  stm32f1xx_hal_rcc.o
    0x080018dc   0x0000002c   Code   RO         2051    i.HAL_RCC_GetPCLK1Freq  stm32f1xx_hal_rcc.o
    0x08001908   0x0000002c   Code   RO         2052    i.HAL_RCC_GetPCLK2Freq  stm32f1xx_hal_rcc.o
    0x08001934   0x000000d0   Code   RO         2053    i.HAL_RCC_GetSysClockFreq  stm32f1xx_hal_rcc.o
    0x08001a04   0x00000964   Code   RO         2056    i.HAL_RCC_OscConfig  stm32f1xx_hal_rcc.o
    0x08002368   0x00000080   Code   RO         2993    i.HAL_SPI_Init      stm32f1xx_hal_spi_ex.o
    0x080023e8   0x00000064   Code   RO          626    i.HAL_SPI_MspInit   spi.o
    0x0800244c   0x00000028   Code   RO         1932    i.HAL_SYSTICK_CLKSourceConfig  stm32f1xx_hal_cortex.o
    0x08002474   0x00000002   Code   RO         1933    i.HAL_SYSTICK_Callback  stm32f1xx_hal_cortex.o
    0x08002476   0x00000034   Code   RO         1934    i.HAL_SYSTICK_Config  stm32f1xx_hal_cortex.o
    0x080024aa   0x00000008   Code   RO         1935    i.HAL_SYSTICK_IRQHandler  stm32f1xx_hal_cortex.o
    0x080024b2   0x00000050   Code   RO         3378    i.HAL_TIMEx_ConfigBreakDeadTime  stm32f1xx_hal_tim_ex.o
    0x08002502   0x00000062   Code   RO         3393    i.HAL_TIMEx_MasterConfigSynchronization  stm32f1xx_hal_tim_ex.o
    0x08002564   0x00000034   Code   RO         1282    i.HAL_TIM_Base_Init  stm32f1xx_hal_tim.o
    0x08002598   0x00000080   Code   RO          230    i.HAL_TIM_Base_MspInit  tim.o
    0x08002618   0x0000001e   Code   RO         1287    i.HAL_TIM_Base_Start_IT  stm32f1xx_hal_tim.o
    0x08002636   0x00000132   Code   RO         1291    i.HAL_TIM_ConfigClockSource  stm32f1xx_hal_tim.o
    0x08002768   0x0000006c   Code   RO          231    i.HAL_TIM_MspPostInit  tim.o
    0x080027d4   0x00000108   Code   RO         1348    i.HAL_TIM_PWM_ConfigChannel  stm32f1xx_hal_tim.o
    0x080028dc   0x00000034   Code   RO         1351    i.HAL_TIM_PWM_Init  stm32f1xx_hal_tim.o
    0x08002910   0x00000058   Code   RO          233    i.HAL_TIM_PWM_MspInit  tim.o
    0x08002968   0x00000064   Code   RO         1355    i.HAL_TIM_PWM_Start  stm32f1xx_hal_tim.o
    0x080029cc   0x00000002   Code   RO         2585    i.HAL_UART_ErrorCallback  stm32f1xx_hal_uart.o
    0x080029ce   0x00000008   Code   RO         2587    i.HAL_UART_GetState  stm32f1xx_hal_uart.o
    0x080029d6   0x000000da   Code   RO         2588    i.HAL_UART_IRQHandler  stm32f1xx_hal_uart.o
    0x08002ab0   0x0000006e   Code   RO         2589    i.HAL_UART_Init     stm32f1xx_hal_uart.o
    0x08002b1e   0x00000002   PAD
    0x08002b20   0x000000b8   Code   RO          182    i.HAL_UART_MspInit  usart.o
    0x08002bd8   0x000000f8   Code   RO         2592    i.HAL_UART_Receive  stm32f1xx_hal_uart.o
    0x08002cd0   0x00000034   Code   RO          323    i.HAL_UART_RxCpltCallback  main.o
    0x08002d04   0x0000006e   Code   RO         2599    i.HAL_UART_Transmit_IT  stm32f1xx_hal_uart.o
    0x08002d72   0x00000002   PAD
    0x08002d74   0x00000028   Code   RO          324    i.HAL_UART_TxCpltCallback  main.o
    0x08002d9c   0x0000017c   Code   RO          745    i.LCD_initial       st7586s.o
    0x08002f18   0x00000044   Code   RO          669    i.MX_ADC1_Init      adc.o
    0x08002f5c   0x00000124   Code   RO          154    i.MX_GPIO_Init      gpio.o
    0x08003080   0x0000003c   Code   RO          627    i.MX_SPI2_Init      spi.o
    0x080030bc   0x00000028   Code   RO          234    i.MX_TIM16_Init     tim.o
    0x080030e4   0x00000028   Code   RO          235    i.MX_TIM17_Init     tim.o
    0x0800310c   0x00000078   Code   RO          236    i.MX_TIM1_Init      tim.o
    0x08003184   0x00000058   Code   RO          237    i.MX_TIM3_Init      tim.o
    0x080031dc   0x0000005c   Code   RO          238    i.MX_TIM4_Init      tim.o
    0x08003238   0x00000030   Code   RO          183    i.MX_USART1_UART_Init  usart.o
    0x08003268   0x00000034   Code   RO          184    i.MX_USART3_UART_Init  usart.o
    0x0800329c   0x000000e8   Code   RO          325    i.MbParam_Init      main.o
    0x08003384   0x00000018   Code   RO          326    i.NVIC_EnableIRQ    main.o
    0x0800339c   0x00000010   Code   RO         1936    i.NVIC_GetPriorityGrouping  stm32f1xx_hal_cortex.o
    0x080033ac   0x00000028   Code   RO         1937    i.NVIC_SetPriority  stm32f1xx_hal_cortex.o
    0x080033d4   0x00000034   Code   RO         1043    i.Read_GSAD_Data    gsad.o
    0x08003408   0x00000038   Code   RO          239    i.SetPeriod         tim.o
    0x08003440   0x00000054   Code   RO          746    i.Show_Graph        st7586s.o
    0x08003494   0x00000050   Code   RO          915    i.Slave_request     modbs_master.o
    0x080034e4   0x000001d8   Code   RO          327    i.SysTick_Handler   main.o
    0x080036bc   0x00000086   Code   RO          328    i.SystemClock_Config  main.o
    0x08003742   0x00000002   PAD
    0x08003744   0x000000a0   Code   RO         1118    i.SystemCoreClockUpdate  system_stm32f1xx.o
    0x080037e4   0x0000005c   Code   RO         1119    i.SystemInit        system_stm32f1xx.o
    0x08003840   0x00000044   Code   RO          329    i.TIM4_IRQHandler   main.o
    0x08003884   0x0000009c   Code   RO         1366    i.TIM_Base_SetConfig  stm32f1xx_hal_tim.o
    0x08003920   0x0000001c   Code   RO         1367    i.TIM_CCxChannelCmd  stm32f1xx_hal_tim.o
    0x0800393c   0x00000018   Code   RO         1373    i.TIM_ETR_SetConfig  stm32f1xx_hal_tim.o
    0x08003954   0x00000014   Code   RO         1374    i.TIM_ITRx_SetConfig  stm32f1xx_hal_tim.o
    0x08003968   0x0000009c   Code   RO         1375    i.TIM_OC1_SetConfig  stm32f1xx_hal_tim.o
    0x08003a04   0x000000a4   Code   RO         1376    i.TIM_OC2_SetConfig  stm32f1xx_hal_tim.o
    0x08003aa8   0x000000a4   Code   RO         1377    i.TIM_OC3_SetConfig  stm32f1xx_hal_tim.o
    0x08003b4c   0x0000006c   Code   RO         1378    i.TIM_OC4_SetConfig  stm32f1xx_hal_tim.o
    0x08003bb8   0x0000002a   Code   RO         1380    i.TIM_TI1_ConfigInputStage  stm32f1xx_hal_tim.o
    0x08003be2   0x0000002c   Code   RO         1382    i.TIM_TI2_ConfigInputStage  stm32f1xx_hal_tim.o
    0x08003c0e   0x00000058   Code   RO          748    i.TransferData      st7586s.o
    0x08003c66   0x00000030   Code   RO         2607    i.UART_EndTransmit_IT  stm32f1xx_hal_uart.o
    0x08003c96   0x00000002   PAD
    0x08003c98   0x00000128   Code   RO         2609    i.UART_SetConfig    stm32f1xx_hal_uart.o
    0x08003dc0   0x00000072   Code   RO         2610    i.UART_Transmit_IT  stm32f1xx_hal_uart.o
    0x08003e32   0x00000002   PAD
    0x08003e34   0x00000014   Code   RO          330    i.UART_Wait         main.o
    0x08003e48   0x000000fa   Code   RO         2611    i.UART_WaitOnFlagUntilTimeout  stm32f1xx_hal_uart.o
    0x08003f42   0x00000002   PAD
    0x08003f44   0x00000010   Code   RO          331    i.USART3_IRQHandler  main.o
    0x08003f54   0x00000028   Code   RO         3923    i.__0sprintf        mc_w.l(printfa.o)
    0x08003f7c   0x0000000e   Code   RO         4009    i.__scatterload_copy  mc_w.l(handlers.o)
    0x08003f8a   0x00000002   Code   RO         4010    i.__scatterload_null  mc_w.l(handlers.o)
    0x08003f8c   0x0000000e   Code   RO         4011    i.__scatterload_zeroinit  mc_w.l(handlers.o)
    0x08003f9a   0x00000002   PAD
    0x08003f9c   0x0000015c   Code   RO         3928    i._fp_digits        mc_w.l(printfa.o)
    0x080040f8   0x000006f0   Code   RO         3929    i._printf_core      mc_w.l(printfa.o)
    0x080047e8   0x00000026   Code   RO         3930    i._printf_post_padding  mc_w.l(printfa.o)
    0x0800480e   0x00000030   Code   RO         3931    i._printf_pre_padding  mc_w.l(printfa.o)
    0x0800483e   0x0000000a   Code   RO         3933    i._sputc            mc_w.l(printfa.o)
    0x08004848   0x00000050   Code   RO         1082    i.begin_display     display.o
    0x08004898   0x00000124   Code   RO         1083    i.first_screen      display.o
    0x080049bc   0x0000000c   Code   RO          333    i.get_int_sourse    main.o
    0x080049c8   0x0000014c   Code   RO         1084    i.last_screen       display.o
    0x08004b14   0x00000260   Code   RO          334    i.main              main.o
    0x08004d74   0x00000080   Code   RO          917    i.mbInit            modbs_master.o
    0x08004df4   0x000000a0   Code   RO          918    i.mbPack            modbs_master.o
    0x08004e94   0x0000009e   Code   RO          919    i.mbParsePacket     modbs_master.o
    0x08004f32   0x0000006a   Code   RO          920    i.mb_Timer_Int      modbs_master.o
    0x08004f9c   0x0000003c   Code   RO          921    i.mb_convert_baudrate  modbs_master.o
    0x08004fd8   0x00000026   Code   RO          922    i.mb_reset_timer    modbs_master.o
    0x08004ffe   0x000000ca   Code   RO          923    i.mb_rx_func        modbs_master.o
    0x080050c8   0x0000001e   Code   RO          924    i.mb_rx_reset       modbs_master.o
    0x080050e6   0x00000076   Code   RO          925    i.mb_rx_tx_interrupt  modbs_master.o
    0x0800515c   0x00000024   Code   RO          926    i.mb_start_timer    modbs_master.o
    0x08005180   0x00000046   Code   RO          927    i.mb_start_tx       modbs_master.o
    0x080051c6   0x0000002a   Code   RO          928    i.mb_stop_tx        modbs_master.o
    0x080051f0   0x00000022   Code   RO          929    i.mb_tx_reset       modbs_master.o
    0x08005212   0x00000002   PAD
    0x08005214   0x00000034   Code   RO          751    i.pic_buf_clr       st7586s.o
    0x08005248   0x00000080   Code   RO          752    i.put_pixel         st7586s.o
    0x080052c8   0x000002a8   Code   RO         1085    i.second_screen     display.o
    0x08005570   0x00000008   Code   RO          753    i.st7586s_redraw    st7586s.o
    0x08005578   0x0000000c   Code   RO          336    i.timer_reset       main.o
    0x08005584   0x00000018   Code   RO          337    i.timer_start       main.o
    0x0800559c   0x00000040   Code   RO          338    i.uart_init         main.o
    0x080055dc   0x00000024   Code   RO          339    i.uart_recv         main.o
    0x08005600   0x00000002   Code   RO          340    i.uart_rx_en        main.o
    0x08005602   0x00000002   PAD
    0x08005604   0x00000018   Code   RO          341    i.uart_send         main.o
    0x0800561c   0x00000060   Code   RO          342    i.uart_tx_en        main.o
    0x0800567c   0x00000064   Code   RO          754    i.write_cmd         st7586s.o
    0x080056e0   0x00000070   Code   RO          755    i.write_dat         st7586s.o
    0x08005750   0x00000020   Data   RO          344    .constdata          main.o
    0x08005770   0x00000f1c   Data   RO          893    .constdata          consolas11.o
    0x0800668c   0x00000200   Data   RO          930    .constdata          modbs_master.o
    0x0800688c   0x00000010   Data   RO         1120    .constdata          system_stm32f1xx.o
    0x0800689c   0x00000010   Data   RO         2057    .constdata          stm32f1xx_hal_rcc.o
    0x080068ac   0x00000020   Data   RO         4007    Region$$Table       anon$$obj.o


    Execution Region RW_IRAM1 (Base: 0x20000000, Size: 0x00000f00, Max: 0x00002000, ABSOLUTE)

    Base Addr    Size         Type   Attr      Idx    E Section Name        Object

    0x20000000   0x0000003c   Data   RW          345    .data               main.o
    0x2000003c   0x0000000c   Data   RW          894    .data               consolas11.o
    0x20000048   0x00000015   Data   RW         1045    .data               gsad.o
    0x2000005d   0x00000003   PAD
    0x20000060   0x00000004   Data   RW         1121    .data               system_stm32f1xx.o
    0x20000064   0x00000001   Data   RW         2995    .data               stm32f1xx_hal_spi_ex.o
    0x20000065   0x00000003   PAD
    0x20000068   0x00000004   Data   RW         3045    .data               stm32f1xx_hal.o
    0x2000006c   0x00000080   Zero   RW          185    .bss                usart.o
    0x200000ec   0x0000012c   Zero   RW          240    .bss                tim.o
    0x20000218   0x000000de   Zero   RW          343    .bss                main.o
    0x200002f6   0x00000002   PAD
    0x200002f8   0x00000058   Zero   RW          628    .bss                spi.o
    0x20000350   0x00000030   Zero   RW          670    .bss                adc.o
    0x20000380   0x00000780   Zero   RW          756    .bss                st7586s.o
    0x20000b00   0x00000400   Zero   RW         3672    STACK               startup_stm32f100xb.o


==============================================================================

Image component sizes


      Code (inc. data)   RO Data    RW Data    ZI Data      Debug   Object Name

       144         22          0          0         48       1309   adc.o
        40          6       3868         12          0      16258   consolas11.o
      1384        352          0          0          0       2469   display.o
       292         22          0          0          0        871   gpio.o
       280          6          0         21          0       4048   gsad.o
      2024        270         32         60        222     198527   main.o
      1310         16        512          0          0      10130   modbs_master.o
       160         20          0          0         88       1309   spi.o
      1344         58          0          0       1920       8168   st7586s.o
        36          8        288          0       1024        716   startup_stm32f100xb.o
       112         10          0          4          0       3410   stm32f1xx_hal.o
      1200         30          0          0          0       4788   stm32f1xx_hal_adc.o
       322         22          0          0          0      26636   stm32f1xx_hal_cortex.o
       824         32          0          0          0       3227   stm32f1xx_hal_gpio.o
       120         10          0          0          0     216798   stm32f1xx_hal_msp.o
      3284        118         16          0          0       5480   stm32f1xx_hal_rcc.o
       332         12          0          0          0       1176   stm32f1xx_hal_rcc_ex.o
       128          6          0          1          0       1158   stm32f1xx_hal_spi_ex.o
      1710        110          0          0          0      10628   stm32f1xx_hal_tim.o
       178          0          0          0          0       1668   stm32f1xx_hal_tim_ex.o
      1404          6          0          0          0       6945   stm32f1xx_hal_uart.o
       252         40         16          4          0       1829   system_stm32f1xx.o
       760        102          0          0        300       4902   tim.o
       284         38          0          0        128       1903   usart.o

    ----------------------------------------------------------------------
     17948       1316       4764        108       3732     534353   Object Totals
         0          0         32          0          0          0   (incl. Generated)
        24          0          0          6          2          0   (incl. Padding)

    ----------------------------------------------------------------------

      Code (inc. data)   RO Data    RW Data    ZI Data      Debug   Library Member Name

         0          0          0          0          0          0   entry.o
         0          0          0          0          0          0   entry10a.o
         0          0          0          0          0          0   entry11a.o
         8          4          0          0          0          0   entry2.o
         4          0          0          0          0          0   entry5.o
         0          0          0          0          0          0   entry7b.o
         0          0          0          0          0          0   entry8b.o
         8          4          0          0          0          0   entry9a.o
        30          0          0          0          0          0   handlers.o
        36          8          0          0          0         68   init.o
         0          0          0          0          0          0   iusefp.o
        30          0          0          0          0         68   llshl.o
        36          0          0          0          0         68   llsshr.o
        32          0          0          0          0         68   llushr.o
        36          0          0          0          0         68   memcpya.o
      2260         86          0          0          0        512   printfa.o
        44          0          0          0          0         80   uidiv.o
        98          0          0          0          0         92   uldiv.o
        40          2          0          0          0         68   cdrcmple.o
        20          0          0          0          0         68   cfrcmple.o
        56          0          0          0          0         88   d2f.o
       334          0          0          0          0        148   dadd.o
       222          0          0          0          0        100   ddiv.o
       190          0          0          0          0        176   depilogue.o
        48          0          0          0          0         68   dfixul.o
        26          0          0          0          0         76   dfltui.o
       228          0          0          0          0         96   dmul.o
        38          0          0          0          0         68   f2d.o
       128          0          0          0          0         88   fdiv.o
       108          0          0          0          0        168   fepilogue.o
        40          0          0          0          0         68   ffixui.o
        10          0          0          0          0         68   ffltui.o

    ----------------------------------------------------------------------
      4116        104          0          0          0       2372   Library Totals
         6          0          0          0          0          0   (incl. Padding)

    ----------------------------------------------------------------------

      Code (inc. data)   RO Data    RW Data    ZI Data      Debug   Library Name

      2622        102          0          0          0       1024   mc_w.l
      1488          2          0          0          0       1348   mf_w.l

    ----------------------------------------------------------------------
      4116        104          0          0          0       2372   Library Totals

    ----------------------------------------------------------------------

==============================================================================


      Code (inc. data)   RO Data    RW Data    ZI Data      Debug   

     22064       1420       4764        108       3732     528457   Grand Totals
     22064       1420       4764        108       3732     528457   ELF Image Totals
     22064       1420       4764        108          0          0   ROM Totals

==============================================================================

    Total RO  Size (Code + RO Data)                26828 (  26.20kB)
    Total RW  Size (RW Data + ZI Data)              3840 (   3.75kB)
    Total ROM Size (Code + RO Data + RW Data)      26936 (  26.30kB)

==============================================================================

